Archive member included to satisfy reference by file (symbol)

/Users/talman/Documents/workspace/pdm_mic5/pdm_filter/libPDMFilter_CM4F_GCC.a(pdm_filter.o)
                              ./src/main.o (PDM_Filter_Init)
/usr/local/gcc-arm-none-eabi-5_2-2015q4/bin/../lib/gcc/arm-none-eabi/5.2.1/../../../../arm-none-eabi/lib/armv7e-m/fpu/libstdc++_nano.a(del_opv.o)
                              ./src/RingBuffer.o (operator delete[](void*))
/usr/local/gcc-arm-none-eabi-5_2-2015q4/bin/../lib/gcc/arm-none-eabi/5.2.1/../../../../arm-none-eabi/lib/armv7e-m/fpu/libstdc++_nano.a(new_opv.o)
                              ./src/RingBuffer.o (operator new[](unsigned int))
/usr/local/gcc-arm-none-eabi-5_2-2015q4/bin/../lib/gcc/arm-none-eabi/5.2.1/../../../../arm-none-eabi/lib/armv7e-m/fpu/libstdc++_nano.a(del_op.o)
                              /usr/local/gcc-arm-none-eabi-5_2-2015q4/bin/../lib/gcc/arm-none-eabi/5.2.1/../../../../arm-none-eabi/lib/armv7e-m/fpu/libstdc++_nano.a(del_opv.o) (operator delete(void*))
/usr/local/gcc-arm-none-eabi-5_2-2015q4/bin/../lib/gcc/arm-none-eabi/5.2.1/../../../../arm-none-eabi/lib/armv7e-m/fpu/libstdc++_nano.a(new_op.o)
                              /usr/local/gcc-arm-none-eabi-5_2-2015q4/bin/../lib/gcc/arm-none-eabi/5.2.1/../../../../arm-none-eabi/lib/armv7e-m/fpu/libstdc++_nano.a(new_opv.o) (operator new(unsigned int))
/usr/local/gcc-arm-none-eabi-5_2-2015q4/bin/../lib/gcc/arm-none-eabi/5.2.1/../../../../arm-none-eabi/lib/armv7e-m/fpu/libstdc++_nano.a(new_handler.o)
                              /usr/local/gcc-arm-none-eabi-5_2-2015q4/bin/../lib/gcc/arm-none-eabi/5.2.1/../../../../arm-none-eabi/lib/armv7e-m/fpu/libstdc++_nano.a(new_op.o) (std::get_new_handler())
/usr/local/gcc-arm-none-eabi-5_2-2015q4/bin/../lib/gcc/arm-none-eabi/5.2.1/../../../../arm-none-eabi/lib/armv7e-m/fpu/libm.a(lib_a-s_cos.o)
                              /Users/talman/Documents/workspace/pdm_mic5/pdm_filter/libPDMFilter_CM4F_GCC.a(pdm_filter.o) (cos)
/usr/local/gcc-arm-none-eabi-5_2-2015q4/bin/../lib/gcc/arm-none-eabi/5.2.1/../../../../arm-none-eabi/lib/armv7e-m/fpu/libm.a(lib_a-w_sqrt.o)
                              /Users/talman/Documents/workspace/pdm_mic5/pdm_filter/libPDMFilter_CM4F_GCC.a(pdm_filter.o) (sqrt)
/usr/local/gcc-arm-none-eabi-5_2-2015q4/bin/../lib/gcc/arm-none-eabi/5.2.1/../../../../arm-none-eabi/lib/armv7e-m/fpu/libm.a(lib_a-e_rem_pio2.o)
                              /usr/local/gcc-arm-none-eabi-5_2-2015q4/bin/../lib/gcc/arm-none-eabi/5.2.1/../../../../arm-none-eabi/lib/armv7e-m/fpu/libm.a(lib_a-s_cos.o) (__ieee754_rem_pio2)
/usr/local/gcc-arm-none-eabi-5_2-2015q4/bin/../lib/gcc/arm-none-eabi/5.2.1/../../../../arm-none-eabi/lib/armv7e-m/fpu/libm.a(lib_a-e_sqrt.o)
                              /usr/local/gcc-arm-none-eabi-5_2-2015q4/bin/../lib/gcc/arm-none-eabi/5.2.1/../../../../arm-none-eabi/lib/armv7e-m/fpu/libm.a(lib_a-w_sqrt.o) (__ieee754_sqrt)
/usr/local/gcc-arm-none-eabi-5_2-2015q4/bin/../lib/gcc/arm-none-eabi/5.2.1/../../../../arm-none-eabi/lib/armv7e-m/fpu/libm.a(lib_a-k_cos.o)
                              /usr/local/gcc-arm-none-eabi-5_2-2015q4/bin/../lib/gcc/arm-none-eabi/5.2.1/../../../../arm-none-eabi/lib/armv7e-m/fpu/libm.a(lib_a-s_cos.o) (__kernel_cos)
/usr/local/gcc-arm-none-eabi-5_2-2015q4/bin/../lib/gcc/arm-none-eabi/5.2.1/../../../../arm-none-eabi/lib/armv7e-m/fpu/libm.a(lib_a-k_rem_pio2.o)
                              /usr/local/gcc-arm-none-eabi-5_2-2015q4/bin/../lib/gcc/arm-none-eabi/5.2.1/../../../../arm-none-eabi/lib/armv7e-m/fpu/libm.a(lib_a-e_rem_pio2.o) (__kernel_rem_pio2)
/usr/local/gcc-arm-none-eabi-5_2-2015q4/bin/../lib/gcc/arm-none-eabi/5.2.1/../../../../arm-none-eabi/lib/armv7e-m/fpu/libm.a(lib_a-k_sin.o)
                              /usr/local/gcc-arm-none-eabi-5_2-2015q4/bin/../lib/gcc/arm-none-eabi/5.2.1/../../../../arm-none-eabi/lib/armv7e-m/fpu/libm.a(lib_a-s_cos.o) (__kernel_sin)
/usr/local/gcc-arm-none-eabi-5_2-2015q4/bin/../lib/gcc/arm-none-eabi/5.2.1/../../../../arm-none-eabi/lib/armv7e-m/fpu/libm.a(lib_a-s_fabs.o)
                              /usr/local/gcc-arm-none-eabi-5_2-2015q4/bin/../lib/gcc/arm-none-eabi/5.2.1/../../../../arm-none-eabi/lib/armv7e-m/fpu/libm.a(lib_a-e_rem_pio2.o) (fabs)
/usr/local/gcc-arm-none-eabi-5_2-2015q4/bin/../lib/gcc/arm-none-eabi/5.2.1/../../../../arm-none-eabi/lib/armv7e-m/fpu/libm.a(lib_a-s_floor.o)
                              /usr/local/gcc-arm-none-eabi-5_2-2015q4/bin/../lib/gcc/arm-none-eabi/5.2.1/../../../../arm-none-eabi/lib/armv7e-m/fpu/libm.a(lib_a-k_rem_pio2.o) (floor)
/usr/local/gcc-arm-none-eabi-5_2-2015q4/bin/../lib/gcc/arm-none-eabi/5.2.1/../../../../arm-none-eabi/lib/armv7e-m/fpu/libm.a(lib_a-s_fpclassify.o)
                              /usr/local/gcc-arm-none-eabi-5_2-2015q4/bin/../lib/gcc/arm-none-eabi/5.2.1/../../../../arm-none-eabi/lib/armv7e-m/fpu/libm.a(lib_a-w_sqrt.o) (__fpclassifyd)
[...]
Memory Configuration

Name             Origin             Length             Attributes
RAM              0x0000000020000000 0x0000000000020000 xrw
CCMRAM           0x0000000010000000 0x0000000000010000 xrw
FLASH            0x0000000008000000 0x0000000000100000 xr
FLASHB1          0x0000000000000000 0x0000000000000000 xr
EXTMEMB0         0x0000000000000000 0x0000000000000000 xr
EXTMEMB1         0x0000000000000000 0x0000000000000000 xr
EXTMEMB2         0x0000000000000000 0x0000000000000000 xr
EXTMEMB3         0x0000000000000000 0x0000000000000000 xr
MEMORY_ARRAY     0x0000000020002000 0x0000000000000020 xrw
*default*        0x0000000000000000 0xffffffffffffffff

Linker script and memory map

LOAD ./system/src/stm32f4-hal/stm32f4xx_hal.o
LOAD ./system/src/stm32f4-hal/stm32f4xx_hal_adc.o
LOAD ./system/src/stm32f4-hal/stm32f4xx_hal_adc_ex.o
LOAD ./system/src/stm32f4-hal/stm32f4xx_hal_cortex.o
LOAD ./system/src/stm32f4-hal/stm32f4xx_hal_dac.o
LOAD ./system/src/stm32f4-hal/stm32f4xx_hal_dac_ex.o
LOAD ./system/src/stm32f4-hal/stm32f4xx_hal_dma.o
LOAD ./system/src/stm32f4-hal/stm32f4xx_hal_dma_ex.o
LOAD ./system/src/stm32f4-hal/stm32f4xx_hal_flash.o
LOAD ./system/src/stm32f4-hal/stm32f4xx_hal_flash_ex.o
LOAD ./system/src/stm32f4-hal/stm32f4xx_hal_flash_ramfunc.o
LOAD ./system/src/stm32f4-hal/stm32f4xx_hal_gpio.o
LOAD ./system/src/stm32f4-hal/stm32f4xx_hal_i2s.o
LOAD ./system/src/stm32f4-hal/stm32f4xx_hal_i2s_ex.o
LOAD ./system/src/stm32f4-hal/stm32f4xx_hal_pwr.o
LOAD ./system/src/stm32f4-hal/stm32f4xx_hal_pwr_ex.o
LOAD ./system/src/stm32f4-hal/stm32f4xx_hal_rcc.o
LOAD ./system/src/stm32f4-hal/stm32f4xx_hal_rcc_ex.o
LOAD ./system/src/stm32f4-hal/stm32f4xx_hal_tim.o
LOAD ./system/src/stm32f4-hal/stm32f4xx_hal_tim_ex.o
LOAD ./system/src/stm32f4-hal/stm32f4xx_hal_uart.o
LOAD ./system/src/newlib/_cxx.o
LOAD ./system/src/newlib/_exit.o
LOAD ./system/src/newlib/_sbrk.o
LOAD ./system/src/newlib/_startup.o
LOAD ./system/src/newlib/_syscalls.o
LOAD ./system/src/newlib/assert.o
LOAD ./system/src/diag/Trace.o
LOAD ./system/src/diag/trace_impl.o
LOAD ./system/src/cortexm/_initialize_hardware.o
LOAD ./system/src/cortexm/_reset_hardware.o
LOAD ./system/src/cortexm/exception_handlers.o
LOAD ./system/src/cmsis/system_stm32f4xx.o
LOAD ./system/src/cmsis/vectors_stm32f446xx.o
LOAD ./src/BlinkLed.o
LOAD ./src/RingBuffer.o
LOAD ./src/Timer.o
LOAD ./src/_write.o
LOAD ./src/main.o
LOAD ./src/stm32f4xx_hal_msp.o
LOAD ./src/stm32f4xx_it.o
LOAD /Users/talman/Documents/workspace/pdm_mic5/pdm_filter/libPDMFilter_CM4F_GCC.a
LOAD /usr/local/gcc-arm-none-eabi-5_2-2015q4/bin/../lib/gcc/arm-none-eabi/5.2.1/../../../../arm-none-eabi/lib/armv7e-m/fpu/libstdc++_nano.a
LOAD /usr/local/gcc-arm-none-eabi-5_2-2015q4/bin/../lib/gcc/arm-none-eabi/5.2.1/../../../../arm-none-eabi/lib/armv7e-m/fpu/libm.a
START GROUP
LOAD /usr/local/gcc-arm-none-eabi-5_2-2015q4/bin/../lib/gcc/arm-none-eabi/5.2.1/armv7e-m/fpu/libgcc.a
LOAD /usr/local/gcc-arm-none-eabi-5_2-2015q4/bin/../lib/gcc/arm-none-eabi/5.2.1/../../../../arm-none-eabi/lib/armv7e-m/fpu/libg_nano.a
LOAD /usr/local/gcc-arm-none-eabi-5_2-2015q4/bin/../lib/gcc/arm-none-eabi/5.2.1/../../../../arm-none-eabi/lib/armv7e-m/fpu/libc_nano.a
END GROUP
START GROUP
LOAD /usr/local/gcc-arm-none-eabi-5_2-2015q4/bin/../lib/gcc/arm-none-eabi/5.2.1/armv7e-m/fpu/libgcc.a
LOAD /usr/local/gcc-arm-none-eabi-5_2-2015q4/bin/../lib/gcc/arm-none-eabi/5.2.1/../../../../arm-none-eabi/lib/armv7e-m/fpu/libc_nano.a
END GROUP
                0x0000000020020000                __stack = (ORIGIN (RAM) + LENGTH (RAM))
                0x0000000020020000                _estack = __stack
                0x0000000000000400                __Main_Stack_Size = 0x400
                [!provide]                        PROVIDE (_Main_Stack_Size, __Main_Stack_Size)
                0x000000002001fc00                __Main_Stack_Limit = (__stack - __Main_Stack_Size)
                [!provide]                        PROVIDE (_Main_Stack_Limit, __Main_Stack_Limit)
                0x0000000000000100                _Minimum_Stack_Size = 0x100
                0x0000000020000e30                PROVIDE (_Heap_Begin, _end_noinit)
                0x000000002001fc00                PROVIDE (_Heap_Limit, (__stack - __Main_Stack_Size))

.isr_vector     0x0000000008000000      0x428
 FILL mask 0xff
                0x0000000008000000                __vectors_start = ABSOLUTE (.)
                0x0000000008000000                __vectors_start__ = ABSOLUTE (.)
 *(.isr_vector)
 .isr_vector    0x0000000008000000      0x1c4 ./system/src/cmsis/vectors_stm32f446xx.o
                0x0000000008000000                __isr_vectors
 *(.cfmconfig)
 *(.after_vectors .after_vectors.*)
 .after_vectors
                0x00000000080001c4      0x130 ./system/src/newlib/_startup.o
                0x00000000080001c4                _start
 .after_vectors
                0x00000000080002f4      0x130 ./system/src/cortexm/exception_handlers.o
                0x00000000080002f4                Reset_Handler
                0x00000000080002fc                NMI_Handler
                0x0000000008000300                HardFault_Handler
                0x0000000008000314                HardFault_Handler_C
                0x0000000008000374                MemManage_Handler
                0x0000000008000378                BusFault_Handler
                0x000000000800038c                BusFault_Handler_C
                0x00000000080003c0                UsageFault_Handler
                0x00000000080003d4                UsageFault_Handler_C
                0x0000000008000408                SVC_Handler
                0x000000000800040c                DebugMon_Handler
                0x0000000008000410                PendSV_Handler
 .after_vectors
                0x0000000008000424        0x4 ./system/src/cmsis/vectors_stm32f446xx.o
                0x0000000008000424                SAI1_IRQHandler
                0x0000000008000424                EXTI2_IRQHandler
                0x0000000008000424                TIM8_CC_IRQHandler
                0x0000000008000424                SPI4_IRQHandler
                0x0000000008000424                TIM1_CC_IRQHandler
                0x0000000008000424                DMA2_Stream5_IRQHandler
                0x0000000008000424                DMA1_Stream5_IRQHandler
                0x0000000008000424                PVD_IRQHandler
                0x0000000008000424                SDIO_IRQHandler
                0x0000000008000424                TAMP_STAMP_IRQHandler
                0x0000000008000424                CAN2_RX1_IRQHandler
                0x0000000008000424                EXTI3_IRQHandler
                0x0000000008000424                TIM8_TRG_COM_TIM14_IRQHandler
                0x0000000008000424                TIM1_UP_TIM10_IRQHandler
                0x0000000008000424                TIM8_UP_TIM13_IRQHandler
                0x0000000008000424                I2C3_ER_IRQHandler
                0x0000000008000424                EXTI0_IRQHandler
                0x0000000008000424                I2C2_EV_IRQHandler
                0x0000000008000424                DMA1_Stream2_IRQHandler
                0x0000000008000424                CAN1_RX0_IRQHandler
                0x0000000008000424                FPU_IRQHandler
                0x0000000008000424                OTG_HS_WKUP_IRQHandler
                0x0000000008000424                CAN2_SCE_IRQHandler
                0x0000000008000424                DMA2_Stream2_IRQHandler
                0x0000000008000424                SPI1_IRQHandler
                0x0000000008000424                TIM6_DAC_IRQHandler
                0x0000000008000424                TIM1_BRK_TIM9_IRQHandler
                0x0000000008000424                DCMI_IRQHandler
                0x0000000008000424                CAN2_RX0_IRQHandler
                0x0000000008000424                DMA2_Stream3_IRQHandler
                0x0000000008000424                SAI2_IRQHandler
                0x0000000008000424                USART6_IRQHandler
                0x0000000008000424                USART3_IRQHandler
                0x0000000008000424                CAN1_RX1_IRQHandler
                0x0000000008000424                UART5_IRQHandler
                0x0000000008000424                DMA2_Stream0_IRQHandler
                0x0000000008000424                I2C4_Error_IRQHandler
                0x0000000008000424                TIM4_IRQHandler
                0x0000000008000424                QUADSPI_IRQHandler
                0x0000000008000424                I2C1_EV_IRQHandler
                0x0000000008000424                DMA1_Stream6_IRQHandler
                0x0000000008000424                DMA1_Stream1_IRQHandler
                0x0000000008000424                UART4_IRQHandler
                0x0000000008000424                RCC_IRQHandler
                0x0000000008000424                TIM8_BRK_TIM12_IRQHandler
                0x0000000008000424                Default_Handler
                0x0000000008000424                CEC_IRQHandler
                0x0000000008000424                EXTI15_10_IRQHandler
                0x0000000008000424                ADC_IRQHandler
                0x0000000008000424                DMA1_Stream7_IRQHandler
                0x0000000008000424                TIM7_IRQHandler
                0x0000000008000424                CAN2_TX_IRQHandler
                0x0000000008000424                TIM5_IRQHandler
                0x0000000008000424                DMA2_Stream7_IRQHandler
                0x0000000008000424                I2C3_EV_IRQHandler
                0x0000000008000424                EXTI9_5_IRQHandler
                0x0000000008000424                RTC_WKUP_IRQHandler
                0x0000000008000424                SPDIF_RX_IRQHandler
                0x0000000008000424                SPI2_IRQHandler
                0x0000000008000424                OTG_HS_EP1_IN_IRQHandler
                0x0000000008000424                DMA1_Stream0_IRQHandler
                0x0000000008000424                CAN1_TX_IRQHandler
                0x0000000008000424                EXTI4_IRQHandler
                0x0000000008000424                OTG_HS_EP1_OUT_IRQHandler
                0x0000000008000424                WWDG_IRQHandler
                0x0000000008000424                TIM2_IRQHandler
                0x0000000008000424                OTG_FS_WKUP_IRQHandler
                0x0000000008000424                TIM1_TRG_COM_TIM11_IRQHandler
                0x0000000008000424                OTG_HS_IRQHandler
                0x0000000008000424                EXTI1_IRQHandler
                0x0000000008000424                USART2_IRQHandler
                0x0000000008000424                I2C2_ER_IRQHandler
                0x0000000008000424                DMA2_Stream1_IRQHandler
                0x0000000008000424                CAN1_SCE_IRQHandler
                0x0000000008000424                FLASH_IRQHandler
                0x0000000008000424                DMA2_Stream4_IRQHandler
                0x0000000008000424                USART1_IRQHandler
                0x0000000008000424                OTG_FS_IRQHandler
                0x0000000008000424                SPI3_IRQHandler
                0x0000000008000424                DMA1_Stream4_IRQHandler
                0x0000000008000424                I2C1_ER_IRQHandler
                0x0000000008000424                FMC_IRQHandler
                0x0000000008000424                I2C4_Event_IRQHandler
                0x0000000008000424                DMA2_Stream6_IRQHandler
                0x0000000008000424                RTC_Alarm_IRQHandler

.inits          0x0000000008000428       0x30
                0x0000000008000428                __data_regions_array_start = .
                0x0000000008000428        0x4 LONG 0x8008648 LOADADDR (.data)
                0x000000000800042c        0x4 LONG 0x20000000 ADDR (.data)
                0x0000000008000430        0x4 LONG 0x200003fc (ADDR (.data) + SIZEOF (.data))
                0x0000000008000434        0x4 LONG 0x8008648 LOADADDR (.data_CCMRAM)
                0x0000000008000438        0x4 LONG 0x10000000 ADDR (.data_CCMRAM)
                0x000000000800043c        0x4 LONG 0x10000000 (ADDR (.data_CCMRAM) + SIZEOF (.data_CCMRAM))
                0x0000000008000440                __data_regions_array_end = .
                0x0000000008000440                __bss_regions_array_start = .
                0x0000000008000440        0x4 LONG 0x200003fc ADDR (.bss)
                0x0000000008000444        0x4 LONG 0x20000e30 (ADDR (.bss) + SIZEOF (.bss))
                0x0000000008000448        0x4 LONG 0x10000000 ADDR (.bss_CCMRAM)
                0x000000000800044c        0x4 LONG 0x10000000 (ADDR (.bss_CCMRAM) + SIZEOF (.bss_CCMRAM))
                0x0000000008000450                __bss_regions_array_end = .
 *(.init)
 *(.fini)
                0x0000000008000450                . = ALIGN (0x4)
                0x0000000008000450                PROVIDE (__preinit_array_start, .)
 *(.preinit_array_sysinit .preinit_array_sysinit.*)
 *(.preinit_array_platform .preinit_array_platform.*)
 *(.preinit_array .preinit_array.*)
                0x0000000008000450                PROVIDE (__preinit_array_end, .)
                0x0000000008000450                . = ALIGN (0x4)
                0x0000000008000450                PROVIDE (__init_array_start, .)
 *(SORT(.init_array.*))
 *(.init_array)
 .init_array    0x0000000008000450        0x4 ./src/main.o
                0x0000000008000454                PROVIDE (__init_array_end, .)
                0x0000000008000454                . = ALIGN (0x4)
                0x0000000008000454                PROVIDE (__fini_array_start, .)
 *(SORT(.fini_array.*))
 *(.fini_array)
 .fini_array    0x0000000008000454        0x4 ./src/main.o
                0x0000000008000458                PROVIDE (__fini_array_end, .)

.flashtext
 *(.flashtext .flashtext.*)

.text           0x0000000008000460     0x81e7
 *(.text .text.*)
 .text.HAL_InitTick
                0x0000000008000460       0x28 ./system/src/stm32f4-hal/stm32f4xx_hal.o
                0x0000000008000460                HAL_InitTick
 .text.HAL_Init
                0x0000000008000488       0x34 ./system/src/stm32f4-hal/stm32f4xx_hal.o
                0x0000000008000488                HAL_Init
 .text.HAL_IncTick
                0x00000000080004bc       0x10 ./system/src/stm32f4-hal/stm32f4xx_hal.o
                0x00000000080004bc                HAL_IncTick
 .text.HAL_GetTick
                0x00000000080004cc        0xc ./system/src/stm32f4-hal/stm32f4xx_hal.o
                0x00000000080004cc                HAL_GetTick
 .text.ADC_Init
                0x00000000080004d8      0x154 ./system/src/stm32f4-hal/stm32f4xx_hal_adc.o
 .text.HAL_ADC_Init
                0x000000000800062c      0x1d4 ./system/src/stm32f4-hal/stm32f4xx_hal_adc.o
                0x000000000800062c                HAL_ADC_Init
 .text.HAL_ADC_ConfigChannel
                0x0000000008000800      0x1cc ./system/src/stm32f4-hal/stm32f4xx_hal_adc.o
                0x0000000008000800                HAL_ADC_ConfigChannel
 .text.HAL_NVIC_SetPriorityGrouping
                0x00000000080009cc       0x3c ./system/src/stm32f4-hal/stm32f4xx_hal_cortex.o
                0x00000000080009cc                HAL_NVIC_SetPriorityGrouping
 .text.HAL_NVIC_SetPriority
                0x0000000008000a08       0x84 ./system/src/stm32f4-hal/stm32f4xx_hal_cortex.o
                0x0000000008000a08                HAL_NVIC_SetPriority
 .text.HAL_NVIC_EnableIRQ
                0x0000000008000a8c       0x2c ./system/src/stm32f4-hal/stm32f4xx_hal_cortex.o
                0x0000000008000a8c                HAL_NVIC_EnableIRQ
 .text.HAL_SYSTICK_Config
                0x0000000008000ab8       0x2c ./system/src/stm32f4-hal/stm32f4xx_hal_cortex.o
                0x0000000008000ab8                HAL_SYSTICK_Config
 .text.HAL_NVIC_ClearPendingIRQ
                0x0000000008000ae4       0x30 ./system/src/stm32f4-hal/stm32f4xx_hal_cortex.o
                0x0000000008000ae4                HAL_NVIC_ClearPendingIRQ
 .text.HAL_SYSTICK_CLKSourceConfig
                0x0000000008000b14       0x38 ./system/src/stm32f4-hal/stm32f4xx_hal_cortex.o
                0x0000000008000b14                HAL_SYSTICK_CLKSourceConfig
 .text.HAL_DAC_Init
                0x0000000008000b4c       0x44 ./system/src/stm32f4-hal/stm32f4xx_hal_dac.o
                0x0000000008000b4c                HAL_DAC_Init
 .text.HAL_DAC_Start
                0x0000000008000b90       0x80 ./system/src/stm32f4-hal/stm32f4xx_hal_dac.o
                0x0000000008000b90                HAL_DAC_Start
 .text.HAL_DAC_ConfigChannel
                0x0000000008000c10       0xa0 ./system/src/stm32f4-hal/stm32f4xx_hal_dac.o
                0x0000000008000c10                HAL_DAC_ConfigChannel
 .text.HAL_DAC_SetValue
                0x0000000008000cb0       0x6c ./system/src/stm32f4-hal/stm32f4xx_hal_dac.o
                0x0000000008000cb0                HAL_DAC_SetValue
 .text.DMA_CalcBaseAndBitshift
                0x0000000008000d1c       0x3c ./system/src/stm32f4-hal/stm32f4xx_hal_dma.o
 .text.HAL_DMA_Init
                0x0000000008000d58      0x220 ./system/src/stm32f4-hal/stm32f4xx_hal_dma.o
                0x0000000008000d58                HAL_DMA_Init
 .text.HAL_DMA_IRQHandler
                0x0000000008000f78      0x1b4 ./system/src/stm32f4-hal/stm32f4xx_hal_dma.o
                0x0000000008000f78                HAL_DMA_IRQHandler
 .text.DMA_MultiBufferSetConfig
                0x000000000800112c       0x24 ./system/src/stm32f4-hal/stm32f4xx_hal_dma_ex.o
 .text.HAL_DMAEx_MultiBufferStart_IT
                0x0000000008001150       0xb8 ./system/src/stm32f4-hal/stm32f4xx_hal_dma_ex.o
                0x0000000008001150                HAL_DMAEx_MultiBufferStart_IT
 .text.HAL_GPIO_Init
                0x0000000008001208      0x34c ./system/src/stm32f4-hal/stm32f4xx_hal_gpio.o
                0x0000000008001208                HAL_GPIO_Init
 .text.HAL_GPIO_WritePin
                0x0000000008001554       0x34 ./system/src/stm32f4-hal/stm32f4xx_hal_gpio.o
                0x0000000008001554                HAL_GPIO_WritePin
 .text.HAL_I2S_Init
                0x0000000008001588      0x1b4 ./system/src/stm32f4-hal/stm32f4xx_hal_i2s.o
                0x0000000008001588                HAL_I2S_Init
 .text.I2S_GetInputClock
                0x000000000800173c       0xc0 ./system/src/stm32f4-hal/stm32f4xx_hal_i2s_ex.o
                0x000000000800173c                I2S_GetInputClock
 .text.HAL_PWREx_EnableOverDrive
                0x00000000080017fc       0xa4 ./system/src/stm32f4-hal/stm32f4xx_hal_pwr_ex.o
                0x00000000080017fc                HAL_PWREx_EnableOverDrive
 .text.HAL_RCC_ClockConfig
                0x00000000080018a0      0x22c ./system/src/stm32f4-hal/stm32f4xx_hal_rcc.o
                0x00000000080018a0                HAL_RCC_ClockConfig
 .text.HAL_RCC_GetHCLKFreq
                0x0000000008001acc       0x34 ./system/src/stm32f4-hal/stm32f4xx_hal_rcc.o
                0x0000000008001acc                HAL_RCC_GetHCLKFreq
 .text.HAL_RCC_GetPCLK1Freq
                0x0000000008001b00       0x30 ./system/src/stm32f4-hal/stm32f4xx_hal_rcc.o
                0x0000000008001b00                HAL_RCC_GetPCLK1Freq
 .text.HAL_RCC_GetPCLK2Freq
                0x0000000008001b30       0x30 ./system/src/stm32f4-hal/stm32f4xx_hal_rcc.o
                0x0000000008001b30                HAL_RCC_GetPCLK2Freq
 .text.HAL_RCCEx_PeriphCLKConfig
                0x0000000008001b60      0x854 ./system/src/stm32f4-hal/stm32f4xx_hal_rcc_ex.o
                0x0000000008001b60                HAL_RCCEx_PeriphCLKConfig
 .text.HAL_RCC_OscConfig
                0x00000000080023b4      0x4e4 ./system/src/stm32f4-hal/stm32f4xx_hal_rcc_ex.o
                0x00000000080023b4                HAL_RCC_OscConfig
 .text.HAL_RCC_GetSysClockFreq
                0x0000000008002898      0x118 ./system/src/stm32f4-hal/stm32f4xx_hal_rcc_ex.o
                0x0000000008002898                HAL_RCC_GetSysClockFreq
 .text.HAL_TIM_Base_Start_IT
                0x00000000080029b0       0x9c ./system/src/stm32f4-hal/stm32f4xx_hal_tim.o
                0x00000000080029b0                HAL_TIM_Base_Start_IT
 .text.HAL_TIM_OC_DelayElapsedCallback
                0x0000000008002a4c        0x4 ./system/src/stm32f4-hal/stm32f4xx_hal_tim.o
                0x0000000008002a4c                HAL_TIM_OC_DelayElapsedCallback
 .text.HAL_TIM_IC_CaptureCallback
                0x0000000008002a50        0x4 ./system/src/stm32f4-hal/stm32f4xx_hal_tim.o
                0x0000000008002a50                HAL_TIM_IC_CaptureCallback
 .text.HAL_TIM_PWM_PulseFinishedCallback
                0x0000000008002a54        0x4 ./system/src/stm32f4-hal/stm32f4xx_hal_tim.o
                0x0000000008002a54                HAL_TIM_PWM_PulseFinishedCallback
 .text.HAL_TIM_TriggerCallback
                0x0000000008002a58        0x4 ./system/src/stm32f4-hal/stm32f4xx_hal_tim.o
                0x0000000008002a58                HAL_TIM_TriggerCallback
 .text.HAL_TIM_IRQHandler
                0x0000000008002a5c      0x174 ./system/src/stm32f4-hal/stm32f4xx_hal_tim.o
                0x0000000008002a5c                HAL_TIM_IRQHandler
 .text.TIM_Base_SetConfig
                0x0000000008002bd0      0x11c ./system/src/stm32f4-hal/stm32f4xx_hal_tim.o
                0x0000000008002bd0                TIM_Base_SetConfig
 .text.HAL_TIM_Base_Init
                0x0000000008002cec       0xec ./system/src/stm32f4-hal/stm32f4xx_hal_tim.o
                0x0000000008002cec                HAL_TIM_Base_Init
 .text.HAL_TIMEx_CommutationCallback
                0x0000000008002dd8        0x4 ./system/src/stm32f4-hal/stm32f4xx_hal_tim_ex.o
                0x0000000008002dd8                HAL_TIMEx_CommutationCallback
 .text.HAL_TIMEx_BreakCallback
                0x0000000008002ddc        0x4 ./system/src/stm32f4-hal/stm32f4xx_hal_tim_ex.o
                0x0000000008002ddc                HAL_TIMEx_BreakCallback
 .text.UART_SetConfig
                0x0000000008002de0      0x390 ./system/src/stm32f4-hal/stm32f4xx_hal_uart.o
 .text.HAL_UART_Init
                0x0000000008003170      0x120 ./system/src/stm32f4-hal/stm32f4xx_hal_uart.o
                0x0000000008003170                HAL_UART_Init
 .text.abort    0x0000000008003290       0x14 ./system/src/newlib/_exit.o
                0x0000000008003290                abort
 .text._sbrk    0x00000000080032a4       0x44 ./system/src/newlib/_sbrk.o
                0x00000000080032a4                _sbrk
 .text.get_errno
                0x00000000080032e8       0x14 ./system/src/newlib/_syscalls.o
 .text.error    0x00000000080032fc       0x14 ./system/src/newlib/_syscalls.o
 .text.checkerror
                0x0000000008003310       0x10 ./system/src/newlib/_syscalls.o
 .text.findslot
                0x0000000008003320       0x3c ./system/src/newlib/_syscalls.o
 .text._exit    0x000000000800335c       0x20 ./system/src/newlib/_syscalls.o
                0x000000000800335c                _exit
 .text.initialise_monitor_handles
                0x000000000800337c       0xa8 ./system/src/newlib/_syscalls.o
                0x000000000800337c                initialise_monitor_handles
 .text.__initialize_args
                0x0000000008003424       0xe0 ./system/src/newlib/_syscalls.o
                0x0000000008003424                __initialize_args
 .text._swiread
                0x0000000008003504       0x20 ./system/src/newlib/_syscalls.o
                0x0000000008003504                _swiread
 .text._read    0x0000000008003524       0x38 ./system/src/newlib/_syscalls.o
                0x0000000008003524                _read
 .text._swilseek
                0x000000000800355c       0xbc ./system/src/newlib/_syscalls.o
                0x000000000800355c                _swilseek
 .text._lseek   0x0000000008003618        0x8 ./system/src/newlib/_syscalls.o
                0x0000000008003618                _lseek
 .text._swiwrite
                0x0000000008003620       0x20 ./system/src/newlib/_syscalls.o
                0x0000000008003620                _swiwrite
 .text._write   0x0000000008003640       0x44 ./system/src/newlib/_syscalls.o
                0x0000000008003640                _write
 .text._swiclose
                0x0000000008003684       0x20 ./system/src/newlib/_syscalls.o
                0x0000000008003684                _swiclose
 .text._close   0x00000000080036a4       0x4c ./system/src/newlib/_syscalls.o
                0x00000000080036a4                _close
 .text._swistat
                0x00000000080036f0       0x4c ./system/src/newlib/_syscalls.o
                0x00000000080036f0                _swistat
 .text._fstat   0x000000000800373c       0x1c ./system/src/newlib/_syscalls.o
                0x000000000800373c                _fstat
 .text._isatty  0x0000000008003758       0x38 ./system/src/newlib/_syscalls.o
                0x0000000008003758                _isatty
 .text.trace_printf
                0x0000000008003790       0x30 ./system/src/diag/Trace.o
                0x0000000008003790                trace_printf
 .text.trace_puts
                0x00000000080037c0       0x20 ./system/src/diag/Trace.o
                0x00000000080037c0                trace_puts
 .text.trace_dump_args
                0x00000000080037e0       0x44 ./system/src/diag/Trace.o
                0x00000000080037e0                trace_dump_args
 .text._trace_write_semihosting_debug
                0x0000000008003824       0x64 ./system/src/diag/trace_impl.o
 .text.trace_write
                0x0000000008003888        0x8 ./system/src/diag/trace_impl.o
                0x0000000008003888                trace_write
 .text.__initialize_hardware_early
                0x0000000008003890       0x24 ./system/src/cortexm/_initialize_hardware.o
                0x0000000008003890                __initialize_hardware_early
 .text.__initialize_hardware
                0x00000000080038b4        0x8 ./system/src/cortexm/_initialize_hardware.o
                0x00000000080038b4                __initialize_hardware
 .text.dumpExceptionStack
                0x00000000080038bc       0xf0 ./system/src/cortexm/exception_handlers.o
                0x00000000080038bc                dumpExceptionStack
 .text.isSemihosting
                0x00000000080039ac      0x100 ./system/src/cortexm/exception_handlers.o
                0x00000000080039ac                isSemihosting
 .text.SystemInit
                0x0000000008003aac       0x4c ./system/src/cmsis/system_stm32f4xx.o
                0x0000000008003aac                SystemInit
 .text.SystemCoreClockUpdate
                0x0000000008003af8       0xa0 ./system/src/cmsis/system_stm32f4xx.o
                0x0000000008003af8                SystemCoreClockUpdate
 .text._ZN8BlinkLedC2Ejjb
                0x0000000008003b98       0x18 ./src/BlinkLed.o
                0x0000000008003b98                BlinkLed::BlinkLed(unsigned int, unsigned int, bool)
                0x0000000008003b98                BlinkLed::BlinkLed(unsigned int, unsigned int, bool)
 .text._ZN8BlinkLed7turnOffEv
                0x0000000008003bb0       0x2c ./src/BlinkLed.o
                0x0000000008003bb0                BlinkLed::turnOff()
 .text._ZN8BlinkLed7powerUpEv
                0x0000000008003bdc       0x40 ./src/BlinkLed.o
                0x0000000008003bdc                BlinkLed::powerUp()
 .text._ZN10RingBufferC2Ei
                0x0000000008003c1c       0x28 ./src/RingBuffer.o
                0x0000000008003c1c                RingBuffer::RingBuffer(int)
                0x0000000008003c1c                RingBuffer::RingBuffer(int)
 .text._ZN10RingBufferD2Ev
                0x0000000008003c44       0x10 ./src/RingBuffer.o
                0x0000000008003c44                RingBuffer::~RingBuffer()
                0x0000000008003c44                RingBuffer::~RingBuffer()
 .text._ZN10RingBuffer3putEt
                0x0000000008003c54       0x28 ./src/RingBuffer.o
                0x0000000008003c54                RingBuffer::put(unsigned short)
 .text._ZN10RingBuffer3getEPt
                0x0000000008003c7c       0x2c ./src/RingBuffer.o
                0x0000000008003c7c                RingBuffer::get(unsigned short*)
 .text.SysTick_Handler
                0x0000000008003ca8       0x1c ./src/Timer.o
                0x0000000008003ca8                SysTick_Handler
 .text._Z13dmaM0CompleteP19__DMA_HandleTypeDef
                0x0000000008003cc4        0xc ./src/main.o
                0x0000000008003cc4                dmaM0Complete(__DMA_HandleTypeDef*)
 .text._Z13dmaM1CompleteP19__DMA_HandleTypeDef
                0x0000000008003cd0        0xc ./src/main.o
                0x0000000008003cd0                dmaM1Complete(__DMA_HandleTypeDef*)
 .text._Z15dmaHalfCompleteP19__DMA_HandleTypeDef
                0x0000000008003cdc       0x10 ./src/main.o
                0x0000000008003cdc                dmaHalfComplete(__DMA_HandleTypeDef*)
 .text._Z8dmaErrorP19__DMA_HandleTypeDef
                0x0000000008003cec       0x88 ./src/main.o
                0x0000000008003cec                dmaError(__DMA_HandleTypeDef*)
 .text._ZL15PDMDecoder_Initmm
                0x0000000008003d74       0x5c ./src/main.o
 .text._Z41__static_initialization_and_destruction_0ii
                0x0000000008003dd0       0x40 ./src/main.o
 .text._Z14init_dmabufferv
                0x0000000008003e10       0x34 ./src/main.o
                0x0000000008003e10                init_dmabuffer()
 .text.HAL_TIM_PeriodElapsedCallback
                0x0000000008003e44       0x38 ./src/main.o
                0x0000000008003e44                HAL_TIM_PeriodElapsedCallback
 .text._Z18SystemClock_Configv
                0x0000000008003e7c       0xbc ./src/main.o
                0x0000000008003e7c                SystemClock_Config()
 .text._Z12MX_ADC1_Initv
                0x0000000008003f38       0x44 ./src/main.o
                0x0000000008003f38                MX_ADC1_Init()
 .text._Z11MX_DAC_Initv
                0x0000000008003f7c       0x2c ./src/main.o
                0x0000000008003f7c                MX_DAC_Init()
 .text._Z11MX_I2S_Initv
                0x0000000008003fa8       0x38 ./src/main.o
                0x0000000008003fa8                MX_I2S_Init()
 .text._Z19MX_USART2_UART_Initv
                0x0000000008003fe0       0x2c ./src/main.o
                0x0000000008003fe0                MX_USART2_UART_Init()
 .text._Z11MX_DMA_Initv
                0x000000000800400c       0x34 ./src/main.o
                0x000000000800400c                MX_DMA_Init()
 .text._Z12MX_GPIO_Initv
                0x0000000008004040       0xa0 ./src/main.o
                0x0000000008004040                MX_GPIO_Init()
 .text._Z15convertPDMToPCMPtS_
                0x00000000080040e0       0x88 ./src/main.o
                0x00000000080040e0                convertPDMToPCM(unsigned short*, unsigned short*)
 .text.main     0x0000000008004168      0x220 ./src/main.o
                0x0000000008004168                main
 .text.assert_failed
                0x0000000008004388        0x4 ./src/main.o
                0x0000000008004388                assert_failed
 .text._GLOBAL__sub_I_hadc1
                0x000000000800438c       0x10 ./src/main.o
 .text._GLOBAL__sub_D_hadc1
                0x000000000800439c       0x10 ./src/main.o
 .text.HAL_MspInit
                0x00000000080043ac       0x48 ./src/stm32f4xx_hal_msp.o
                0x00000000080043ac                HAL_MspInit
 .text.HAL_TIM_Base_MspInit
                0x00000000080043f4       0x34 ./src/stm32f4xx_hal_msp.o
                0x00000000080043f4                HAL_TIM_Base_MspInit
 .text.HAL_ADC_MspInit
                0x0000000008004428       0x48 ./src/stm32f4xx_hal_msp.o
                0x0000000008004428                HAL_ADC_MspInit
 .text.HAL_DAC_MspInit
                0x0000000008004470       0x48 ./src/stm32f4xx_hal_msp.o
                0x0000000008004470                HAL_DAC_MspInit
 .text.HAL_I2S_MspInit
                0x00000000080044b8       0xb4 ./src/stm32f4xx_hal_msp.o
                0x00000000080044b8                HAL_I2S_MspInit
 .text.HAL_UART_MspInit
                0x000000000800456c       0x54 ./src/stm32f4xx_hal_msp.o
                0x000000000800456c                HAL_UART_MspInit
 .text.DMA1_Stream3_IRQHandler
                0x00000000080045c0       0x14 ./src/stm32f4xx_it.o
                0x00000000080045c0                DMA1_Stream3_IRQHandler
 .text.TIM3_IRQHandler
                0x00000000080045d4       0x10 ./src/stm32f4xx_it.o
                0x00000000080045d4                TIM3_IRQHandler
 *fill*         0x00000000080045e4        0x4 
 .text.PDM_Filter_Init
                0x00000000080045e8      0x208 /Users/talman/Documents/workspace/pdm_mic5/pdm_filter/libPDMFilter_CM4F_GCC.a(pdm_filter.o)
                0x00000000080045e8                PDM_Filter_Init
 .text.PDM_Filter_64_LSB
                0x00000000080047f0      0x350 /Users/talman/Documents/workspace/pdm_mic5/pdm_filter/libPDMFilter_CM4F_GCC.a(pdm_filter.o)
                0x00000000080047f0                PDM_Filter_64_LSB
 .text._ZdaPv   0x0000000008004b40        0x4 /usr/local/gcc-arm-none-eabi-5_2-2015q4/bin/../lib/gcc/arm-none-eabi/5.2.1/../../../../arm-none-eabi/lib/armv7e-m/fpu/libstdc++_nano.a(del_opv.o)
                0x0000000008004b40                operator delete[](void*)
 .text._Znaj    0x0000000008004b44        0x4 /usr/local/gcc-arm-none-eabi-5_2-2015q4/bin/../lib/gcc/arm-none-eabi/5.2.1/../../../../arm-none-eabi/lib/armv7e-m/fpu/libstdc++_nano.a(new_opv.o)
                0x0000000008004b44                operator new[](unsigned int)
 .text._ZdlPv   0x0000000008004b48        0x4 /usr/local/gcc-arm-none-eabi-5_2-2015q4/bin/../lib/gcc/arm-none-eabi/5.2.1/../../../../arm-none-eabi/lib/armv7e-m/fpu/libstdc++_nano.a(del_op.o)
                0x0000000008004b48                operator delete(void*)
 .text._Znwj    0x0000000008004b4c       0x22 /usr/local/gcc-arm-none-eabi-5_2-2015q4/bin/../lib/gcc/arm-none-eabi/5.2.1/../../../../arm-none-eabi/lib/armv7e-m/fpu/libstdc++_nano.a(new_op.o)
                0x0000000008004b4c                operator new(unsigned int)
 *fill*         0x0000000008004b6e        0x2 
 .text._ZSt15get_new_handlerv
                0x0000000008004b70       0x10 /usr/local/gcc-arm-none-eabi-5_2-2015q4/bin/../lib/gcc/arm-none-eabi/5.2.1/../../../../arm-none-eabi/lib/armv7e-m/fpu/libstdc++_nano.a(new_handler.o)
                0x0000000008004b70                std::get_new_handler()
 .text.cos      0x0000000008004b80       0xc0 /usr/local/gcc-arm-none-eabi-5_2-2015q4/bin/../lib/gcc/arm-none-eabi/5.2.1/../../../../arm-none-eabi/lib/armv7e-m/fpu/libm.a(lib_a-s_cos.o)
                0x0000000008004b80                cos
 .text.sqrt     0x0000000008004c40       0xbc /usr/local/gcc-arm-none-eabi-5_2-2015q4/bin/../lib/gcc/arm-none-eabi/5.2.1/../../../../arm-none-eabi/lib/armv7e-m/fpu/libm.a(lib_a-w_sqrt.o)
                0x0000000008004c40                sqrt
 *fill*         0x0000000008004cfc        0x4 
 .text.__ieee754_rem_pio2
                0x0000000008004d00      0x44c /usr/local/gcc-arm-none-eabi-5_2-2015q4/bin/../lib/gcc/arm-none-eabi/5.2.1/../../../../arm-none-eabi/lib/armv7e-m/fpu/libm.a(lib_a-e_rem_pio2.o)
                0x0000000008004d00                __ieee754_rem_pio2
 .text.__ieee754_sqrt
                0x000000000800514c      0x1a0 /usr/local/gcc-arm-none-eabi-5_2-2015q4/bin/../lib/gcc/arm-none-eabi/5.2.1/../../../../arm-none-eabi/lib/armv7e-m/fpu/libm.a(lib_a-e_sqrt.o)
                0x000000000800514c                __ieee754_sqrt
 *fill*         0x00000000080052ec        0x4 
 .text.__kernel_cos
                0x00000000080052f0      0x284 /usr/local/gcc-arm-none-eabi-5_2-2015q4/bin/../lib/gcc/arm-none-eabi/5.2.1/../../../../arm-none-eabi/lib/armv7e-m/fpu/libm.a(lib_a-k_cos.o)
                0x00000000080052f0                __kernel_cos
 *fill*         0x0000000008005574        0x4 
 .text.__kernel_rem_pio2
                0x0000000008005578      0x820 /usr/local/gcc-arm-none-eabi-5_2-2015q4/bin/../lib/gcc/arm-none-eabi/5.2.1/../../../../arm-none-eabi/lib/armv7e-m/fpu/libm.a(lib_a-k_rem_pio2.o)
                0x0000000008005578                __kernel_rem_pio2
 .text.__kernel_sin
                0x0000000008005d98      0x194 /usr/local/gcc-arm-none-eabi-5_2-2015q4/bin/../lib/gcc/arm-none-eabi/5.2.1/../../../../arm-none-eabi/lib/armv7e-m/fpu/libm.a(lib_a-k_sin.o)
                0x0000000008005d98                __kernel_sin
 .text.fabs     0x0000000008005f2c       0x10 /usr/local/gcc-arm-none-eabi-5_2-2015q4/bin/../lib/gcc/arm-none-eabi/5.2.1/../../../../arm-none-eabi/lib/armv7e-m/fpu/libm.a(lib_a-s_fabs.o)
                0x0000000008005f2c                fabs
 *fill*         0x0000000008005f3c        0x4 
 .text.floor    0x0000000008005f40      0x120 /usr/local/gcc-arm-none-eabi-5_2-2015q4/bin/../lib/gcc/arm-none-eabi/5.2.1/../../../../arm-none-eabi/lib/armv7e-m/fpu/libm.a(lib_a-s_floor.o)
                0x0000000008005f40                floor
 .text.__fpclassifyd
                0x0000000008006060       0x5c /usr/local/gcc-arm-none-eabi-5_2-2015q4/bin/../lib/gcc/arm-none-eabi/5.2.1/../../../../arm-none-eabi/lib/armv7e-m/fpu/libm.a(lib_a-s_fpclassify.o)
                0x0000000008006060                __fpclassifyd
 .text.matherr  0x00000000080060bc        0x4 /usr/local/gcc-arm-none-eabi-5_2-2015q4/bin/../lib/gcc/arm-none-eabi/5.2.1/../../../../arm-none-eabi/lib/armv7e-m/fpu/libm.a(lib_a-s_matherr.o)
                0x00000000080060bc                matherr
 .text.scalbn   0x00000000080060c0      0x10c /usr/local/gcc-arm-none-eabi-5_2-2015q4/bin/../lib/gcc/arm-none-eabi/5.2.1/../../../../arm-none-eabi/lib/armv7e-m/fpu/libm.a(lib_a-s_scalbn.o)
                0x00000000080060c0                scalbn
 .text.copysign
                0x00000000080061cc       0x1c /usr/local/gcc-arm-none-eabi-5_2-2015q4/bin/../lib/gcc/arm-none-eabi/5.2.1/../../../../arm-none-eabi/lib/armv7e-m/fpu/libm.a(lib_a-s_copysign.o)
                0x00000000080061cc                copysign
 .text          0x00000000080061e8      0x370 /usr/local/gcc-arm-none-eabi-5_2-2015q4/bin/../lib/gcc/arm-none-eabi/5.2.1/armv7e-m/fpu/libgcc.a(_arm_addsubdf3.o)
                0x00000000080061e8                __aeabi_drsub
                0x00000000080061f0                __subdf3
                0x00000000080061f0                __aeabi_dsub
                0x00000000080061f4                __aeabi_dadd
                0x00000000080061f4                __adddf3
                0x000000000800646c                __aeabi_ui2d
                0x000000000800646c                __floatunsidf
                0x000000000800648c                __floatsidf
                0x000000000800648c                __aeabi_i2d
                0x00000000080064b0                __extendsfdf2
                0x00000000080064b0                __aeabi_f2d
                0x00000000080064ec                __aeabi_ul2d
                0x00000000080064ec                __floatundidf
                0x00000000080064fc                __aeabi_l2d
                0x00000000080064fc                __floatdidf
 .text          0x0000000008006558      0x424 /usr/local/gcc-arm-none-eabi-5_2-2015q4/bin/../lib/gcc/arm-none-eabi/5.2.1/armv7e-m/fpu/libgcc.a(_arm_muldivdf3.o)
                0x0000000008006558                __aeabi_dmul
                0x0000000008006558                __muldf3
                0x00000000080067ac                __aeabi_ddiv
                0x00000000080067ac                __divdf3
 .text          0x000000000800697c      0x110 /usr/local/gcc-arm-none-eabi-5_2-2015q4/bin/../lib/gcc/arm-none-eabi/5.2.1/armv7e-m/fpu/libgcc.a(_arm_cmpdf2.o)
                0x000000000800697c                __gtdf2
                0x000000000800697c                __gedf2
                0x0000000008006984                __ltdf2
                0x0000000008006984                __ledf2
                0x000000000800698c                __eqdf2
                0x000000000800698c                __nedf2
                0x000000000800698c                __cmpdf2
                0x0000000008006a08                __aeabi_cdrcmple
                0x0000000008006a18                __aeabi_cdcmple
                0x0000000008006a18                __aeabi_cdcmpeq
                0x0000000008006a28                __aeabi_dcmpeq
                0x0000000008006a3c                __aeabi_dcmplt
                0x0000000008006a50                __aeabi_dcmple
                0x0000000008006a64                __aeabi_dcmpge
                0x0000000008006a78                __aeabi_dcmpgt
 .text          0x0000000008006a8c       0x50 /usr/local/gcc-arm-none-eabi-5_2-2015q4/bin/../lib/gcc/arm-none-eabi/5.2.1/armv7e-m/fpu/libgcc.a(_arm_fixdfsi.o)
                0x0000000008006a8c                __fixdfsi
                0x0000000008006a8c                __aeabi_d2iz
 .text          0x0000000008006adc       0x40 /usr/local/gcc-arm-none-eabi-5_2-2015q4/bin/../lib/gcc/arm-none-eabi/5.2.1/armv7e-m/fpu/libgcc.a(_arm_fixunsdfsi.o)
                0x0000000008006adc                __fixunsdfsi
                0x0000000008006adc                __aeabi_d2uiz
 .text          0x0000000008006b1c       0xa0 /usr/local/gcc-arm-none-eabi-5_2-2015q4/bin/../lib/gcc/arm-none-eabi/5.2.1/armv7e-m/fpu/libgcc.a(_arm_truncdfsf2.o)
                0x0000000008006b1c                __aeabi_d2f
                0x0000000008006b1c                __truncdfsf2
 .text.__errno  0x0000000008006bbc        0xc /usr/local/gcc-arm-none-eabi-5_2-2015q4/bin/../lib/gcc/arm-none-eabi/5.2.1/../../../../arm-none-eabi/lib/armv7e-m/fpu/libg_nano.a(lib_a-errno.o)
                0x0000000008006bbc                __errno
 .text._cleanup_r
                0x0000000008006bc8        0xc /usr/local/gcc-arm-none-eabi-5_2-2015q4/bin/../lib/gcc/arm-none-eabi/5.2.1/../../../../arm-none-eabi/lib/armv7e-m/fpu/libg_nano.a(lib_a-findfp.o)
                0x0000000008006bc8                _cleanup_r
 .text.std.isra.0
                0x0000000008006bd4       0x48 /usr/local/gcc-arm-none-eabi-5_2-2015q4/bin/../lib/gcc/arm-none-eabi/5.2.1/../../../../arm-none-eabi/lib/armv7e-m/fpu/libg_nano.a(lib_a-findfp.o)
 .text.__sfmoreglue
                0x0000000008006c1c       0x2c /usr/local/gcc-arm-none-eabi-5_2-2015q4/bin/../lib/gcc/arm-none-eabi/5.2.1/../../../../arm-none-eabi/lib/armv7e-m/fpu/libg_nano.a(lib_a-findfp.o)
                0x0000000008006c1c                __sfmoreglue
 .text.__sinit  0x0000000008006c48       0x60 /usr/local/gcc-arm-none-eabi-5_2-2015q4/bin/../lib/gcc/arm-none-eabi/5.2.1/../../../../arm-none-eabi/lib/armv7e-m/fpu/libg_nano.a(lib_a-findfp.o)
                0x0000000008006c48                __sinit
 .text.__sfp    0x0000000008006ca8       0x78 /usr/local/gcc-arm-none-eabi-5_2-2015q4/bin/../lib/gcc/arm-none-eabi/5.2.1/../../../../arm-none-eabi/lib/armv7e-m/fpu/libg_nano.a(lib_a-findfp.o)
                0x0000000008006ca8                __sfp
 .text._fwalk_reent
                0x0000000008006d20       0x3c /usr/local/gcc-arm-none-eabi-5_2-2015q4/bin/../lib/gcc/arm-none-eabi/5.2.1/../../../../arm-none-eabi/lib/armv7e-m/fpu/libg_nano.a(lib_a-fwalk.o)
                0x0000000008006d20                _fwalk_reent
 .text._fwrite_r
                0x0000000008006d5c       0xb4 /usr/local/gcc-arm-none-eabi-5_2-2015q4/bin/../lib/gcc/arm-none-eabi/5.2.1/../../../../arm-none-eabi/lib/armv7e-m/fpu/libg_nano.a(lib_a-fwrite.o)
                0x0000000008006d5c                _fwrite_r
 .text.fwrite   0x0000000008006e10       0x1c /usr/local/gcc-arm-none-eabi-5_2-2015q4/bin/../lib/gcc/arm-none-eabi/5.2.1/../../../../arm-none-eabi/lib/armv7e-m/fpu/libg_nano.a(lib_a-fwrite.o)
                0x0000000008006e10                fwrite
 .text.malloc   0x0000000008006e2c       0x10 /usr/local/gcc-arm-none-eabi-5_2-2015q4/bin/../lib/gcc/arm-none-eabi/5.2.1/../../../../arm-none-eabi/lib/armv7e-m/fpu/libg_nano.a(lib_a-malloc.o)
                0x0000000008006e2c                malloc
 .text.free     0x0000000008006e3c       0x10 /usr/local/gcc-arm-none-eabi-5_2-2015q4/bin/../lib/gcc/arm-none-eabi/5.2.1/../../../../arm-none-eabi/lib/armv7e-m/fpu/libg_nano.a(lib_a-malloc.o)
                0x0000000008006e3c                free
 .text.memset   0x0000000008006e4c       0x10 /usr/local/gcc-arm-none-eabi-5_2-2015q4/bin/../lib/gcc/arm-none-eabi/5.2.1/../../../../arm-none-eabi/lib/armv7e-m/fpu/libg_nano.a(lib_a-memset.o)
                0x0000000008006e4c                memset
 .text._free_r  0x0000000008006e5c       0x8c /usr/local/gcc-arm-none-eabi-5_2-2015q4/bin/../lib/gcc/arm-none-eabi/5.2.1/../../../../arm-none-eabi/lib/armv7e-m/fpu/libg_nano.a(lib_a-nano-freer.o)
                0x0000000008006e5c                _free_r
 .text._malloc_r
                0x0000000008006ee8       0xa8 /usr/local/gcc-arm-none-eabi-5_2-2015q4/bin/../lib/gcc/arm-none-eabi/5.2.1/../../../../arm-none-eabi/lib/armv7e-m/fpu/libg_nano.a(lib_a-nano-mallocr.o)
                0x0000000008006ee8                _malloc_r
 .text._puts_r  0x0000000008006f90       0xf0 /usr/local/gcc-arm-none-eabi-5_2-2015q4/bin/../lib/gcc/arm-none-eabi/5.2.1/../../../../arm-none-eabi/lib/armv7e-m/fpu/libg_nano.a(lib_a-puts.o)
                0x0000000008006f90                _puts_r
 .text.puts     0x0000000008007080       0x10 /usr/local/gcc-arm-none-eabi-5_2-2015q4/bin/../lib/gcc/arm-none-eabi/5.2.1/../../../../arm-none-eabi/lib/armv7e-m/fpu/libg_nano.a(lib_a-puts.o)
                0x0000000008007080                puts
 .text._sbrk_r  0x0000000008007090       0x20 /usr/local/gcc-arm-none-eabi-5_2-2015q4/bin/../lib/gcc/arm-none-eabi/5.2.1/../../../../arm-none-eabi/lib/armv7e-m/fpu/libg_nano.a(lib_a-sbrkr.o)
                0x0000000008007090                _sbrk_r
 .text.__sread  0x00000000080070b0       0x22 /usr/local/gcc-arm-none-eabi-5_2-2015q4/bin/../lib/gcc/arm-none-eabi/5.2.1/../../../../arm-none-eabi/lib/armv7e-m/fpu/libg_nano.a(lib_a-stdio.o)
                0x00000000080070b0                __sread
 .text.__swrite
                0x00000000080070d2       0x38 /usr/local/gcc-arm-none-eabi-5_2-2015q4/bin/../lib/gcc/arm-none-eabi/5.2.1/../../../../arm-none-eabi/lib/armv7e-m/fpu/libg_nano.a(lib_a-stdio.o)
                0x00000000080070d2                __swrite
 .text.__sseek  0x000000000800710a       0x24 /usr/local/gcc-arm-none-eabi-5_2-2015q4/bin/../lib/gcc/arm-none-eabi/5.2.1/../../../../arm-none-eabi/lib/armv7e-m/fpu/libg_nano.a(lib_a-stdio.o)
                0x000000000800710a                __sseek
 .text.__sclose
                0x000000000800712e        0x8 /usr/local/gcc-arm-none-eabi-5_2-2015q4/bin/../lib/gcc/arm-none-eabi/5.2.1/../../../../arm-none-eabi/lib/armv7e-m/fpu/libg_nano.a(lib_a-stdio.o)
                0x000000000800712e                __sclose
 .text          0x0000000008007136       0x14 /usr/local/gcc-arm-none-eabi-5_2-2015q4/bin/../lib/gcc/arm-none-eabi/5.2.1/../../../../arm-none-eabi/lib/armv7e-m/fpu/libg_nano.a(lib_a-strcmp.o)
                0x0000000008007136                strcmp
 .text          0x000000000800714a       0x10 /usr/local/gcc-arm-none-eabi-5_2-2015q4/bin/../lib/gcc/arm-none-eabi/5.2.1/../../../../arm-none-eabi/lib/armv7e-m/fpu/libg_nano.a(lib_a-strlen.o)
                0x000000000800714a                strlen
 .text._vsnprintf_r
                0x000000000800715a       0x56 /usr/local/gcc-arm-none-eabi-5_2-2015q4/bin/../lib/gcc/arm-none-eabi/5.2.1/../../../../arm-none-eabi/lib/armv7e-m/fpu/libg_nano.a(lib_a-vsnprintf.o)
                0x000000000800715a                _vsnprintf_r
                0x000000000800715a                _vsniprintf_r
 .text.vsnprintf
                0x00000000080071b0       0x1c /usr/local/gcc-arm-none-eabi-5_2-2015q4/bin/../lib/gcc/arm-none-eabi/5.2.1/../../../../arm-none-eabi/lib/armv7e-m/fpu/libg_nano.a(lib_a-vsnprintf.o)
                0x00000000080071b0                vsnprintf
                0x00000000080071b0                vsniprintf
 .text.__swbuf_r
                0x00000000080071cc       0xa8 /usr/local/gcc-arm-none-eabi-5_2-2015q4/bin/../lib/gcc/arm-none-eabi/5.2.1/../../../../arm-none-eabi/lib/armv7e-m/fpu/libg_nano.a(lib_a-wbuf.o)
                0x00000000080071cc                __swbuf_r
 .text._write_r
                0x0000000008007274       0x24 /usr/local/gcc-arm-none-eabi-5_2-2015q4/bin/../lib/gcc/arm-none-eabi/5.2.1/../../../../arm-none-eabi/lib/armv7e-m/fpu/libg_nano.a(lib_a-writer.o)
                0x0000000008007274                _write_r
 .text.__swsetup_r
                0x0000000008007298       0xd8 /usr/local/gcc-arm-none-eabi-5_2-2015q4/bin/../lib/gcc/arm-none-eabi/5.2.1/../../../../arm-none-eabi/lib/armv7e-m/fpu/libg_nano.a(lib_a-wsetup.o)
                0x0000000008007298                __swsetup_r
 .text._close_r
                0x0000000008007370       0x20 /usr/local/gcc-arm-none-eabi-5_2-2015q4/bin/../lib/gcc/arm-none-eabi/5.2.1/../../../../arm-none-eabi/lib/armv7e-m/fpu/libg_nano.a(lib_a-closer.o)
                0x0000000008007370                _close_r
 .text.__sflush_r
                0x0000000008007390      0x110 /usr/local/gcc-arm-none-eabi-5_2-2015q4/bin/../lib/gcc/arm-none-eabi/5.2.1/../../../../arm-none-eabi/lib/armv7e-m/fpu/libg_nano.a(lib_a-fflush.o)
                0x0000000008007390                __sflush_r
 .text._fflush_r
                0x00000000080074a0       0x54 /usr/local/gcc-arm-none-eabi-5_2-2015q4/bin/../lib/gcc/arm-none-eabi/5.2.1/../../../../arm-none-eabi/lib/armv7e-m/fpu/libg_nano.a(lib_a-fflush.o)
                0x00000000080074a0                _fflush_r
 .text._lseek_r
                0x00000000080074f4       0x24 /usr/local/gcc-arm-none-eabi-5_2-2015q4/bin/../lib/gcc/arm-none-eabi/5.2.1/../../../../arm-none-eabi/lib/armv7e-m/fpu/libg_nano.a(lib_a-lseekr.o)
                0x00000000080074f4                _lseek_r
 .text.__smakebuf_r
                0x0000000008007518       0x9c /usr/local/gcc-arm-none-eabi-5_2-2015q4/bin/../lib/gcc/arm-none-eabi/5.2.1/../../../../arm-none-eabi/lib/armv7e-m/fpu/libg_nano.a(lib_a-makebuf.o)
                0x0000000008007518                __smakebuf_r
 .text.__ssputs_r
                0x00000000080075b4       0xb2 /usr/local/gcc-arm-none-eabi-5_2-2015q4/bin/../lib/gcc/arm-none-eabi/5.2.1/../../../../arm-none-eabi/lib/armv7e-m/fpu/libg_nano.a(lib_a-nano-svfprintf.o)
                0x00000000080075b4                __ssputs_r
 *fill*         0x0000000008007666        0x2 
 .text._svfprintf_r
                0x0000000008007668      0x1e8 /usr/local/gcc-arm-none-eabi-5_2-2015q4/bin/../lib/gcc/arm-none-eabi/5.2.1/../../../../arm-none-eabi/lib/armv7e-m/fpu/libg_nano.a(lib_a-nano-svfprintf.o)
                0x0000000008007668                _svfprintf_r
                0x0000000008007668                _svfiprintf_r
 .text._printf_common
                0x0000000008007850       0xec /usr/local/gcc-arm-none-eabi-5_2-2015q4/bin/../lib/gcc/arm-none-eabi/5.2.1/../../../../arm-none-eabi/lib/armv7e-m/fpu/libg_nano.a(lib_a-nano-vfprintf_i.o)
                0x0000000008007850                _printf_common
 .text._printf_i
                0x000000000800793c      0x24c /usr/local/gcc-arm-none-eabi-5_2-2015q4/bin/../lib/gcc/arm-none-eabi/5.2.1/../../../../arm-none-eabi/lib/armv7e-m/fpu/libg_nano.a(lib_a-nano-vfprintf_i.o)
                0x000000000800793c                _printf_i
 .text._read_r  0x0000000008007b88       0x24 /usr/local/gcc-arm-none-eabi-5_2-2015q4/bin/../lib/gcc/arm-none-eabi/5.2.1/../../../../arm-none-eabi/lib/armv7e-m/fpu/libg_nano.a(lib_a-readr.o)
                0x0000000008007b88                _read_r
 .text._fstat_r
                0x0000000008007bac       0x24 /usr/local/gcc-arm-none-eabi-5_2-2015q4/bin/../lib/gcc/arm-none-eabi/5.2.1/../../../../arm-none-eabi/lib/armv7e-m/fpu/libg_nano.a(lib_a-fstatr.o)
                0x0000000008007bac                _fstat_r
 .text._isatty_r
                0x0000000008007bd0       0x20 /usr/local/gcc-arm-none-eabi-5_2-2015q4/bin/../lib/gcc/arm-none-eabi/5.2.1/../../../../arm-none-eabi/lib/armv7e-m/fpu/libg_nano.a(lib_a-isattyr.o)
                0x0000000008007bd0                _isatty_r
 .text          0x0000000008007bf0       0xa0 /usr/local/gcc-arm-none-eabi-5_2-2015q4/bin/../lib/gcc/arm-none-eabi/5.2.1/../../../../arm-none-eabi/lib/armv7e-m/fpu/libg_nano.a(lib_a-memchr.o)
                0x0000000008007bf0                memchr
 .text.memcpy   0x0000000008007c90       0x16 /usr/local/gcc-arm-none-eabi-5_2-2015q4/bin/../lib/gcc/arm-none-eabi/5.2.1/../../../../arm-none-eabi/lib/armv7e-m/fpu/libg_nano.a(lib_a-memcpy-stub.o)
                0x0000000008007c90                memcpy
 .text.memmove  0x0000000008007ca6       0x36 /usr/local/gcc-arm-none-eabi-5_2-2015q4/bin/../lib/gcc/arm-none-eabi/5.2.1/../../../../arm-none-eabi/lib/armv7e-m/fpu/libg_nano.a(lib_a-memmove.o)
                0x0000000008007ca6                memmove
 .text._realloc_r
                0x0000000008007cdc       0x4c /usr/local/gcc-arm-none-eabi-5_2-2015q4/bin/../lib/gcc/arm-none-eabi/5.2.1/../../../../arm-none-eabi/lib/armv7e-m/fpu/libg_nano.a(lib_a-nano-reallocr.o)
                0x0000000008007cdc                _realloc_r
 .text._malloc_usable_size_r
                0x0000000008007d28       0x14 /usr/local/gcc-arm-none-eabi-5_2-2015q4/bin/../lib/gcc/arm-none-eabi/5.2.1/../../../../arm-none-eabi/lib/armv7e-m/fpu/libg_nano.a(lib_a-nano-msizer.o)
                0x0000000008007d28                _malloc_usable_size_r
 *(.rodata .rodata.* .constdata .constdata.*)
 .rodata.str1.4
                0x0000000008007d3c       0x2e ./system/src/stm32f4-hal/stm32f4xx_hal_adc.o
 *fill*         0x0000000008007d6a        0x2 
 .rodata.str1.4
                0x0000000008007d6c       0x31 ./system/src/stm32f4-hal/stm32f4xx_hal_cortex.o
 *fill*         0x0000000008007d9d        0x3 
 .rodata.str1.4
                0x0000000008007da0       0x2e ./system/src/stm32f4-hal/stm32f4xx_hal_dac.o
 *fill*         0x0000000008007dce        0x2 
 .rodata.str1.4
                0x0000000008007dd0       0x2e ./system/src/stm32f4-hal/stm32f4xx_hal_dma.o
 *fill*         0x0000000008007dfe        0x2 
 .rodata.flagBitshiftOffset.8050
                0x0000000008007e00        0x8 ./system/src/stm32f4-hal/stm32f4xx_hal_dma.o
 .rodata.str1.4
                0x0000000008007e08       0x31 ./system/src/stm32f4-hal/stm32f4xx_hal_dma_ex.o
 *fill*         0x0000000008007e39        0x3 
 .rodata.str1.4
                0x0000000008007e3c       0x2f ./system/src/stm32f4-hal/stm32f4xx_hal_gpio.o
 *fill*         0x0000000008007e6b        0x1 
 .rodata.str1.4
                0x0000000008007e6c       0x2e ./system/src/stm32f4-hal/stm32f4xx_hal_i2s.o
 *fill*         0x0000000008007e9a        0x2 
 .rodata.APBAHBPrescTable
                0x0000000008007e9c       0x10 ./system/src/stm32f4-hal/stm32f4xx_hal_rcc.o
                0x0000000008007e9c                APBAHBPrescTable
 .rodata.str1.4
                0x0000000008007eac       0x2e ./system/src/stm32f4-hal/stm32f4xx_hal_rcc.o
 *fill*         0x0000000008007eda        0x2 
 .rodata.str1.4
                0x0000000008007edc       0x31 ./system/src/stm32f4-hal/stm32f4xx_hal_rcc_ex.o
 *fill*         0x0000000008007f0d        0x3 
 .rodata.str1.4
                0x0000000008007f10       0x2e ./system/src/stm32f4-hal/stm32f4xx_hal_tim.o
 *fill*         0x0000000008007f3e        0x2 
 .rodata.str1.4
                0x0000000008007f40       0x2f ./system/src/stm32f4-hal/stm32f4xx_hal_uart.o
 *fill*         0x0000000008007f6f        0x1 
 .rodata.str1.4
                0x0000000008007f70       0x14 ./system/src/newlib/_exit.o
 .rodata.str1.4
                0x0000000008007f84        0x9 ./system/src/newlib/_syscalls.o
 *fill*         0x0000000008007f8d        0x3 
 .rodata.str1.4
                0x0000000008007f90       0x29 ./system/src/diag/Trace.o
                                         0x2d (size before relaxing)
 *fill*         0x0000000008007fb9        0x3 
 .rodata.str1.4
                0x0000000008007fbc      0x146 ./system/src/cortexm/exception_handlers.o
                                        0x14a (size before relaxing)
 *fill*         0x0000000008008102        0x2 
 .rodata.AHBPrescTable
                0x0000000008008104       0x10 ./system/src/cmsis/system_stm32f4xx.o
                0x0000000008008104                AHBPrescTable
 .rodata.str1.4
                0x0000000008008114      0x1ad ./src/main.o
 *fill*         0x00000000080082c1        0x3 
 .rodata.str1.4
                0x00000000080082c4        0x8 /usr/local/gcc-arm-none-eabi-5_2-2015q4/bin/../lib/gcc/arm-none-eabi/5.2.1/../../../../arm-none-eabi/lib/armv7e-m/fpu/libm.a(lib_a-w_sqrt.o)
                                          0x5 (size before relaxing)
 .rodata.npio2_hw
                0x00000000080082cc       0x80 /usr/local/gcc-arm-none-eabi-5_2-2015q4/bin/../lib/gcc/arm-none-eabi/5.2.1/../../../../arm-none-eabi/lib/armv7e-m/fpu/libm.a(lib_a-e_rem_pio2.o)
 .rodata.two_over_pi
                0x000000000800834c      0x108 /usr/local/gcc-arm-none-eabi-5_2-2015q4/bin/../lib/gcc/arm-none-eabi/5.2.1/../../../../arm-none-eabi/lib/armv7e-m/fpu/libm.a(lib_a-e_rem_pio2.o)
 .rodata.init_jk
                0x0000000008008454       0x10 /usr/local/gcc-arm-none-eabi-5_2-2015q4/bin/../lib/gcc/arm-none-eabi/5.2.1/../../../../arm-none-eabi/lib/armv7e-m/fpu/libm.a(lib_a-k_rem_pio2.o)
 *fill*         0x0000000008008464        0x4 
 .rodata.PIo2   0x0000000008008468       0x40 /usr/local/gcc-arm-none-eabi-5_2-2015q4/bin/../lib/gcc/arm-none-eabi/5.2.1/../../../../arm-none-eabi/lib/armv7e-m/fpu/libm.a(lib_a-k_rem_pio2.o)
 .rodata._ctype_
                0x00000000080084a8      0x101 /usr/local/gcc-arm-none-eabi-5_2-2015q4/bin/../lib/gcc/arm-none-eabi/5.2.1/../../../../arm-none-eabi/lib/armv7e-m/fpu/libg_nano.a(lib_a-ctype_.o)
                0x00000000080084a8                _ctype_
 *fill*         0x00000000080085a9        0x3 
 .rodata.__sf_fake_stdin
                0x00000000080085ac       0x20 /usr/local/gcc-arm-none-eabi-5_2-2015q4/bin/../lib/gcc/arm-none-eabi/5.2.1/../../../../arm-none-eabi/lib/armv7e-m/fpu/libg_nano.a(lib_a-findfp.o)
                0x00000000080085ac                __sf_fake_stdin
 .rodata.__sf_fake_stdout
                0x00000000080085cc       0x20 /usr/local/gcc-arm-none-eabi-5_2-2015q4/bin/../lib/gcc/arm-none-eabi/5.2.1/../../../../arm-none-eabi/lib/armv7e-m/fpu/libg_nano.a(lib_a-findfp.o)
                0x00000000080085cc                __sf_fake_stdout
 .rodata.__sf_fake_stderr
                0x00000000080085ec       0x20 /usr/local/gcc-arm-none-eabi-5_2-2015q4/bin/../lib/gcc/arm-none-eabi/5.2.1/../../../../arm-none-eabi/lib/armv7e-m/fpu/libg_nano.a(lib_a-findfp.o)
                0x00000000080085ec                __sf_fake_stderr
 .rodata.str1.1
                0x000000000800860c        0x2 /usr/local/gcc-arm-none-eabi-5_2-2015q4/bin/../lib/gcc/arm-none-eabi/5.2.1/../../../../arm-none-eabi/lib/armv7e-m/fpu/libg_nano.a(lib_a-impure.o)
 *fill*         0x000000000800860e        0x2 
 .rodata._global_impure_ptr
                0x0000000008008610        0x4 /usr/local/gcc-arm-none-eabi-5_2-2015q4/bin/../lib/gcc/arm-none-eabi/5.2.1/../../../../arm-none-eabi/lib/armv7e-m/fpu/libg_nano.a(lib_a-impure.o)
                0x0000000008008610                _global_impure_ptr
 .rodata.str1.1
                0x0000000008008614       0x11 /usr/local/gcc-arm-none-eabi-5_2-2015q4/bin/../lib/gcc/arm-none-eabi/5.2.1/../../../../arm-none-eabi/lib/armv7e-m/fpu/libg_nano.a(lib_a-nano-svfprintf.o)
 .rodata.str1.1
                0x0000000008008625       0x22 /usr/local/gcc-arm-none-eabi-5_2-2015q4/bin/../lib/gcc/arm-none-eabi/5.2.1/../../../../arm-none-eabi/lib/armv7e-m/fpu/libg_nano.a(lib_a-nano-vfprintf_i.o)
 *(vtable)
 *(.eh_frame*)
 *(.glue_7)
 .glue_7        0x0000000008008647        0x0 linker stubs
 *(.glue_7t)
 .glue_7t       0x0000000008008647        0x0 linker stubs

.vfp11_veneer   0x0000000008008648        0x0
 .vfp11_veneer  0x0000000008008648        0x0 linker stubs

.v4_bx          0x0000000008008648        0x0
 .v4_bx         0x0000000008008648        0x0 linker stubs

.iplt           0x0000000008008648        0x0
 .iplt          0x0000000008008648        0x0 ./system/src/stm32f4-hal/stm32f4xx_hal.o

.rel.dyn        0x0000000008008648        0x0
 .rel.iplt      0x0000000008008648        0x0 ./system/src/stm32f4-hal/stm32f4xx_hal.o

.ARM.extab
 *(.ARM.extab* .gnu.linkonce.armextab.*)
                0x0000000008008648                . = ALIGN (0x4)
                0x0000000008008648                __exidx_start = .

.ARM.exidx
 *(.ARM.exidx* .gnu.linkonce.armexidx.*)
                0x0000000008008648                __exidx_end = .
                0x0000000008008648                . = ALIGN (0x4)
                0x0000000008008648                _etext = .
                0x0000000008008648                __etext = .

.data_CCMRAM    0x0000000010000000        0x0 load address 0x0000000008008648
 FILL mask 0xff
 *(.data.CCMRAM .data.CCMRAM.*)
                0x0000000010000000                . = ALIGN (0x4)
                0x0000000008008648                _sidata = LOADADDR (.data)

.data           0x0000000020000000      0x3fc load address 0x0000000008008648
 FILL mask 0xff
                0x0000000020000000                _sdata = .
                0x0000000020000000                __data_start__ = .
 *(.data_begin .data_begin.*)
 .data_begin    0x0000000020000000        0x4 ./system/src/newlib/_startup.o
 *(.data .data.*)
 .data.SystemCoreClock
                0x0000000020000004        0x4 ./system/src/cmsis/system_stm32f4xx.o
                0x0000000020000004                SystemCoreClock
 .data.Channel_Demux
                0x0000000020000008       0x80 ./src/main.o
                0x0000000020000008                Channel_Demux
 .data.AudioInVolume
                0x0000000020000088        0x2 ./src/main.o
                0x0000000020000088                AudioInVolume
 *fill*         0x000000002000008a        0x2 ff
 .data.T0       0x000000002000008c      0x100 /Users/talman/Documents/workspace/pdm_mic5/pdm_filter/libPDMFilter_CM4F_GCC.a(pdm_filter.o)
                0x000000002000008c                T0
 .data.T1       0x000000002000018c      0x100 /Users/talman/Documents/workspace/pdm_mic5/pdm_filter/libPDMFilter_CM4F_GCC.a(pdm_filter.o)
                0x000000002000018c                T1
 .data.T2       0x000000002000028c      0x100 /Users/talman/Documents/workspace/pdm_mic5/pdm_filter/libPDMFilter_CM4F_GCC.a(pdm_filter.o)
                0x000000002000028c                T2
 .data.__fdlib_version
                0x000000002000038c        0x1 /usr/local/gcc-arm-none-eabi-5_2-2015q4/bin/../lib/gcc/arm-none-eabi/5.2.1/../../../../arm-none-eabi/lib/armv7e-m/fpu/libm.a(lib_a-s_lib_ver.o)
                0x000000002000038c                __fdlib_version
 *fill*         0x000000002000038d        0x3 ff
 .data.__ctype_ptr__
                0x0000000020000390        0x4 /usr/local/gcc-arm-none-eabi-5_2-2015q4/bin/../lib/gcc/arm-none-eabi/5.2.1/../../../../arm-none-eabi/lib/armv7e-m/fpu/libg_nano.a(lib_a-ctype_.o)
                0x0000000020000390                __ctype_ptr__
 .data.impure_data
                0x0000000020000394       0x60 /usr/local/gcc-arm-none-eabi-5_2-2015q4/bin/../lib/gcc/arm-none-eabi/5.2.1/../../../../arm-none-eabi/lib/armv7e-m/fpu/libg_nano.a(lib_a-impure.o)
 .data._impure_ptr
                0x00000000200003f4        0x4 /usr/local/gcc-arm-none-eabi-5_2-2015q4/bin/../lib/gcc/arm-none-eabi/5.2.1/../../../../arm-none-eabi/lib/armv7e-m/fpu/libg_nano.a(lib_a-impure.o)
                0x00000000200003f4                _impure_ptr
 *(.data_end .data_end.*)
 .data_end      0x00000000200003f8        0x4 ./system/src/newlib/_startup.o
                0x00000000200003fc                . = ALIGN (0x4)
                0x00000000200003fc                _edata = .
                0x00000000200003fc                __data_end__ = .

.igot.plt       0x00000000200003fc        0x0 load address 0x0000000008008a44
 .igot.plt      0x00000000200003fc        0x0 ./system/src/stm32f4-hal/stm32f4xx_hal.o

.bss_CCMRAM     0x0000000010000000        0x0
 *(.bss.CCMRAM .bss.CCMRAM.*)

.bss            0x00000000200003fc      0xa34
                0x00000000200003fc                __bss_start__ = .
                0x00000000200003fc                _sbss = .
 *(.bss_begin .bss_begin.*)
 .bss_begin     0x00000000200003fc        0x4 ./system/src/newlib/_startup.o
 *(.bss .bss.*)
 .bss.current_heap_end.4424
                0x0000000020000400        0x4 ./system/src/newlib/_sbrk.o
 .bss.monitor_stdout
                0x0000000020000404        0x4 ./system/src/newlib/_syscalls.o
 .bss.monitor_stdin
                0x0000000020000408        0x4 ./system/src/newlib/_syscalls.o
 .bss.argv_buf.6131
                0x000000002000040c       0x28 ./system/src/newlib/_syscalls.o
 .bss.monitor_stderr
                0x0000000020000434        0x4 ./system/src/newlib/_syscalls.o
 .bss.args_buf.6130
                0x0000000020000438       0x50 ./system/src/newlib/_syscalls.o
 .bss.openfiles
                0x0000000020000488       0xa0 ./system/src/newlib/_syscalls.o
 .bss.buf.5560  0x0000000020000528       0x80 ./system/src/diag/Trace.o
 .bss._ZN5Timer13ms_delayCountE
                0x00000000200005a8        0x4 ./src/Timer.o
                0x00000000200005a8                Timer::ms_delayCount
 .bss.huart2    0x00000000200005ac       0x40 ./src/main.o
                0x00000000200005ac                huart2
 .bss.hdma_spi2_rx
                0x00000000200005ec       0x58 ./src/main.o
                0x00000000200005ec                hdma_spi2_rx
 .bss.dmabuffer0
                0x0000000020000644      0x300 ./src/main.o
                0x0000000020000644                dmabuffer0
 .bss.dmabuffer1
                0x0000000020000944      0x300 ./src/main.o
                0x0000000020000944                dmabuffer1
 .bss._ZL10circbuffer
                0x0000000020000c44       0x10 ./src/main.o
 .bss.Filter    0x0000000020000c54       0x68 ./src/main.o
                0x0000000020000c54                Filter
 .bss.pcmout    0x0000000020000cbc       0x60 ./src/main.o
                0x0000000020000cbc                pcmout
 .bss.hadc1     0x0000000020000d1c       0x48 ./src/main.o
                0x0000000020000d1c                hadc1
 .bss.TimHandle
                0x0000000020000d64       0x3c ./src/main.o
                0x0000000020000d64                TimHandle
 .bss.blinkLed  0x0000000020000da0       0x10 ./src/main.o
                0x0000000020000da0                blinkLed
 .bss.hdac      0x0000000020000db0       0x14 ./src/main.o
                0x0000000020000db0                hdac
 .bss.Buffer0_rdy
                0x0000000020000dc4        0x1 ./src/main.o
                0x0000000020000dc4                Buffer0_rdy
 *fill*         0x0000000020000dc5        0x3 
 .bss.hi2s2     0x0000000020000dc8       0x44 ./src/main.o
                0x0000000020000dc8                hi2s2
 .bss.Buffer1_rdy
                0x0000000020000e0c        0x1 ./src/main.o
                0x0000000020000e0c                Buffer1_rdy
 *fill*         0x0000000020000e0d        0x3 
 .bss.uwPrescalerValue
                0x0000000020000e10        0x4 ./src/main.o
                0x0000000020000e10                uwPrescalerValue
 .bss.stm32_crc
                0x0000000020000e14        0x4 /Users/talman/Documents/workspace/pdm_mic5/pdm_filter/libPDMFilter_CM4F_GCC.a(pdm_filter.o)
                0x0000000020000e14                stm32_crc
 .bss._ZN12_GLOBAL__N_113__new_handlerE
                0x0000000020000e18        0x4 /usr/local/gcc-arm-none-eabi-5_2-2015q4/bin/../lib/gcc/arm-none-eabi/5.2.1/../../../../arm-none-eabi/lib/armv7e-m/fpu/libstdc++_nano.a(new_handler.o)
 .bss.__malloc_sbrk_start
                0x0000000020000e1c        0x4 /usr/local/gcc-arm-none-eabi-5_2-2015q4/bin/../lib/gcc/arm-none-eabi/5.2.1/../../../../arm-none-eabi/lib/armv7e-m/fpu/libg_nano.a(lib_a-nano-mallocr.o)
                0x0000000020000e1c                __malloc_sbrk_start
 .bss.__malloc_free_list
                0x0000000020000e20        0x4 /usr/local/gcc-arm-none-eabi-5_2-2015q4/bin/../lib/gcc/arm-none-eabi/5.2.1/../../../../arm-none-eabi/lib/armv7e-m/fpu/libg_nano.a(lib_a-nano-mallocr.o)
                0x0000000020000e20                __malloc_free_list
 *(COMMON)
 COMMON         0x0000000020000e24        0x4 ./system/src/stm32f4-hal/stm32f4xx_hal.o
                0x0000000020000e24                uwTick
 COMMON         0x0000000020000e28        0x4 ./system/src/newlib/_syscalls.o
                0x0000000020000e28                errno
 *(.bss_end .bss_end.*)
 .bss_end       0x0000000020000e2c        0x4 ./system/src/newlib/_startup.o
                0x0000000020000e30                . = ALIGN (0x4)
                0x0000000020000e30                __bss_end__ = .
                0x0000000020000e30                _ebss = .

.noinit_CCMRAM
 *(.noinit.CCMRAM .noinit.CCMRAM.*)

.noinit         0x0000000020000e30        0x0
                0x0000000020000e30                _noinit = .
 *(.noinit .noinit.*)
                0x0000000020000e30                . = ALIGN (0x4)
                0x0000000020000e30                _end_noinit = .
                [!provide]                        PROVIDE (end, _end_noinit)
                [!provide]                        PROVIDE (_end, _end_noinit)
                [!provide]                        PROVIDE (__end, _end_noinit)
                [!provide]                        PROVIDE (__end__, _end_noinit)

._check_stack   0x0000000020000e30      0x100
                0x0000000020000f30                . = (. + _Minimum_Stack_Size)
 *fill*         0x0000000020000e30      0x100 

.b1text
 *(.b1text)
 *(.b1rodata)
 *(.b1rodata.*)

.eb0text
 *(.eb0text)
 *(.eb0rodata)
 *(.eb0rodata.*)

.eb1text
 *(.eb1text)
 *(.eb1rodata)
 *(.eb1rodata.*)

.eb2text
 *(.eb2text)
 *(.eb2rodata)
 *(.eb2rodata.*)

.eb3text
 *(.eb3text)
 *(.eb3rodata)
 *(.eb3rodata.*)

.stab
 *(.stab)

.stabstr
 *(.stabstr)

.stab.excl
 *(.stab.excl)

.stab.exclstr
 *(.stab.exclstr)

.stab.index
 *(.stab.index)

.stab.indexstr
 *(.stab.indexstr)

.comment        0x0000000000000000       0xf0
 *(.comment)
 .comment       0x0000000000000000       0x6e ./system/src/stm32f4-hal/stm32f4xx_hal.o
                                         0x6f (size before relaxing)
 .comment       0x000000000000006e       0x6f ./system/src/stm32f4-hal/stm32f4xx_hal_adc.o
 .comment       0x000000000000006e       0x6f ./system/src/stm32f4-hal/stm32f4xx_hal_cortex.o
 .comment       0x000000000000006e       0x6f ./system/src/stm32f4-hal/stm32f4xx_hal_dac.o
 .comment       0x000000000000006e       0x6f ./system/src/stm32f4-hal/stm32f4xx_hal_dma.o
 .comment       0x000000000000006e       0x6f ./system/src/stm32f4-hal/stm32f4xx_hal_dma_ex.o
 .comment       0x000000000000006e       0x6f ./system/src/stm32f4-hal/stm32f4xx_hal_gpio.o
 .comment       0x000000000000006e       0x6f ./system/src/stm32f4-hal/stm32f4xx_hal_i2s.o
 .comment       0x000000000000006e       0x6f ./system/src/stm32f4-hal/stm32f4xx_hal_i2s_ex.o
 .comment       0x000000000000006e       0x6f ./system/src/stm32f4-hal/stm32f4xx_hal_pwr_ex.o
 .comment       0x000000000000006e       0x6f ./system/src/stm32f4-hal/stm32f4xx_hal_rcc.o
 .comment       0x000000000000006e       0x6f ./system/src/stm32f4-hal/stm32f4xx_hal_rcc_ex.o
 .comment       0x000000000000006e       0x6f ./system/src/stm32f4-hal/stm32f4xx_hal_tim.o
 .comment       0x000000000000006e       0x6f ./system/src/stm32f4-hal/stm32f4xx_hal_tim_ex.o
 .comment       0x000000000000006e       0x6f ./system/src/stm32f4-hal/stm32f4xx_hal_uart.o
 .comment       0x000000000000006e       0x6f ./system/src/newlib/_exit.o
 .comment       0x000000000000006e       0x6f ./system/src/newlib/_sbrk.o
 .comment       0x000000000000006e       0x6f ./system/src/newlib/_startup.o
 .comment       0x000000000000006e       0x6f ./system/src/newlib/_syscalls.o
 .comment       0x000000000000006e       0x6f ./system/src/diag/Trace.o
 .comment       0x000000000000006e       0x6f ./system/src/diag/trace_impl.o
 .comment       0x000000000000006e       0x6f ./system/src/cortexm/_initialize_hardware.o
 .comment       0x000000000000006e       0x6f ./system/src/cortexm/exception_handlers.o
 .comment       0x000000000000006e       0x6f ./system/src/cmsis/system_stm32f4xx.o
 .comment       0x000000000000006e       0x6f ./system/src/cmsis/vectors_stm32f446xx.o
 .comment       0x000000000000006e       0x6f ./src/BlinkLed.o
 .comment       0x000000000000006e       0x6f ./src/RingBuffer.o
 .comment       0x000000000000006e       0x6f ./src/Timer.o
 .comment       0x000000000000006e       0x6f ./src/main.o
 .comment       0x000000000000006e       0x6f ./src/stm32f4xx_hal_msp.o
 .comment       0x000000000000006e       0x6f ./src/stm32f4xx_it.o
 .comment       0x000000000000006e       0x82 /Users/talman/Documents/workspace/pdm_mic5/pdm_filter/libPDMFilter_CM4F_GCC.a(pdm_filter.o)
                                         0x83 (size before relaxing)

.ARM.attributes
                0x0000000000000000       0x35
 .ARM.attributes
                0x0000000000000000       0x39 ./system/src/stm32f4-hal/stm32f4xx_hal.o
 .ARM.attributes
                0x0000000000000039       0x39 ./system/src/stm32f4-hal/stm32f4xx_hal_adc.o
 .ARM.attributes
                0x0000000000000072       0x39 ./system/src/stm32f4-hal/stm32f4xx_hal_cortex.o
 .ARM.attributes
                0x00000000000000ab       0x39 ./system/src/stm32f4-hal/stm32f4xx_hal_dac.o
 .ARM.attributes
                0x00000000000000e4       0x39 ./system/src/stm32f4-hal/stm32f4xx_hal_dma.o
 .ARM.attributes
                0x000000000000011d       0x39 ./system/src/stm32f4-hal/stm32f4xx_hal_dma_ex.o
 .ARM.attributes
                0x0000000000000156       0x39 ./system/src/stm32f4-hal/stm32f4xx_hal_gpio.o
 .ARM.attributes
                0x000000000000018f       0x39 ./system/src/stm32f4-hal/stm32f4xx_hal_i2s.o
 .ARM.attributes
                0x00000000000001c8       0x39 ./system/src/stm32f4-hal/stm32f4xx_hal_i2s_ex.o
 .ARM.attributes
                0x0000000000000201       0x39 ./system/src/stm32f4-hal/stm32f4xx_hal_pwr_ex.o
 .ARM.attributes
                0x000000000000023a       0x39 ./system/src/stm32f4-hal/stm32f4xx_hal_rcc.o
 .ARM.attributes
                0x0000000000000273       0x39 ./system/src/stm32f4-hal/stm32f4xx_hal_rcc_ex.o
 .ARM.attributes
                0x00000000000002ac       0x39 ./system/src/stm32f4-hal/stm32f4xx_hal_tim.o
 .ARM.attributes
                0x00000000000002e5       0x39 ./system/src/stm32f4-hal/stm32f4xx_hal_tim_ex.o
 .ARM.attributes
                0x000000000000031e       0x39 ./system/src/stm32f4-hal/stm32f4xx_hal_uart.o
 .ARM.attributes
                0x0000000000000357       0x39 ./system/src/newlib/_exit.o
 .ARM.attributes
                0x0000000000000390       0x39 ./system/src/newlib/_sbrk.o
 .ARM.attributes
                0x00000000000003c9       0x39 ./system/src/newlib/_startup.o
 .ARM.attributes
                0x0000000000000402       0x39 ./system/src/newlib/_syscalls.o
 .ARM.attributes
                0x000000000000043b       0x39 ./system/src/diag/Trace.o
 .ARM.attributes
                0x0000000000000474       0x39 ./system/src/diag/trace_impl.o
 .ARM.attributes
                0x00000000000004ad       0x39 ./system/src/cortexm/_initialize_hardware.o
 .ARM.attributes
                0x00000000000004e6       0x39 ./system/src/cortexm/exception_handlers.o
 .ARM.attributes
                0x000000000000051f       0x39 ./system/src/cmsis/system_stm32f4xx.o
 .ARM.attributes
                0x0000000000000558       0x39 ./system/src/cmsis/vectors_stm32f446xx.o
 .ARM.attributes
                0x0000000000000591       0x39 ./src/BlinkLed.o
 .ARM.attributes
                0x00000000000005ca       0x39 ./src/RingBuffer.o
 .ARM.attributes
                0x0000000000000603       0x39 ./src/Timer.o
 .ARM.attributes
                0x000000000000063c       0x39 ./src/main.o
 .ARM.attributes
                0x0000000000000675       0x39 ./src/stm32f4xx_hal_msp.o
 .ARM.attributes
                0x00000000000006ae       0x39 ./src/stm32f4xx_it.o
 .ARM.attributes
                0x00000000000006e7       0x35 /Users/talman/Documents/workspace/pdm_mic5/pdm_filter/libPDMFilter_CM4F_GCC.a(pdm_filter.o)
 .ARM.attributes
                0x000000000000071c       0x34 /usr/local/gcc-arm-none-eabi-5_2-2015q4/bin/../lib/gcc/arm-none-eabi/5.2.1/../../../../arm-none-eabi/lib/armv7e-m/fpu/libstdc++_nano.a(del_opv.o)
 .ARM.attributes
                0x0000000000000750       0x34 /usr/local/gcc-arm-none-eabi-5_2-2015q4/bin/../lib/gcc/arm-none-eabi/5.2.1/../../../../arm-none-eabi/lib/armv7e-m/fpu/libstdc++_nano.a(new_opv.o)
 .ARM.attributes
                0x0000000000000784       0x34 /usr/local/gcc-arm-none-eabi-5_2-2015q4/bin/../lib/gcc/arm-none-eabi/5.2.1/../../../../arm-none-eabi/lib/armv7e-m/fpu/libstdc++_nano.a(del_op.o)
 .ARM.attributes
                0x00000000000007b8       0x34 /usr/local/gcc-arm-none-eabi-5_2-2015q4/bin/../lib/gcc/arm-none-eabi/5.2.1/../../../../arm-none-eabi/lib/armv7e-m/fpu/libstdc++_nano.a(new_op.o)
 .ARM.attributes
                0x00000000000007ec       0x34 /usr/local/gcc-arm-none-eabi-5_2-2015q4/bin/../lib/gcc/arm-none-eabi/5.2.1/../../../../arm-none-eabi/lib/armv7e-m/fpu/libstdc++_nano.a(new_handler.o)
 .ARM.attributes
                0x0000000000000820       0x34 /usr/local/gcc-arm-none-eabi-5_2-2015q4/bin/../lib/gcc/arm-none-eabi/5.2.1/../../../../arm-none-eabi/lib/armv7e-m/fpu/libm.a(lib_a-s_cos.o)
 .ARM.attributes
                0x0000000000000854       0x34 /usr/local/gcc-arm-none-eabi-5_2-2015q4/bin/../lib/gcc/arm-none-eabi/5.2.1/../../../../arm-none-eabi/lib/armv7e-m/fpu/libm.a(lib_a-w_sqrt.o)
 .ARM.attributes
                0x0000000000000888       0x34 /usr/local/gcc-arm-none-eabi-5_2-2015q4/bin/../lib/gcc/arm-none-eabi/5.2.1/../../../../arm-none-eabi/lib/armv7e-m/fpu/libm.a(lib_a-e_rem_pio2.o)
 .ARM.attributes
                0x00000000000008bc       0x34 /usr/local/gcc-arm-none-eabi-5_2-2015q4/bin/../lib/gcc/arm-none-eabi/5.2.1/../../../../arm-none-eabi/lib/armv7e-m/fpu/libm.a(lib_a-e_sqrt.o)
 .ARM.attributes
                0x00000000000008f0       0x34 /usr/local/gcc-arm-none-eabi-5_2-2015q4/bin/../lib/gcc/arm-none-eabi/5.2.1/../../../../arm-none-eabi/lib/armv7e-m/fpu/libm.a(lib_a-k_cos.o)
 .ARM.attributes
                0x0000000000000924       0x34 /usr/local/gcc-arm-none-eabi-5_2-2015q4/bin/../lib/gcc/arm-none-eabi/5.2.1/../../../../arm-none-eabi/lib/armv7e-m/fpu/libm.a(lib_a-k_rem_pio2.o)
 .ARM.attributes
                0x0000000000000958       0x34 /usr/local/gcc-arm-none-eabi-5_2-2015q4/bin/../lib/gcc/arm-none-eabi/5.2.1/../../../../arm-none-eabi/lib/armv7e-m/fpu/libm.a(lib_a-k_sin.o)
 .ARM.attributes
                0x000000000000098c       0x34 /usr/local/gcc-arm-none-eabi-5_2-2015q4/bin/../lib/gcc/arm-none-eabi/5.2.1/../../../../arm-none-eabi/lib/armv7e-m/fpu/libm.a(lib_a-s_fabs.o)
 .ARM.attributes
                0x00000000000009c0       0x34 /usr/local/gcc-arm-none-eabi-5_2-2015q4/bin/../lib/gcc/arm-none-eabi/5.2.1/../../../../arm-none-eabi/lib/armv7e-m/fpu/libm.a(lib_a-s_floor.o)
 .ARM.attributes
                0x00000000000009f4       0x34 /usr/local/gcc-arm-none-eabi-5_2-2015q4/bin/../lib/gcc/arm-none-eabi/5.2.1/../../../../arm-none-eabi/lib/armv7e-m/fpu/libm.a(lib_a-s_fpclassify.o)
 .ARM.attributes
                0x0000000000000a28       0x34 /usr/local/gcc-arm-none-eabi-5_2-2015q4/bin/../lib/gcc/arm-none-eabi/5.2.1/../../../../arm-none-eabi/lib/armv7e-m/fpu/libm.a(lib_a-s_lib_ver.o)
 .ARM.attributes
                0x0000000000000a5c       0x34 /usr/local/gcc-arm-none-eabi-5_2-2015q4/bin/../lib/gcc/arm-none-eabi/5.2.1/../../../../arm-none-eabi/lib/armv7e-m/fpu/libm.a(lib_a-s_matherr.o)
 .ARM.attributes
                0x0000000000000a90       0x34 /usr/local/gcc-arm-none-eabi-5_2-2015q4/bin/../lib/gcc/arm-none-eabi/5.2.1/../../../../arm-none-eabi/lib/armv7e-m/fpu/libm.a(lib_a-s_scalbn.o)
 .ARM.attributes
                0x0000000000000ac4       0x34 /usr/local/gcc-arm-none-eabi-5_2-2015q4/bin/../lib/gcc/arm-none-eabi/5.2.1/../../../../arm-none-eabi/lib/armv7e-m/fpu/libm.a(lib_a-s_copysign.o)
 .ARM.attributes
                0x0000000000000af8       0x22 /usr/local/gcc-arm-none-eabi-5_2-2015q4/bin/../lib/gcc/arm-none-eabi/5.2.1/armv7e-m/fpu/libgcc.a(_arm_addsubdf3.o)
 .ARM.attributes
                0x0000000000000b1a       0x22 /usr/local/gcc-arm-none-eabi-5_2-2015q4/bin/../lib/gcc/arm-none-eabi/5.2.1/armv7e-m/fpu/libgcc.a(_arm_muldivdf3.o)
 .ARM.attributes
                0x0000000000000b3c       0x22 /usr/local/gcc-arm-none-eabi-5_2-2015q4/bin/../lib/gcc/arm-none-eabi/5.2.1/armv7e-m/fpu/libgcc.a(_arm_cmpdf2.o)
 .ARM.attributes
                0x0000000000000b5e       0x22 /usr/local/gcc-arm-none-eabi-5_2-2015q4/bin/../lib/gcc/arm-none-eabi/5.2.1/armv7e-m/fpu/libgcc.a(_arm_fixdfsi.o)
 .ARM.attributes
                0x0000000000000b80       0x22 /usr/local/gcc-arm-none-eabi-5_2-2015q4/bin/../lib/gcc/arm-none-eabi/5.2.1/armv7e-m/fpu/libgcc.a(_arm_fixunsdfsi.o)
 .ARM.attributes
                0x0000000000000ba2       0x22 /usr/local/gcc-arm-none-eabi-5_2-2015q4/bin/../lib/gcc/arm-none-eabi/5.2.1/armv7e-m/fpu/libgcc.a(_arm_truncdfsf2.o)
 .ARM.attributes
                0x0000000000000bc4       0x34 /usr/local/gcc-arm-none-eabi-5_2-2015q4/bin/../lib/gcc/arm-none-eabi/5.2.1/../../../../arm-none-eabi/lib/armv7e-m/fpu/libg_nano.a(lib_a-ctype_.o)
 .ARM.attributes
                0x0000000000000bf8       0x34 /usr/local/gcc-arm-none-eabi-5_2-2015q4/bin/../lib/gcc/arm-none-eabi/5.2.1/../../../../arm-none-eabi/lib/armv7e-m/fpu/libg_nano.a(lib_a-errno.o)
 .ARM.attributes
                0x0000000000000c2c       0x34 /usr/local/gcc-arm-none-eabi-5_2-2015q4/bin/../lib/gcc/arm-none-eabi/5.2.1/../../../../arm-none-eabi/lib/armv7e-m/fpu/libg_nano.a(lib_a-findfp.o)
 .ARM.attributes
                0x0000000000000c60       0x34 /usr/local/gcc-arm-none-eabi-5_2-2015q4/bin/../lib/gcc/arm-none-eabi/5.2.1/../../../../arm-none-eabi/lib/armv7e-m/fpu/libg_nano.a(lib_a-fwalk.o)
 .ARM.attributes
                0x0000000000000c94       0x34 /usr/local/gcc-arm-none-eabi-5_2-2015q4/bin/../lib/gcc/arm-none-eabi/5.2.1/../../../../arm-none-eabi/lib/armv7e-m/fpu/libg_nano.a(lib_a-fwrite.o)
 .ARM.attributes
                0x0000000000000cc8       0x34 /usr/local/gcc-arm-none-eabi-5_2-2015q4/bin/../lib/gcc/arm-none-eabi/5.2.1/../../../../arm-none-eabi/lib/armv7e-m/fpu/libg_nano.a(lib_a-impure.o)
 .ARM.attributes
                0x0000000000000cfc       0x34 /usr/local/gcc-arm-none-eabi-5_2-2015q4/bin/../lib/gcc/arm-none-eabi/5.2.1/../../../../arm-none-eabi/lib/armv7e-m/fpu/libg_nano.a(lib_a-malloc.o)
 .ARM.attributes
                0x0000000000000d30       0x34 /usr/local/gcc-arm-none-eabi-5_2-2015q4/bin/../lib/gcc/arm-none-eabi/5.2.1/../../../../arm-none-eabi/lib/armv7e-m/fpu/libg_nano.a(lib_a-memset.o)
 .ARM.attributes
                0x0000000000000d64       0x34 /usr/local/gcc-arm-none-eabi-5_2-2015q4/bin/../lib/gcc/arm-none-eabi/5.2.1/../../../../arm-none-eabi/lib/armv7e-m/fpu/libg_nano.a(lib_a-nano-freer.o)
 .ARM.attributes
                0x0000000000000d98       0x34 /usr/local/gcc-arm-none-eabi-5_2-2015q4/bin/../lib/gcc/arm-none-eabi/5.2.1/../../../../arm-none-eabi/lib/armv7e-m/fpu/libg_nano.a(lib_a-nano-mallocr.o)
 .ARM.attributes
                0x0000000000000dcc       0x34 /usr/local/gcc-arm-none-eabi-5_2-2015q4/bin/../lib/gcc/arm-none-eabi/5.2.1/../../../../arm-none-eabi/lib/armv7e-m/fpu/libg_nano.a(lib_a-puts.o)
 .ARM.attributes
                0x0000000000000e00       0x34 /usr/local/gcc-arm-none-eabi-5_2-2015q4/bin/../lib/gcc/arm-none-eabi/5.2.1/../../../../arm-none-eabi/lib/armv7e-m/fpu/libg_nano.a(lib_a-sbrkr.o)
 .ARM.attributes
                0x0000000000000e34       0x34 /usr/local/gcc-arm-none-eabi-5_2-2015q4/bin/../lib/gcc/arm-none-eabi/5.2.1/../../../../arm-none-eabi/lib/armv7e-m/fpu/libg_nano.a(lib_a-stdio.o)
 .ARM.attributes
                0x0000000000000e68       0x20 /usr/local/gcc-arm-none-eabi-5_2-2015q4/bin/../lib/gcc/arm-none-eabi/5.2.1/../../../../arm-none-eabi/lib/armv7e-m/fpu/libg_nano.a(lib_a-strcmp.o)
 .ARM.attributes
                0x0000000000000e88       0x1b /usr/local/gcc-arm-none-eabi-5_2-2015q4/bin/../lib/gcc/arm-none-eabi/5.2.1/../../../../arm-none-eabi/lib/armv7e-m/fpu/libg_nano.a(lib_a-strlen.o)
 .ARM.attributes
                0x0000000000000ea3       0x34 /usr/local/gcc-arm-none-eabi-5_2-2015q4/bin/../lib/gcc/arm-none-eabi/5.2.1/../../../../arm-none-eabi/lib/armv7e-m/fpu/libg_nano.a(lib_a-vsnprintf.o)
 .ARM.attributes
                0x0000000000000ed7       0x34 /usr/local/gcc-arm-none-eabi-5_2-2015q4/bin/../lib/gcc/arm-none-eabi/5.2.1/../../../../arm-none-eabi/lib/armv7e-m/fpu/libg_nano.a(lib_a-wbuf.o)
 .ARM.attributes
                0x0000000000000f0b       0x34 /usr/local/gcc-arm-none-eabi-5_2-2015q4/bin/../lib/gcc/arm-none-eabi/5.2.1/../../../../arm-none-eabi/lib/armv7e-m/fpu/libg_nano.a(lib_a-writer.o)
 .ARM.attributes
                0x0000000000000f3f       0x34 /usr/local/gcc-arm-none-eabi-5_2-2015q4/bin/../lib/gcc/arm-none-eabi/5.2.1/../../../../arm-none-eabi/lib/armv7e-m/fpu/libg_nano.a(lib_a-wsetup.o)
 .ARM.attributes
                0x0000000000000f73       0x34 /usr/local/gcc-arm-none-eabi-5_2-2015q4/bin/../lib/gcc/arm-none-eabi/5.2.1/../../../../arm-none-eabi/lib/armv7e-m/fpu/libg_nano.a(lib_a-closer.o)
 .ARM.attributes
                0x0000000000000fa7       0x34 /usr/local/gcc-arm-none-eabi-5_2-2015q4/bin/../lib/gcc/arm-none-eabi/5.2.1/../../../../arm-none-eabi/lib/armv7e-m/fpu/libg_nano.a(lib_a-fflush.o)
 .ARM.attributes
                0x0000000000000fdb       0x34 /usr/local/gcc-arm-none-eabi-5_2-2015q4/bin/../lib/gcc/arm-none-eabi/5.2.1/../../../../arm-none-eabi/lib/armv7e-m/fpu/libg_nano.a(lib_a-lseekr.o)
 .ARM.attributes
                0x000000000000100f       0x34 /usr/local/gcc-arm-none-eabi-5_2-2015q4/bin/../lib/gcc/arm-none-eabi/5.2.1/../../../../arm-none-eabi/lib/armv7e-m/fpu/libg_nano.a(lib_a-makebuf.o)
 .ARM.attributes
                0x0000000000001043       0x34 /usr/local/gcc-arm-none-eabi-5_2-2015q4/bin/../lib/gcc/arm-none-eabi/5.2.1/../../../../arm-none-eabi/lib/armv7e-m/fpu/libg_nano.a(lib_a-nano-svfprintf.o)
 .ARM.attributes
                0x0000000000001077       0x34 /usr/local/gcc-arm-none-eabi-5_2-2015q4/bin/../lib/gcc/arm-none-eabi/5.2.1/../../../../arm-none-eabi/lib/armv7e-m/fpu/libg_nano.a(lib_a-nano-vfprintf_i.o)
 .ARM.attributes
                0x00000000000010ab       0x34 /usr/local/gcc-arm-none-eabi-5_2-2015q4/bin/../lib/gcc/arm-none-eabi/5.2.1/../../../../arm-none-eabi/lib/armv7e-m/fpu/libg_nano.a(lib_a-readr.o)
 .ARM.attributes
                0x00000000000010df       0x34 /usr/local/gcc-arm-none-eabi-5_2-2015q4/bin/../lib/gcc/arm-none-eabi/5.2.1/../../../../arm-none-eabi/lib/armv7e-m/fpu/libg_nano.a(lib_a-fstatr.o)
 .ARM.attributes
                0x0000000000001113       0x34 /usr/local/gcc-arm-none-eabi-5_2-2015q4/bin/../lib/gcc/arm-none-eabi/5.2.1/../../../../arm-none-eabi/lib/armv7e-m/fpu/libg_nano.a(lib_a-isattyr.o)
 .ARM.attributes
                0x0000000000001147       0x20 /usr/local/gcc-arm-none-eabi-5_2-2015q4/bin/../lib/gcc/arm-none-eabi/5.2.1/../../../../arm-none-eabi/lib/armv7e-m/fpu/libg_nano.a(lib_a-memchr.o)
 .ARM.attributes
                0x0000000000001167       0x34 /usr/local/gcc-arm-none-eabi-5_2-2015q4/bin/../lib/gcc/arm-none-eabi/5.2.1/../../../../arm-none-eabi/lib/armv7e-m/fpu/libg_nano.a(lib_a-memcpy-stub.o)
 .ARM.attributes
                0x000000000000119b       0x34 /usr/local/gcc-arm-none-eabi-5_2-2015q4/bin/../lib/gcc/arm-none-eabi/5.2.1/../../../../arm-none-eabi/lib/armv7e-m/fpu/libg_nano.a(lib_a-memmove.o)
 .ARM.attributes
                0x00000000000011cf       0x34 /usr/local/gcc-arm-none-eabi-5_2-2015q4/bin/../lib/gcc/arm-none-eabi/5.2.1/../../../../arm-none-eabi/lib/armv7e-m/fpu/libg_nano.a(lib_a-nano-reallocr.o)
 .ARM.attributes
                0x0000000000001203       0x34 /usr/local/gcc-arm-none-eabi-5_2-2015q4/bin/../lib/gcc/arm-none-eabi/5.2.1/../../../../arm-none-eabi/lib/armv7e-m/fpu/libg_nano.a(lib_a-nano-msizer.o)

.debug
 *(.debug)

.line
 *(.line)

.debug_srcinfo
 *(.debug_srcinfo)

.debug_sfnames
 *(.debug_sfnames)

.debug_aranges  0x0000000000000000     0x1188
 *(.debug_aranges)
 .debug_aranges
                0x0000000000000000       0xc0 ./system/src/stm32f4-hal/stm32f4xx_hal.o
 .debug_aranges
                0x00000000000000c0       0xe8 ./system/src/stm32f4-hal/stm32f4xx_hal_adc.o
 .debug_aranges
                0x00000000000001a8       0x98 ./system/src/stm32f4-hal/stm32f4xx_hal_cortex.o
 .debug_aranges
                0x0000000000000240       0xc0 ./system/src/stm32f4-hal/stm32f4xx_hal_dac.o
 .debug_aranges
                0x0000000000000300       0x70 ./system/src/stm32f4-hal/stm32f4xx_hal_dma.o
 .debug_aranges
                0x0000000000000370       0x38 ./system/src/stm32f4-hal/stm32f4xx_hal_dma_ex.o
 .debug_aranges
                0x00000000000003a8       0x58 ./system/src/stm32f4-hal/stm32f4xx_hal_gpio.o
 .debug_aranges
                0x0000000000000400       0xf0 ./system/src/stm32f4-hal/stm32f4xx_hal_i2s.o
 .debug_aranges
                0x00000000000004f0       0x30 ./system/src/stm32f4-hal/stm32f4xx_hal_i2s_ex.o
 .debug_aranges
                0x0000000000000520       0x60 ./system/src/stm32f4-hal/stm32f4xx_hal_pwr_ex.o
 .debug_aranges
                0x0000000000000580       0x88 ./system/src/stm32f4-hal/stm32f4xx_hal_rcc.o
 .debug_aranges
                0x0000000000000608       0x58 ./system/src/stm32f4-hal/stm32f4xx_hal_rcc_ex.o
 .debug_aranges
                0x0000000000000660      0x368 ./system/src/stm32f4-hal/stm32f4xx_hal_tim.o
 .debug_aranges
                0x00000000000009c8      0x140 ./system/src/stm32f4-hal/stm32f4xx_hal_tim_ex.o
 .debug_aranges
                0x0000000000000b08      0x150 ./system/src/stm32f4-hal/stm32f4xx_hal_uart.o
 .debug_aranges
                0x0000000000000c58       0x28 ./system/src/newlib/_exit.o
 .debug_aranges
                0x0000000000000c80       0x20 ./system/src/newlib/_sbrk.o
 .debug_aranges
                0x0000000000000ca0       0x40 ./system/src/newlib/_startup.o
 .debug_aranges
                0x0000000000000ce0      0x120 ./system/src/newlib/_syscalls.o
 .debug_aranges
                0x0000000000000e00       0x38 ./system/src/diag/Trace.o
 .debug_aranges
                0x0000000000000e38       0x30 ./system/src/diag/trace_impl.o
 .debug_aranges
                0x0000000000000e68       0x28 ./system/src/cortexm/_initialize_hardware.o
 .debug_aranges
                0x0000000000000e90       0x90 ./system/src/cortexm/exception_handlers.o
 .debug_aranges
                0x0000000000000f20       0x28 ./system/src/cmsis/system_stm32f4xx.o
 .debug_aranges
                0x0000000000000f48       0x20 ./system/src/cmsis/vectors_stm32f446xx.o
 .debug_aranges
                0x0000000000000f68       0x48 ./src/BlinkLed.o
 .debug_aranges
                0x0000000000000fb0       0x60 ./src/RingBuffer.o
 .debug_aranges
                0x0000000000001010       0x28 ./src/Timer.o
 .debug_aranges
                0x0000000000001038       0xc0 ./src/main.o
 .debug_aranges
                0x00000000000010f8       0x68 ./src/stm32f4xx_hal_msp.o
 .debug_aranges
                0x0000000000001160       0x28 ./src/stm32f4xx_it.o

.debug_pubnames
 *(.debug_pubnames)

.debug_info     0x0000000000000000    0x1a6e5
 *(.debug_info .gnu.linkonce.wi.*)
 .debug_info    0x0000000000000000      0x94b ./system/src/stm32f4-hal/stm32f4xx_hal.o
 .debug_info    0x000000000000094b     0x11c6 ./system/src/stm32f4-hal/stm32f4xx_hal_adc.o
 .debug_info    0x0000000000001b11     0x1129 ./system/src/stm32f4-hal/stm32f4xx_hal_cortex.o
 .debug_info    0x0000000000002c3a      0xc32 ./system/src/stm32f4-hal/stm32f4xx_hal_dac.o
 .debug_info    0x000000000000386c      0x9e1 ./system/src/stm32f4-hal/stm32f4xx_hal_dma.o
 .debug_info    0x000000000000424d      0x572 ./system/src/stm32f4-hal/stm32f4xx_hal_dma_ex.o
 .debug_info    0x00000000000047bf      0x8d4 ./system/src/stm32f4-hal/stm32f4xx_hal_gpio.o
 .debug_info    0x0000000000005093      0xf52 ./system/src/stm32f4-hal/stm32f4xx_hal_i2s.o
 .debug_info    0x0000000000005fe5      0x81c ./system/src/stm32f4-hal/stm32f4xx_hal_i2s_ex.o
 .debug_info    0x0000000000006801      0x9b9 ./system/src/stm32f4-hal/stm32f4xx_hal_pwr_ex.o
 .debug_info    0x00000000000071ba      0xf99 ./system/src/stm32f4-hal/stm32f4xx_hal_rcc.o
 .debug_info    0x0000000000008153     0x1839 ./system/src/stm32f4-hal/stm32f4xx_hal_rcc_ex.o
 .debug_info    0x000000000000998c     0x4347 ./system/src/stm32f4-hal/stm32f4xx_hal_tim.o
 .debug_info    0x000000000000dcd3     0x18cc ./system/src/stm32f4-hal/stm32f4xx_hal_tim_ex.o
 .debug_info    0x000000000000f59f     0x14f4 ./system/src/stm32f4-hal/stm32f4xx_hal_uart.o
 .debug_info    0x0000000000010a93       0xef ./system/src/newlib/_exit.o
 .debug_info    0x0000000000010b82      0x11f ./system/src/newlib/_sbrk.o
 .debug_info    0x0000000000010ca1      0x4fa ./system/src/newlib/_startup.o
 .debug_info    0x000000000001119b     0x1ebd ./system/src/newlib/_syscalls.o
 .debug_info    0x0000000000013058      0x2e7 ./system/src/diag/Trace.o
 .debug_info    0x000000000001333f      0x315 ./system/src/diag/trace_impl.o
 .debug_info    0x0000000000013654      0x2cb ./system/src/cortexm/_initialize_hardware.o
 .debug_info    0x000000000001391f      0x9a9 ./system/src/cortexm/exception_handlers.o
 .debug_info    0x00000000000142c8      0x4e4 ./system/src/cmsis/system_stm32f4xx.o
 .debug_info    0x00000000000147ac       0xd1 ./system/src/cmsis/vectors_stm32f446xx.o
 .debug_info    0x000000000001487d      0x605 ./src/BlinkLed.o
 .debug_info    0x0000000000014e82      0x4b7 ./src/RingBuffer.o
 .debug_info    0x0000000000015339      0x1e1 ./src/Timer.o
 .debug_info    0x000000000001551a     0x32a7 ./src/main.o
 .debug_info    0x00000000000187c1     0x16d6 ./src/stm32f4xx_hal_msp.o
 .debug_info    0x0000000000019e97      0x84e ./src/stm32f4xx_it.o

.debug_abbrev   0x0000000000000000     0x3ed1
 *(.debug_abbrev)