Archive member included to satisfy reference by file (symbol)

/usr/local/gcc-arm-none-eabi-5_2-2015q4/bin/../lib/gcc/arm-none-eabi/5.2.1/../../../../arm-none-eabi/lib/armv7e-m/libg_nano.a(lib_a-ctype_.o)
                              ./system/src/newlib/_syscalls.o (__ctype_ptr__)
/usr/local/gcc-arm-none-eabi-5_2-2015q4/bin/../lib/gcc/arm-none-eabi/5.2.1/../../../../arm-none-eabi/lib/armv7e-m/libg_nano.a(lib_a-errno.o)
                              ./system/src/newlib/_sbrk.o (__errno)
/usr/local/gcc-arm-none-eabi-5_2-2015q4/bin/../lib/gcc/arm-none-eabi/5.2.1/../../../../arm-none-eabi/lib/armv7e-m/libg_nano.a(lib_a-findfp.o)
                              ./system/src/newlib/_syscalls.o (__sinit)
/usr/local/gcc-arm-none-eabi-5_2-2015q4/bin/../lib/gcc/arm-none-eabi/5.2.1/../../../../arm-none-eabi/lib/armv7e-m/libg_nano.a(lib_a-fwalk.o)
                              /usr/local/gcc-arm-none-eabi-5_2-2015q4/bin/../lib/gcc/arm-none-eabi/5.2.1/../../../../arm-none-eabi/lib/armv7e-m/libg_nano.a(lib_a-findfp.o) (_fwalk)
/usr/local/gcc-arm-none-eabi-5_2-2015q4/bin/../lib/gcc/arm-none-eabi/5.2.1/../../../../arm-none-eabi/lib/armv7e-m/libg_nano.a(lib_a-fwrite.o)
                              ./src/main.o (fwrite)
/usr/local/gcc-arm-none-eabi-5_2-2015q4/bin/../lib/gcc/arm-none-eabi/5.2.1/../../../../arm-none-eabi/lib/armv7e-m/libg_nano.a(lib_a-impure.o)
                              /usr/local/gcc-arm-none-eabi-5_2-2015q4/bin/../lib/gcc/arm-none-eabi/5.2.1/../../../../arm-none-eabi/lib/armv7e-m/libg_nano.a(lib_a-findfp.o) (_global_impure_ptr)
/usr/local/gcc-arm-none-eabi-5_2-2015q4/bin/../lib/gcc/arm-none-eabi/5.2.1/../../../../arm-none-eabi/lib/armv7e-m/libg_nano.a(lib_a-memset.o)
                              ./system/src/newlib/_syscalls.o (memset)
/usr/local/gcc-arm-none-eabi-5_2-2015q4/bin/../lib/gcc/arm-none-eabi/5.2.1/../../../../arm-none-eabi/lib/armv7e-m/libg_nano.a(lib_a-nano-mallocr.o)
                              /usr/local/gcc-arm-none-eabi-5_2-2015q4/bin/../lib/gcc/arm-none-eabi/5.2.1/../../../../arm-none-eabi/lib/armv7e-m/libg_nano.a(lib_a-findfp.o) (_malloc_r)
/usr/local/gcc-arm-none-eabi-5_2-2015q4/bin/../lib/gcc/arm-none-eabi/5.2.1/../../../../arm-none-eabi/lib/armv7e-m/libg_nano.a(lib_a-puts.o)
                              ./src/main.o (puts)
/usr/local/gcc-arm-none-eabi-5_2-2015q4/bin/../lib/gcc/arm-none-eabi/5.2.1/../../../../arm-none-eabi/lib/armv7e-m/libg_nano.a(lib_a-sbrkr.o)
                              /usr/local/gcc-arm-none-eabi-5_2-2015q4/bin/../lib/gcc/arm-none-eabi/5.2.1/../../../../arm-none-eabi/lib/armv7e-m/libg_nano.a(lib_a-nano-mallocr.o) (_sbrk_r)
/usr/local/gcc-arm-none-eabi-5_2-2015q4/bin/../lib/gcc/arm-none-eabi/5.2.1/../../../../arm-none-eabi/lib/armv7e-m/libg_nano.a(lib_a-stdio.o)
                              /usr/local/gcc-arm-none-eabi-5_2-2015q4/bin/../lib/gcc/arm-none-eabi/5.2.1/../../../../arm-none-eabi/lib/armv7e-m/libg_nano.a(lib_a-findfp.o) (__sread)
/usr/local/gcc-arm-none-eabi-5_2-2015q4/bin/../lib/gcc/arm-none-eabi/5.2.1/../../../../arm-none-eabi/lib/armv7e-m/libg_nano.a(lib_a-strcmp.o)
                              ./system/src/cortexm/exception_handlers.o (strcmp)
/usr/local/gcc-arm-none-eabi-5_2-2015q4/bin/../lib/gcc/arm-none-eabi/5.2.1/../../../../arm-none-eabi/lib/armv7e-m/libg_nano.a(lib_a-strlen.o)
                              ./system/src/newlib/_syscalls.o (strlen)
/usr/local/gcc-arm-none-eabi-5_2-2015q4/bin/../lib/gcc/arm-none-eabi/5.2.1/../../../../arm-none-eabi/lib/armv7e-m/libg_nano.a(lib_a-strncpy.o)
                              ./system/src/newlib/_syscalls.o (strncpy)
/usr/local/gcc-arm-none-eabi-5_2-2015q4/bin/../lib/gcc/arm-none-eabi/5.2.1/../../../../arm-none-eabi/lib/armv7e-m/libg_nano.a(lib_a-vsnprintf.o)
                              ./system/src/diag/Trace.o (vsnprintf)
/usr/local/gcc-arm-none-eabi-5_2-2015q4/bin/../lib/gcc/arm-none-eabi/5.2.1/../../../../arm-none-eabi/lib/armv7e-m/libg_nano.a(lib_a-wbuf.o)
                              /usr/local/gcc-arm-none-eabi-5_2-2015q4/bin/../lib/gcc/arm-none-eabi/5.2.1/../../../../arm-none-eabi/lib/armv7e-m/libg_nano.a(lib_a-fwrite.o) (__swbuf_r)
/usr/local/gcc-arm-none-eabi-5_2-2015q4/bin/../lib/gcc/arm-none-eabi/5.2.1/../../../../arm-none-eabi/lib/armv7e-m/libg_nano.a(lib_a-writer.o)
                              /usr/local/gcc-arm-none-eabi-5_2-2015q4/bin/../lib/gcc/arm-none-eabi/5.2.1/../../../../arm-none-eabi/lib/armv7e-m/libg_nano.a(lib_a-stdio.o) (_write_r)
/usr/local/gcc-arm-none-eabi-5_2-2015q4/bin/../lib/gcc/arm-none-eabi/5.2.1/../../../../arm-none-eabi/lib/armv7e-m/libg_nano.a(lib_a-wsetup.o)
                              /usr/local/gcc-arm-none-eabi-5_2-2015q4/bin/../lib/gcc/arm-none-eabi/5.2.1/../../../../arm-none-eabi/lib/armv7e-m/libg_nano.a(lib_a-fwrite.o) (__swsetup_r)
/usr/local/gcc-arm-none-eabi-5_2-2015q4/bin/../lib/gcc/arm-none-eabi/5.2.1/../../../../arm-none-eabi/lib/armv7e-m/libg_nano.a(lib_a-closer.o)
[...]
Memory Configuration

Name             Origin             Length             Attributes
RAM              0x0000000020000000 0x0000000000020000 xrw
CCMRAM           0x0000000010000000 0x0000000000010000 xrw
FLASH            0x0000000008000000 0x0000000000100000 xr
FLASHB1          0x0000000000000000 0x0000000000000000 xr
EXTMEMB0         0x0000000000000000 0x0000000000000000 xr
EXTMEMB1         0x0000000000000000 0x0000000000000000 xr
EXTMEMB2         0x0000000000000000 0x0000000000000000 xr
EXTMEMB3         0x0000000000000000 0x0000000000000000 xr
MEMORY_ARRAY     0x0000000020002000 0x0000000000000020 xrw
*default*        0x0000000000000000 0xffffffffffffffff

Linker script and memory map

LOAD ./system/src/stm32f4-hal/stm32f4xx_hal.o
LOAD ./system/src/stm32f4-hal/stm32f4xx_hal_adc.o
LOAD ./system/src/stm32f4-hal/stm32f4xx_hal_adc_ex.o
LOAD ./system/src/stm32f4-hal/stm32f4xx_hal_cortex.o
LOAD ./system/src/stm32f4-hal/stm32f4xx_hal_dac.o
LOAD ./system/src/stm32f4-hal/stm32f4xx_hal_dac_ex.o
LOAD ./system/src/stm32f4-hal/stm32f4xx_hal_dma.o
LOAD ./system/src/stm32f4-hal/stm32f4xx_hal_dma_ex.o
LOAD ./system/src/stm32f4-hal/stm32f4xx_hal_flash.o
LOAD ./system/src/stm32f4-hal/stm32f4xx_hal_flash_ex.o
LOAD ./system/src/stm32f4-hal/stm32f4xx_hal_flash_ramfunc.o
LOAD ./system/src/stm32f4-hal/stm32f4xx_hal_gpio.o
LOAD ./system/src/stm32f4-hal/stm32f4xx_hal_i2s.o
LOAD ./system/src/stm32f4-hal/stm32f4xx_hal_i2s_ex.o
LOAD ./system/src/stm32f4-hal/stm32f4xx_hal_pwr.o
LOAD ./system/src/stm32f4-hal/stm32f4xx_hal_pwr_ex.o
LOAD ./system/src/stm32f4-hal/stm32f4xx_hal_rcc.o
LOAD ./system/src/stm32f4-hal/stm32f4xx_hal_rcc_ex.o
LOAD ./system/src/stm32f4-hal/stm32f4xx_hal_tim.o
LOAD ./system/src/stm32f4-hal/stm32f4xx_hal_tim_ex.o
LOAD ./system/src/stm32f4-hal/stm32f4xx_hal_uart.o
LOAD ./system/src/newlib/_cxx.o
LOAD ./system/src/newlib/_exit.o
LOAD ./system/src/newlib/_sbrk.o
LOAD ./system/src/newlib/_startup.o
LOAD ./system/src/newlib/_syscalls.o
LOAD ./system/src/newlib/assert.o
LOAD ./system/src/diag/Trace.o
LOAD ./system/src/diag/trace_impl.o
LOAD ./system/src/cortexm/_initialize_hardware.o
LOAD ./system/src/cortexm/_reset_hardware.o
LOAD ./system/src/cortexm/exception_handlers.o
LOAD ./system/src/cmsis/system_stm32f4xx.o
LOAD ./system/src/cmsis/vectors_stm32f446xx.o
LOAD ./src/BlinkLed.o
LOAD ./src/Timer.o
LOAD ./src/_write.o
LOAD ./src/main.o
LOAD ./src/stm32f4xx_hal_msp.o
LOAD ./src/stm32f4xx_it.o
LOAD /usr/local/gcc-arm-none-eabi-5_2-2015q4/bin/../lib/gcc/arm-none-eabi/5.2.1/../../../../arm-none-eabi/lib/armv7e-m/libstdc++_nano.a
LOAD /usr/local/gcc-arm-none-eabi-5_2-2015q4/bin/../lib/gcc/arm-none-eabi/5.2.1/../../../../arm-none-eabi/lib/armv7e-m/libm.a
START GROUP
LOAD /usr/local/gcc-arm-none-eabi-5_2-2015q4/bin/../lib/gcc/arm-none-eabi/5.2.1/armv7e-m/libgcc.a
LOAD /usr/local/gcc-arm-none-eabi-5_2-2015q4/bin/../lib/gcc/arm-none-eabi/5.2.1/../../../../arm-none-eabi/lib/armv7e-m/libg_nano.a
LOAD /usr/local/gcc-arm-none-eabi-5_2-2015q4/bin/../lib/gcc/arm-none-eabi/5.2.1/../../../../arm-none-eabi/lib/armv7e-m/libc_nano.a
END GROUP
START GROUP
LOAD /usr/local/gcc-arm-none-eabi-5_2-2015q4/bin/../lib/gcc/arm-none-eabi/5.2.1/armv7e-m/libgcc.a
LOAD /usr/local/gcc-arm-none-eabi-5_2-2015q4/bin/../lib/gcc/arm-none-eabi/5.2.1/../../../../arm-none-eabi/lib/armv7e-m/libc_nano.a
END GROUP
                0x0000000020020000                __stack = (ORIGIN (RAM) + LENGTH (RAM))
                0x0000000020020000                _estack = __stack
                0x0000000000000400                __Main_Stack_Size = 0x400
                [!provide]                        PROVIDE (_Main_Stack_Size, __Main_Stack_Size)
                0x000000002001fc00                __Main_Stack_Limit = (__stack - __Main_Stack_Size)
                [!provide]                        PROVIDE (_Main_Stack_Limit, __Main_Stack_Limit)
                0x0000000000000100                _Minimum_Stack_Size = 0x100
                0x0000000020000b84                PROVIDE (_Heap_Begin, _end_noinit)
                0x000000002001fc00                PROVIDE (_Heap_Limit, (__stack - __Main_Stack_Size))

.isr_vector     0x0000000008000000      0x428
 FILL mask 0xff
                0x0000000008000000                __vectors_start = ABSOLUTE (.)
                0x0000000008000000                __vectors_start__ = ABSOLUTE (.)
 *(.isr_vector)
 .isr_vector    0x0000000008000000      0x1c4 ./system/src/cmsis/vectors_stm32f446xx.o
                0x0000000008000000                __isr_vectors
 *(.cfmconfig)
 *(.after_vectors .after_vectors.*)
 .after_vectors
                0x00000000080001c4      0x130 ./system/src/newlib/_startup.o
                0x00000000080001c4                _start
 .after_vectors
                0x00000000080002f4      0x130 ./system/src/cortexm/exception_handlers.o
                0x00000000080002f4                Reset_Handler
                0x00000000080002fc                NMI_Handler
                0x0000000008000300                HardFault_Handler
                0x0000000008000314                HardFault_Handler_C
                0x0000000008000374                MemManage_Handler
                0x0000000008000378                BusFault_Handler
                0x000000000800038c                BusFault_Handler_C
                0x00000000080003c0                UsageFault_Handler
                0x00000000080003d4                UsageFault_Handler_C
                0x0000000008000408                SVC_Handler
                0x000000000800040c                DebugMon_Handler
                0x0000000008000410                PendSV_Handler
 .after_vectors
                0x0000000008000424        0x4 ./system/src/cmsis/vectors_stm32f446xx.o
                0x0000000008000424                SAI1_IRQHandler
                0x0000000008000424                EXTI2_IRQHandler
                0x0000000008000424                TIM8_CC_IRQHandler
                0x0000000008000424                SPI4_IRQHandler
                0x0000000008000424                TIM1_CC_IRQHandler
                0x0000000008000424                DMA2_Stream5_IRQHandler
                0x0000000008000424                DMA1_Stream5_IRQHandler
                0x0000000008000424                PVD_IRQHandler
                0x0000000008000424                SDIO_IRQHandler
                0x0000000008000424                TAMP_STAMP_IRQHandler
                0x0000000008000424                CAN2_RX1_IRQHandler
                0x0000000008000424                EXTI3_IRQHandler
                0x0000000008000424                TIM8_TRG_COM_TIM14_IRQHandler
                0x0000000008000424                TIM1_UP_TIM10_IRQHandler
                0x0000000008000424                TIM8_UP_TIM13_IRQHandler
                0x0000000008000424                I2C3_ER_IRQHandler
                0x0000000008000424                EXTI0_IRQHandler
                0x0000000008000424                I2C2_EV_IRQHandler
                0x0000000008000424                DMA1_Stream2_IRQHandler
                0x0000000008000424                CAN1_RX0_IRQHandler
                0x0000000008000424                FPU_IRQHandler
                0x0000000008000424                OTG_HS_WKUP_IRQHandler
                0x0000000008000424                CAN2_SCE_IRQHandler
                0x0000000008000424                DMA2_Stream2_IRQHandler
                0x0000000008000424                SPI1_IRQHandler
                0x0000000008000424                TIM6_DAC_IRQHandler
                0x0000000008000424                TIM1_BRK_TIM9_IRQHandler
                0x0000000008000424                DCMI_IRQHandler
                0x0000000008000424                CAN2_RX0_IRQHandler
                0x0000000008000424                DMA2_Stream3_IRQHandler
                0x0000000008000424                SAI2_IRQHandler
                0x0000000008000424                USART6_IRQHandler
                0x0000000008000424                USART3_IRQHandler
                0x0000000008000424                CAN1_RX1_IRQHandler
                0x0000000008000424                UART5_IRQHandler
                0x0000000008000424                DMA2_Stream0_IRQHandler
                0x0000000008000424                I2C4_Error_IRQHandler
                0x0000000008000424                TIM4_IRQHandler
                0x0000000008000424                QUADSPI_IRQHandler
                0x0000000008000424                I2C1_EV_IRQHandler
                0x0000000008000424                DMA1_Stream6_IRQHandler
                0x0000000008000424                DMA1_Stream1_IRQHandler
                0x0000000008000424                UART4_IRQHandler
                0x0000000008000424                TIM3_IRQHandler
                0x0000000008000424                RCC_IRQHandler
                0x0000000008000424                TIM8_BRK_TIM12_IRQHandler
                0x0000000008000424                Default_Handler
                0x0000000008000424                CEC_IRQHandler
                0x0000000008000424                EXTI15_10_IRQHandler
                0x0000000008000424                ADC_IRQHandler
                0x0000000008000424                DMA1_Stream7_IRQHandler
                0x0000000008000424                TIM7_IRQHandler
                0x0000000008000424                CAN2_TX_IRQHandler
                0x0000000008000424                TIM5_IRQHandler
                0x0000000008000424                DMA2_Stream7_IRQHandler
                0x0000000008000424                I2C3_EV_IRQHandler
                0x0000000008000424                EXTI9_5_IRQHandler
                0x0000000008000424                RTC_WKUP_IRQHandler
                0x0000000008000424                SPDIF_RX_IRQHandler
                0x0000000008000424                SPI2_IRQHandler
                0x0000000008000424                OTG_HS_EP1_IN_IRQHandler
                0x0000000008000424                DMA1_Stream0_IRQHandler
                0x0000000008000424                CAN1_TX_IRQHandler
                0x0000000008000424                EXTI4_IRQHandler
                0x0000000008000424                OTG_HS_EP1_OUT_IRQHandler
                0x0000000008000424                WWDG_IRQHandler
                0x0000000008000424                TIM2_IRQHandler
                0x0000000008000424                OTG_FS_WKUP_IRQHandler
                0x0000000008000424                TIM1_TRG_COM_TIM11_IRQHandler
                0x0000000008000424                OTG_HS_IRQHandler
                0x0000000008000424                EXTI1_IRQHandler
                0x0000000008000424                USART2_IRQHandler
                0x0000000008000424                I2C2_ER_IRQHandler
                0x0000000008000424                DMA2_Stream1_IRQHandler
                0x0000000008000424                CAN1_SCE_IRQHandler
                0x0000000008000424                FLASH_IRQHandler
                0x0000000008000424                DMA2_Stream4_IRQHandler
                0x0000000008000424                USART1_IRQHandler
                0x0000000008000424                OTG_FS_IRQHandler
                0x0000000008000424                SPI3_IRQHandler
                0x0000000008000424                DMA1_Stream4_IRQHandler
                0x0000000008000424                I2C1_ER_IRQHandler
                0x0000000008000424                FMC_IRQHandler
                0x0000000008000424                I2C4_Event_IRQHandler
                0x0000000008000424                DMA2_Stream6_IRQHandler
                0x0000000008000424                RTC_Alarm_IRQHandler

.inits          0x0000000008000428       0x2c
                0x0000000008000428                __data_regions_array_start = .
                0x0000000008000428        0x4 LONG 0x8005654 LOADADDR (.data)
                0x000000000800042c        0x4 LONG 0x20000000 ADDR (.data)
                0x0000000008000430        0x4 LONG 0x20000074 (ADDR (.data) + SIZEOF (.data))
                0x0000000008000434        0x4 LONG 0x8005654 LOADADDR (.data_CCMRAM)
                0x0000000008000438        0x4 LONG 0x10000000 ADDR (.data_CCMRAM)
                0x000000000800043c        0x4 LONG 0x10000000 (ADDR (.data_CCMRAM) + SIZEOF (.data_CCMRAM))
                0x0000000008000440                __data_regions_array_end = .
                0x0000000008000440                __bss_regions_array_start = .
                0x0000000008000440        0x4 LONG 0x20000074 ADDR (.bss)
                0x0000000008000444        0x4 LONG 0x20000b84 (ADDR (.bss) + SIZEOF (.bss))
                0x0000000008000448        0x4 LONG 0x10000000 ADDR (.bss_CCMRAM)
                0x000000000800044c        0x4 LONG 0x10000000 (ADDR (.bss_CCMRAM) + SIZEOF (.bss_CCMRAM))
                0x0000000008000450                __bss_regions_array_end = .
 *(.init)
 *(.fini)
                0x0000000008000450                . = ALIGN (0x4)
                0x0000000008000450                PROVIDE (__preinit_array_start, .)
 *(.preinit_array_sysinit .preinit_array_sysinit.*)
 *(.preinit_array_platform .preinit_array_platform.*)
 *(.preinit_array .preinit_array.*)
                0x0000000008000450                PROVIDE (__preinit_array_end, .)
                0x0000000008000450                . = ALIGN (0x4)
                0x0000000008000450                PROVIDE (__init_array_start, .)
 *(SORT(.init_array.*))
 *(.init_array)
 .init_array    0x0000000008000450        0x4 ./src/main.o
                0x0000000008000454                PROVIDE (__init_array_end, .)
                0x0000000008000454                . = ALIGN (0x4)
                0x0000000008000454                PROVIDE (__fini_array_start, .)
 *(SORT(.fini_array.*))
 *(.fini_array)
                0x0000000008000454                PROVIDE (__fini_array_end, .)

.flashtext
 *(.flashtext .flashtext.*)

.text           0x0000000008000460     0x51f3
 *(.text .text.*)
 .text.HAL_InitTick
                0x0000000008000460       0x28 ./system/src/stm32f4-hal/stm32f4xx_hal.o
                0x0000000008000460                HAL_InitTick
 .text.HAL_Init
                0x0000000008000488       0x34 ./system/src/stm32f4-hal/stm32f4xx_hal.o
                0x0000000008000488                HAL_Init
 .text.HAL_IncTick
                0x00000000080004bc       0x10 ./system/src/stm32f4-hal/stm32f4xx_hal.o
                0x00000000080004bc                HAL_IncTick
 .text.HAL_GetTick
                0x00000000080004cc        0xc ./system/src/stm32f4-hal/stm32f4xx_hal.o
                0x00000000080004cc                HAL_GetTick
 .text.ADC_Init
                0x00000000080004d8      0x154 ./system/src/stm32f4-hal/stm32f4xx_hal_adc.o
 .text.HAL_ADC_Init
                0x000000000800062c      0x1d4 ./system/src/stm32f4-hal/stm32f4xx_hal_adc.o
                0x000000000800062c                HAL_ADC_Init
 .text.HAL_ADC_ConfigChannel
                0x0000000008000800      0x1cc ./system/src/stm32f4-hal/stm32f4xx_hal_adc.o
                0x0000000008000800                HAL_ADC_ConfigChannel
 .text.HAL_NVIC_SetPriorityGrouping
                0x00000000080009cc       0x3c ./system/src/stm32f4-hal/stm32f4xx_hal_cortex.o
                0x00000000080009cc                HAL_NVIC_SetPriorityGrouping
 .text.HAL_NVIC_SetPriority
                0x0000000008000a08       0x84 ./system/src/stm32f4-hal/stm32f4xx_hal_cortex.o
                0x0000000008000a08                HAL_NVIC_SetPriority
 .text.HAL_NVIC_EnableIRQ
                0x0000000008000a8c       0x2c ./system/src/stm32f4-hal/stm32f4xx_hal_cortex.o
                0x0000000008000a8c                HAL_NVIC_EnableIRQ
 .text.HAL_SYSTICK_Config
                0x0000000008000ab8       0x2c ./system/src/stm32f4-hal/stm32f4xx_hal_cortex.o
                0x0000000008000ab8                HAL_SYSTICK_Config
 .text.HAL_NVIC_ClearPendingIRQ
                0x0000000008000ae4       0x30 ./system/src/stm32f4-hal/stm32f4xx_hal_cortex.o
                0x0000000008000ae4                HAL_NVIC_ClearPendingIRQ
 .text.HAL_SYSTICK_CLKSourceConfig
                0x0000000008000b14       0x38 ./system/src/stm32f4-hal/stm32f4xx_hal_cortex.o
                0x0000000008000b14                HAL_SYSTICK_CLKSourceConfig
 .text.HAL_DAC_Init
                0x0000000008000b4c       0x44 ./system/src/stm32f4-hal/stm32f4xx_hal_dac.o
                0x0000000008000b4c                HAL_DAC_Init
 .text.HAL_DAC_ConfigChannel
                0x0000000008000b90       0xa0 ./system/src/stm32f4-hal/stm32f4xx_hal_dac.o
                0x0000000008000b90                HAL_DAC_ConfigChannel
 .text.DMA_CalcBaseAndBitshift
                0x0000000008000c30       0x3c ./system/src/stm32f4-hal/stm32f4xx_hal_dma.o
 .text.HAL_DMA_Init
                0x0000000008000c6c      0x220 ./system/src/stm32f4-hal/stm32f4xx_hal_dma.o
                0x0000000008000c6c                HAL_DMA_Init
 .text.HAL_DMA_IRQHandler
                0x0000000008000e8c      0x1b4 ./system/src/stm32f4-hal/stm32f4xx_hal_dma.o
                0x0000000008000e8c                HAL_DMA_IRQHandler
 .text.DMA_MultiBufferSetConfig
                0x0000000008001040       0x24 ./system/src/stm32f4-hal/stm32f4xx_hal_dma_ex.o
 .text.HAL_DMAEx_MultiBufferStart_IT
                0x0000000008001064       0xb8 ./system/src/stm32f4-hal/stm32f4xx_hal_dma_ex.o
                0x0000000008001064                HAL_DMAEx_MultiBufferStart_IT
 .text.HAL_GPIO_Init
                0x000000000800111c      0x34c ./system/src/stm32f4-hal/stm32f4xx_hal_gpio.o
                0x000000000800111c                HAL_GPIO_Init
 .text.HAL_GPIO_WritePin
                0x0000000008001468       0x34 ./system/src/stm32f4-hal/stm32f4xx_hal_gpio.o
                0x0000000008001468                HAL_GPIO_WritePin
 .text.HAL_I2S_Init
                0x000000000800149c      0x1b4 ./system/src/stm32f4-hal/stm32f4xx_hal_i2s.o
                0x000000000800149c                HAL_I2S_Init
 .text.I2S_GetInputClock
                0x0000000008001650       0xc0 ./system/src/stm32f4-hal/stm32f4xx_hal_i2s_ex.o
                0x0000000008001650                I2S_GetInputClock
 .text.HAL_PWREx_EnableOverDrive
                0x0000000008001710       0xa4 ./system/src/stm32f4-hal/stm32f4xx_hal_pwr_ex.o
                0x0000000008001710                HAL_PWREx_EnableOverDrive
 .text.HAL_RCC_ClockConfig
                0x00000000080017b4      0x22c ./system/src/stm32f4-hal/stm32f4xx_hal_rcc.o
                0x00000000080017b4                HAL_RCC_ClockConfig
 .text.HAL_RCC_GetHCLKFreq
                0x00000000080019e0       0x34 ./system/src/stm32f4-hal/stm32f4xx_hal_rcc.o
                0x00000000080019e0                HAL_RCC_GetHCLKFreq
 .text.HAL_RCC_GetPCLK1Freq
                0x0000000008001a14       0x30 ./system/src/stm32f4-hal/stm32f4xx_hal_rcc.o
                0x0000000008001a14                HAL_RCC_GetPCLK1Freq
 .text.HAL_RCC_GetPCLK2Freq
                0x0000000008001a44       0x30 ./system/src/stm32f4-hal/stm32f4xx_hal_rcc.o
                0x0000000008001a44                HAL_RCC_GetPCLK2Freq
 .text.HAL_RCCEx_PeriphCLKConfig
                0x0000000008001a74      0x854 ./system/src/stm32f4-hal/stm32f4xx_hal_rcc_ex.o
                0x0000000008001a74                HAL_RCCEx_PeriphCLKConfig
 .text.HAL_RCC_OscConfig
                0x00000000080022c8      0x4e4 ./system/src/stm32f4-hal/stm32f4xx_hal_rcc_ex.o
                0x00000000080022c8                HAL_RCC_OscConfig
 .text.HAL_RCC_GetSysClockFreq
                0x00000000080027ac      0x114 ./system/src/stm32f4-hal/stm32f4xx_hal_rcc_ex.o
                0x00000000080027ac                HAL_RCC_GetSysClockFreq
 .text.UART_SetConfig
                0x00000000080028c0      0x390 ./system/src/stm32f4-hal/stm32f4xx_hal_uart.o
 .text.HAL_UART_Init
                0x0000000008002c50      0x120 ./system/src/stm32f4-hal/stm32f4xx_hal_uart.o
                0x0000000008002c50                HAL_UART_Init
 .text._sbrk    0x0000000008002d70       0x44 ./system/src/newlib/_sbrk.o
                0x0000000008002d70                _sbrk
 .text.get_errno
                0x0000000008002db4       0x14 ./system/src/newlib/_syscalls.o
 .text.error    0x0000000008002dc8       0x14 ./system/src/newlib/_syscalls.o
 .text.checkerror
                0x0000000008002ddc       0x10 ./system/src/newlib/_syscalls.o
 .text.findslot
                0x0000000008002dec       0x3c ./system/src/newlib/_syscalls.o
 .text._exit    0x0000000008002e28       0x20 ./system/src/newlib/_syscalls.o
                0x0000000008002e28                _exit
 .text.initialise_monitor_handles
                0x0000000008002e48       0xa8 ./system/src/newlib/_syscalls.o
                0x0000000008002e48                initialise_monitor_handles
 .text.__initialize_args
                0x0000000008002ef0       0xe0 ./system/src/newlib/_syscalls.o
                0x0000000008002ef0                __initialize_args
 .text._swiread
                0x0000000008002fd0       0x20 ./system/src/newlib/_syscalls.o
                0x0000000008002fd0                _swiread
 .text._read    0x0000000008002ff0       0x38 ./system/src/newlib/_syscalls.o
                0x0000000008002ff0                _read
 .text._swilseek
                0x0000000008003028       0xbc ./system/src/newlib/_syscalls.o
                0x0000000008003028                _swilseek
 .text._lseek   0x00000000080030e4        0x8 ./system/src/newlib/_syscalls.o
                0x00000000080030e4                _lseek
 .text._swiwrite
                0x00000000080030ec       0x20 ./system/src/newlib/_syscalls.o
                0x00000000080030ec                _swiwrite
 .text._write   0x000000000800310c       0x44 ./system/src/newlib/_syscalls.o
                0x000000000800310c                _write
 .text._swiclose
                0x0000000008003150       0x20 ./system/src/newlib/_syscalls.o
                0x0000000008003150                _swiclose
 .text._close   0x0000000008003170       0x4c ./system/src/newlib/_syscalls.o
                0x0000000008003170                _close
 .text._swistat
                0x00000000080031bc       0x4c ./system/src/newlib/_syscalls.o
                0x00000000080031bc                _swistat
 .text._fstat   0x0000000008003208       0x1c ./system/src/newlib/_syscalls.o
                0x0000000008003208                _fstat
 .text._isatty  0x0000000008003224       0x38 ./system/src/newlib/_syscalls.o
                0x0000000008003224                _isatty
 .text.trace_printf
                0x000000000800325c       0x30 ./system/src/diag/Trace.o
                0x000000000800325c                trace_printf
 .text.trace_puts
                0x000000000800328c       0x20 ./system/src/diag/Trace.o
                0x000000000800328c                trace_puts
 .text.trace_dump_args
                0x00000000080032ac       0x44 ./system/src/diag/Trace.o
                0x00000000080032ac                trace_dump_args
 .text._trace_write_semihosting_debug
                0x00000000080032f0       0x64 ./system/src/diag/trace_impl.o
 .text.trace_write
                0x0000000008003354        0x8 ./system/src/diag/trace_impl.o
                0x0000000008003354                trace_write
 .text.__initialize_hardware_early
                0x000000000800335c       0x18 ./system/src/cortexm/_initialize_hardware.o
                0x000000000800335c                __initialize_hardware_early
 .text.__initialize_hardware
                0x0000000008003374        0x8 ./system/src/cortexm/_initialize_hardware.o
                0x0000000008003374                __initialize_hardware
 .text.dumpExceptionStack
                0x000000000800337c       0xf0 ./system/src/cortexm/exception_handlers.o
                0x000000000800337c                dumpExceptionStack
 .text.isSemihosting
                0x000000000800346c      0x100 ./system/src/cortexm/exception_handlers.o
                0x000000000800346c                isSemihosting
 .text.SystemInit
                0x000000000800356c       0x40 ./system/src/cmsis/system_stm32f4xx.o
                0x000000000800356c                SystemInit
 .text.SystemCoreClockUpdate
                0x00000000080035ac       0xa0 ./system/src/cmsis/system_stm32f4xx.o
                0x00000000080035ac                SystemCoreClockUpdate
 .text._ZN8BlinkLedC2Ejjb
                0x000000000800364c       0x14 ./src/BlinkLed.o
                0x000000000800364c                BlinkLed::BlinkLed(unsigned int, unsigned int, bool)
                0x000000000800364c                BlinkLed::BlinkLed(unsigned int, unsigned int, bool)
 .text._ZN8BlinkLed6turnOnEv
                0x0000000008003660       0x2c ./src/BlinkLed.o
                0x0000000008003660                BlinkLed::turnOn()
 .text._ZN8BlinkLed7turnOffEv
                0x000000000800368c       0x2c ./src/BlinkLed.o
                0x000000000800368c                BlinkLed::turnOff()
 .text._ZN8BlinkLed7powerUpEv
                0x00000000080036b8       0x40 ./src/BlinkLed.o
                0x00000000080036b8                BlinkLed::powerUp()
 .text.SysTick_Handler
                0x00000000080036f8       0x1c ./src/Timer.o
                0x00000000080036f8                SysTick_Handler
 .text._Z13dmaM0CompleteP19__DMA_HandleTypeDef
                0x0000000008003714        0xc ./src/main.o
                0x0000000008003714                dmaM0Complete(__DMA_HandleTypeDef*)
 .text._Z15dmaHalfCompleteP19__DMA_HandleTypeDef
                0x0000000008003720        0x4 ./src/main.o
                0x0000000008003720                dmaHalfComplete(__DMA_HandleTypeDef*)
 .text._Z13dmaM1CompleteP19__DMA_HandleTypeDef
                0x0000000008003724        0xc ./src/main.o
                0x0000000008003724                dmaM1Complete(__DMA_HandleTypeDef*)
 .text._Z8dmaErrorP19__DMA_HandleTypeDef
                0x0000000008003730       0x88 ./src/main.o
                0x0000000008003730                dmaError(__DMA_HandleTypeDef*)
 .text._Z41__static_initialization_and_destruction_0ii
                0x00000000080037b8       0x24 ./src/main.o
 .text._Z14init_dmabufferv
                0x00000000080037dc       0x34 ./src/main.o
                0x00000000080037dc                init_dmabuffer()
 .text._Z18SystemClock_Configv
                0x0000000008003810       0xbc ./src/main.o
                0x0000000008003810                SystemClock_Config()
 .text._Z12MX_ADC1_Initv
                0x00000000080038cc       0x44 ./src/main.o
                0x00000000080038cc                MX_ADC1_Init()
 .text._Z11MX_DAC_Initv
                0x0000000008003910       0x2c ./src/main.o
                0x0000000008003910                MX_DAC_Init()
 .text._Z11MX_I2S_Initv
                0x000000000800393c       0x38 ./src/main.o
                0x000000000800393c                MX_I2S_Init()
 .text._Z19MX_USART2_UART_Initv
                0x0000000008003974       0x2c ./src/main.o
                0x0000000008003974                MX_USART2_UART_Init()
 .text._Z11MX_DMA_Initv
                0x00000000080039a0       0x34 ./src/main.o
                0x00000000080039a0                MX_DMA_Init()
 .text._Z12MX_GPIO_Initv
                0x00000000080039d4       0xa0 ./src/main.o
                0x00000000080039d4                MX_GPIO_Init()
 .text.main     0x0000000008003a74      0x184 ./src/main.o
                0x0000000008003a74                main
 .text.assert_failed
                0x0000000008003bf8        0x4 ./src/main.o
                0x0000000008003bf8                assert_failed
 .text._GLOBAL__sub_I_hadc1
                0x0000000008003bfc       0x10 ./src/main.o
 .text.HAL_MspInit
                0x0000000008003c0c       0x48 ./src/stm32f4xx_hal_msp.o
                0x0000000008003c0c                HAL_MspInit
 .text.HAL_ADC_MspInit
                0x0000000008003c54       0x48 ./src/stm32f4xx_hal_msp.o
                0x0000000008003c54                HAL_ADC_MspInit
 .text.HAL_DAC_MspInit
                0x0000000008003c9c       0x48 ./src/stm32f4xx_hal_msp.o
                0x0000000008003c9c                HAL_DAC_MspInit
 .text.HAL_I2S_MspInit
                0x0000000008003ce4       0xb4 ./src/stm32f4xx_hal_msp.o
                0x0000000008003ce4                HAL_I2S_MspInit
 .text.HAL_UART_MspInit
                0x0000000008003d98       0x54 ./src/stm32f4xx_hal_msp.o
                0x0000000008003d98                HAL_UART_MspInit
 .text.DMA1_Stream3_IRQHandler
                0x0000000008003dec       0x14 ./src/stm32f4xx_it.o
                0x0000000008003dec                DMA1_Stream3_IRQHandler
 .text.__errno  0x0000000008003e00        0xc /usr/local/gcc-arm-none-eabi-5_2-2015q4/bin/../lib/gcc/arm-none-eabi/5.2.1/../../../../arm-none-eabi/lib/armv7e-m/libg_nano.a(lib_a-errno.o)
                0x0000000008003e00                __errno
 .text._cleanup_r
                0x0000000008003e0c        0xc /usr/local/gcc-arm-none-eabi-5_2-2015q4/bin/../lib/gcc/arm-none-eabi/5.2.1/../../../../arm-none-eabi/lib/armv7e-m/libg_nano.a(lib_a-findfp.o)
                0x0000000008003e0c                _cleanup_r
 .text.std.isra.0
                0x0000000008003e18       0x48 /usr/local/gcc-arm-none-eabi-5_2-2015q4/bin/../lib/gcc/arm-none-eabi/5.2.1/../../../../arm-none-eabi/lib/armv7e-m/libg_nano.a(lib_a-findfp.o)
 .text.__sfmoreglue
                0x0000000008003e60       0x2c /usr/local/gcc-arm-none-eabi-5_2-2015q4/bin/../lib/gcc/arm-none-eabi/5.2.1/../../../../arm-none-eabi/lib/armv7e-m/libg_nano.a(lib_a-findfp.o)
                0x0000000008003e60                __sfmoreglue
 .text.__sinit  0x0000000008003e8c       0x60 /usr/local/gcc-arm-none-eabi-5_2-2015q4/bin/../lib/gcc/arm-none-eabi/5.2.1/../../../../arm-none-eabi/lib/armv7e-m/libg_nano.a(lib_a-findfp.o)
                0x0000000008003e8c                __sinit
 .text.__sfp    0x0000000008003eec       0x78 /usr/local/gcc-arm-none-eabi-5_2-2015q4/bin/../lib/gcc/arm-none-eabi/5.2.1/../../../../arm-none-eabi/lib/armv7e-m/libg_nano.a(lib_a-findfp.o)
                0x0000000008003eec                __sfp
 .text._fwalk_reent
                0x0000000008003f64       0x3c /usr/local/gcc-arm-none-eabi-5_2-2015q4/bin/../lib/gcc/arm-none-eabi/5.2.1/../../../../arm-none-eabi/lib/armv7e-m/libg_nano.a(lib_a-fwalk.o)
                0x0000000008003f64                _fwalk_reent
 .text._fwrite_r
                0x0000000008003fa0       0xb4 /usr/local/gcc-arm-none-eabi-5_2-2015q4/bin/../lib/gcc/arm-none-eabi/5.2.1/../../../../arm-none-eabi/lib/armv7e-m/libg_nano.a(lib_a-fwrite.o)
                0x0000000008003fa0                _fwrite_r
 .text.fwrite   0x0000000008004054       0x1c /usr/local/gcc-arm-none-eabi-5_2-2015q4/bin/../lib/gcc/arm-none-eabi/5.2.1/../../../../arm-none-eabi/lib/armv7e-m/libg_nano.a(lib_a-fwrite.o)
                0x0000000008004054                fwrite
 .text.memset   0x0000000008004070       0x10 /usr/local/gcc-arm-none-eabi-5_2-2015q4/bin/../lib/gcc/arm-none-eabi/5.2.1/../../../../arm-none-eabi/lib/armv7e-m/libg_nano.a(lib_a-memset.o)
                0x0000000008004070                memset
 .text._malloc_r
                0x0000000008004080       0xa8 /usr/local/gcc-arm-none-eabi-5_2-2015q4/bin/../lib/gcc/arm-none-eabi/5.2.1/../../../../arm-none-eabi/lib/armv7e-m/libg_nano.a(lib_a-nano-mallocr.o)
                0x0000000008004080                _malloc_r
 .text._puts_r  0x0000000008004128       0xf0 /usr/local/gcc-arm-none-eabi-5_2-2015q4/bin/../lib/gcc/arm-none-eabi/5.2.1/../../../../arm-none-eabi/lib/armv7e-m/libg_nano.a(lib_a-puts.o)
                0x0000000008004128                _puts_r
 .text.puts     0x0000000008004218       0x10 /usr/local/gcc-arm-none-eabi-5_2-2015q4/bin/../lib/gcc/arm-none-eabi/5.2.1/../../../../arm-none-eabi/lib/armv7e-m/libg_nano.a(lib_a-puts.o)
                0x0000000008004218                puts
 .text._sbrk_r  0x0000000008004228       0x20 /usr/local/gcc-arm-none-eabi-5_2-2015q4/bin/../lib/gcc/arm-none-eabi/5.2.1/../../../../arm-none-eabi/lib/armv7e-m/libg_nano.a(lib_a-sbrkr.o)
                0x0000000008004228                _sbrk_r
 .text.__sread  0x0000000008004248       0x22 /usr/local/gcc-arm-none-eabi-5_2-2015q4/bin/../lib/gcc/arm-none-eabi/5.2.1/../../../../arm-none-eabi/lib/armv7e-m/libg_nano.a(lib_a-stdio.o)
                0x0000000008004248                __sread
 .text.__swrite
                0x000000000800426a       0x38 /usr/local/gcc-arm-none-eabi-5_2-2015q4/bin/../lib/gcc/arm-none-eabi/5.2.1/../../../../arm-none-eabi/lib/armv7e-m/libg_nano.a(lib_a-stdio.o)
                0x000000000800426a                __swrite
 .text.__sseek  0x00000000080042a2       0x24 /usr/local/gcc-arm-none-eabi-5_2-2015q4/bin/../lib/gcc/arm-none-eabi/5.2.1/../../../../arm-none-eabi/lib/armv7e-m/libg_nano.a(lib_a-stdio.o)
                0x00000000080042a2                __sseek
 .text.__sclose
                0x00000000080042c6        0x8 /usr/local/gcc-arm-none-eabi-5_2-2015q4/bin/../lib/gcc/arm-none-eabi/5.2.1/../../../../arm-none-eabi/lib/armv7e-m/libg_nano.a(lib_a-stdio.o)
                0x00000000080042c6                __sclose
 .text          0x00000000080042ce       0x14 /usr/local/gcc-arm-none-eabi-5_2-2015q4/bin/../lib/gcc/arm-none-eabi/5.2.1/../../../../arm-none-eabi/lib/armv7e-m/libg_nano.a(lib_a-strcmp.o)
                0x00000000080042ce                strcmp
 .text          0x00000000080042e2       0x10 /usr/local/gcc-arm-none-eabi-5_2-2015q4/bin/../lib/gcc/arm-none-eabi/5.2.1/../../../../arm-none-eabi/lib/armv7e-m/libg_nano.a(lib_a-strlen.o)
                0x00000000080042e2                strlen
 .text._vsnprintf_r
                0x00000000080042f2       0x56 /usr/local/gcc-arm-none-eabi-5_2-2015q4/bin/../lib/gcc/arm-none-eabi/5.2.1/../../../../arm-none-eabi/lib/armv7e-m/libg_nano.a(lib_a-vsnprintf.o)
                0x00000000080042f2                _vsnprintf_r
                0x00000000080042f2                _vsniprintf_r
 .text.vsnprintf
                0x0000000008004348       0x1c /usr/local/gcc-arm-none-eabi-5_2-2015q4/bin/../lib/gcc/arm-none-eabi/5.2.1/../../../../arm-none-eabi/lib/armv7e-m/libg_nano.a(lib_a-vsnprintf.o)
                0x0000000008004348                vsnprintf
                0x0000000008004348                vsniprintf
 .text.__swbuf_r
                0x0000000008004364       0xa8 /usr/local/gcc-arm-none-eabi-5_2-2015q4/bin/../lib/gcc/arm-none-eabi/5.2.1/../../../../arm-none-eabi/lib/armv7e-m/libg_nano.a(lib_a-wbuf.o)
                0x0000000008004364                __swbuf_r
 .text._write_r
                0x000000000800440c       0x24 /usr/local/gcc-arm-none-eabi-5_2-2015q4/bin/../lib/gcc/arm-none-eabi/5.2.1/../../../../arm-none-eabi/lib/armv7e-m/libg_nano.a(lib_a-writer.o)
                0x000000000800440c                _write_r
 .text.__swsetup_r
                0x0000000008004430       0xd8 /usr/local/gcc-arm-none-eabi-5_2-2015q4/bin/../lib/gcc/arm-none-eabi/5.2.1/../../../../arm-none-eabi/lib/armv7e-m/libg_nano.a(lib_a-wsetup.o)
                0x0000000008004430                __swsetup_r
 .text._close_r
                0x0000000008004508       0x20 /usr/local/gcc-arm-none-eabi-5_2-2015q4/bin/../lib/gcc/arm-none-eabi/5.2.1/../../../../arm-none-eabi/lib/armv7e-m/libg_nano.a(lib_a-closer.o)
                0x0000000008004508                _close_r
 .text.__sflush_r
                0x0000000008004528      0x110 /usr/local/gcc-arm-none-eabi-5_2-2015q4/bin/../lib/gcc/arm-none-eabi/5.2.1/../../../../arm-none-eabi/lib/armv7e-m/libg_nano.a(lib_a-fflush.o)
                0x0000000008004528                __sflush_r
 .text._fflush_r
                0x0000000008004638       0x54 /usr/local/gcc-arm-none-eabi-5_2-2015q4/bin/../lib/gcc/arm-none-eabi/5.2.1/../../../../arm-none-eabi/lib/armv7e-m/libg_nano.a(lib_a-fflush.o)
                0x0000000008004638                _fflush_r
 .text._lseek_r
                0x000000000800468c       0x24 /usr/local/gcc-arm-none-eabi-5_2-2015q4/bin/../lib/gcc/arm-none-eabi/5.2.1/../../../../arm-none-eabi/lib/armv7e-m/libg_nano.a(lib_a-lseekr.o)
                0x000000000800468c                _lseek_r
 .text.__smakebuf_r
                0x00000000080046b0       0x9c /usr/local/gcc-arm-none-eabi-5_2-2015q4/bin/../lib/gcc/arm-none-eabi/5.2.1/../../../../arm-none-eabi/lib/armv7e-m/libg_nano.a(lib_a-makebuf.o)
                0x00000000080046b0                __smakebuf_r
 .text._free_r  0x000000000800474c       0x8c /usr/local/gcc-arm-none-eabi-5_2-2015q4/bin/../lib/gcc/arm-none-eabi/5.2.1/../../../../arm-none-eabi/lib/armv7e-m/libg_nano.a(lib_a-nano-freer.o)
                0x000000000800474c                _free_r
 .text.__ssputs_r
                0x00000000080047d8       0xb2 /usr/local/gcc-arm-none-eabi-5_2-2015q4/bin/../lib/gcc/arm-none-eabi/5.2.1/../../../../arm-none-eabi/lib/armv7e-m/libg_nano.a(lib_a-nano-svfprintf.o)
                0x00000000080047d8                __ssputs_r
 *fill*         0x000000000800488a        0x2 
 .text._svfprintf_r
                0x000000000800488c      0x1e8 /usr/local/gcc-arm-none-eabi-5_2-2015q4/bin/../lib/gcc/arm-none-eabi/5.2.1/../../../../arm-none-eabi/lib/armv7e-m/libg_nano.a(lib_a-nano-svfprintf.o)
                0x000000000800488c                _svfprintf_r
                0x000000000800488c                _svfiprintf_r
 .text._printf_common
                0x0000000008004a74       0xec /usr/local/gcc-arm-none-eabi-5_2-2015q4/bin/../lib/gcc/arm-none-eabi/5.2.1/../../../../arm-none-eabi/lib/armv7e-m/libg_nano.a(lib_a-nano-vfprintf_i.o)
                0x0000000008004a74                _printf_common
 .text._printf_i
                0x0000000008004b60      0x24c /usr/local/gcc-arm-none-eabi-5_2-2015q4/bin/../lib/gcc/arm-none-eabi/5.2.1/../../../../arm-none-eabi/lib/armv7e-m/libg_nano.a(lib_a-nano-vfprintf_i.o)
                0x0000000008004b60                _printf_i
 .text._read_r  0x0000000008004dac       0x24 /usr/local/gcc-arm-none-eabi-5_2-2015q4/bin/../lib/gcc/arm-none-eabi/5.2.1/../../../../arm-none-eabi/lib/armv7e-m/libg_nano.a(lib_a-readr.o)
                0x0000000008004dac                _read_r
 .text._fstat_r
                0x0000000008004dd0       0x24 /usr/local/gcc-arm-none-eabi-5_2-2015q4/bin/../lib/gcc/arm-none-eabi/5.2.1/../../../../arm-none-eabi/lib/armv7e-m/libg_nano.a(lib_a-fstatr.o)
                0x0000000008004dd0                _fstat_r
 .text._isatty_r
                0x0000000008004df4       0x20 /usr/local/gcc-arm-none-eabi-5_2-2015q4/bin/../lib/gcc/arm-none-eabi/5.2.1/../../../../arm-none-eabi/lib/armv7e-m/libg_nano.a(lib_a-isattyr.o)
                0x0000000008004df4                _isatty_r
 *fill*         0x0000000008004e14        0xc 
 .text          0x0000000008004e20       0xa0 /usr/local/gcc-arm-none-eabi-5_2-2015q4/bin/../lib/gcc/arm-none-eabi/5.2.1/../../../../arm-none-eabi/lib/armv7e-m/libg_nano.a(lib_a-memchr.o)
                0x0000000008004e20                memchr
 .text.memcpy   0x0000000008004ec0       0x16 /usr/local/gcc-arm-none-eabi-5_2-2015q4/bin/../lib/gcc/arm-none-eabi/5.2.1/../../../../arm-none-eabi/lib/armv7e-m/libg_nano.a(lib_a-memcpy-stub.o)
                0x0000000008004ec0                memcpy
 .text.memmove  0x0000000008004ed6       0x36 /usr/local/gcc-arm-none-eabi-5_2-2015q4/bin/../lib/gcc/arm-none-eabi/5.2.1/../../../../arm-none-eabi/lib/armv7e-m/libg_nano.a(lib_a-memmove.o)
                0x0000000008004ed6                memmove
 .text._realloc_r
                0x0000000008004f0c       0x4c /usr/local/gcc-arm-none-eabi-5_2-2015q4/bin/../lib/gcc/arm-none-eabi/5.2.1/../../../../arm-none-eabi/lib/armv7e-m/libg_nano.a(lib_a-nano-reallocr.o)
                0x0000000008004f0c                _realloc_r
 .text._malloc_usable_size_r
                0x0000000008004f58       0x14 /usr/local/gcc-arm-none-eabi-5_2-2015q4/bin/../lib/gcc/arm-none-eabi/5.2.1/../../../../arm-none-eabi/lib/armv7e-m/libg_nano.a(lib_a-nano-msizer.o)
                0x0000000008004f58                _malloc_usable_size_r
 *(.rodata .rodata.* .constdata .constdata.*)
 .rodata.str1.4
                0x0000000008004f6c       0x2e ./system/src/stm32f4-hal/stm32f4xx_hal_adc.o
 *fill*         0x0000000008004f9a        0x2 
 .rodata.str1.4
                0x0000000008004f9c       0x31 ./system/src/stm32f4-hal/stm32f4xx_hal_cortex.o
 *fill*         0x0000000008004fcd        0x3 
 .rodata.str1.4
                0x0000000008004fd0       0x2e ./system/src/stm32f4-hal/stm32f4xx_hal_dac.o
 *fill*         0x0000000008004ffe        0x2 
 .rodata.flagBitshiftOffset.7577
                0x0000000008005000        0x8 ./system/src/stm32f4-hal/stm32f4xx_hal_dma.o
 .rodata.str1.4
                0x0000000008005008       0x2e ./system/src/stm32f4-hal/stm32f4xx_hal_dma.o
 *fill*         0x0000000008005036        0x2 
 .rodata.str1.4
                0x0000000008005038       0x31 ./system/src/stm32f4-hal/stm32f4xx_hal_dma_ex.o
 *fill*         0x0000000008005069        0x3 
 .rodata.str1.4
                0x000000000800506c       0x2f ./system/src/stm32f4-hal/stm32f4xx_hal_gpio.o
 *fill*         0x000000000800509b        0x1 
 .rodata.str1.4
                0x000000000800509c       0x2e ./system/src/stm32f4-hal/stm32f4xx_hal_i2s.o
 *fill*         0x00000000080050ca        0x2 
 .rodata.APBAHBPrescTable
                0x00000000080050cc       0x10 ./system/src/stm32f4-hal/stm32f4xx_hal_rcc.o
                0x00000000080050cc                APBAHBPrescTable
 .rodata.str1.4
                0x00000000080050dc       0x2e ./system/src/stm32f4-hal/stm32f4xx_hal_rcc.o
 *fill*         0x000000000800510a        0x2 
 .rodata.str1.4
                0x000000000800510c       0x31 ./system/src/stm32f4-hal/stm32f4xx_hal_rcc_ex.o
 *fill*         0x000000000800513d        0x3 
 .rodata.str1.4
                0x0000000008005140       0x2f ./system/src/stm32f4-hal/stm32f4xx_hal_uart.o
 *fill*         0x000000000800516f        0x1 
 .rodata.str1.4
                0x0000000008005170        0x9 ./system/src/newlib/_syscalls.o
 *fill*         0x0000000008005179        0x3 
 .rodata.str1.4
                0x000000000800517c       0x29 ./system/src/diag/Trace.o
                                         0x2d (size before relaxing)
 *fill*         0x00000000080051a5        0x3 
 .rodata.str1.4
                0x00000000080051a8      0x146 ./system/src/cortexm/exception_handlers.o
                                        0x14a (size before relaxing)
 *fill*         0x00000000080052ee        0x2 
 .rodata.AHBPrescTable
                0x00000000080052f0       0x10 ./system/src/cmsis/system_stm32f4xx.o
                0x00000000080052f0                AHBPrescTable
 .rodata.str1.4
                0x0000000008005300      0x1b4 ./src/main.o
 .rodata._ctype_
                0x00000000080054b4      0x101 /usr/local/gcc-arm-none-eabi-5_2-2015q4/bin/../lib/gcc/arm-none-eabi/5.2.1/../../../../arm-none-eabi/lib/armv7e-m/libg_nano.a(lib_a-ctype_.o)
                0x00000000080054b4                _ctype_
 *fill*         0x00000000080055b5        0x3 
 .rodata.__sf_fake_stdin
                0x00000000080055b8       0x20 /usr/local/gcc-arm-none-eabi-5_2-2015q4/bin/../lib/gcc/arm-none-eabi/5.2.1/../../../../arm-none-eabi/lib/armv7e-m/libg_nano.a(lib_a-findfp.o)
                0x00000000080055b8                __sf_fake_stdin
 .rodata.__sf_fake_stdout
                0x00000000080055d8       0x20 /usr/local/gcc-arm-none-eabi-5_2-2015q4/bin/../lib/gcc/arm-none-eabi/5.2.1/../../../../arm-none-eabi/lib/armv7e-m/libg_nano.a(lib_a-findfp.o)
                0x00000000080055d8                __sf_fake_stdout
 .rodata.__sf_fake_stderr
                0x00000000080055f8       0x20 /usr/local/gcc-arm-none-eabi-5_2-2015q4/bin/../lib/gcc/arm-none-eabi/5.2.1/../../../../arm-none-eabi/lib/armv7e-m/libg_nano.a(lib_a-findfp.o)
                0x00000000080055f8                __sf_fake_stderr
 .rodata.str1.1
                0x0000000008005618        0x2 /usr/local/gcc-arm-none-eabi-5_2-2015q4/bin/../lib/gcc/arm-none-eabi/5.2.1/../../../../arm-none-eabi/lib/armv7e-m/libg_nano.a(lib_a-impure.o)
 *fill*         0x000000000800561a        0x2 
 .rodata._global_impure_ptr
                0x000000000800561c        0x4 /usr/local/gcc-arm-none-eabi-5_2-2015q4/bin/../lib/gcc/arm-none-eabi/5.2.1/../../../../arm-none-eabi/lib/armv7e-m/libg_nano.a(lib_a-impure.o)
                0x000000000800561c                _global_impure_ptr
 .rodata.str1.1
                0x0000000008005620       0x11 /usr/local/gcc-arm-none-eabi-5_2-2015q4/bin/../lib/gcc/arm-none-eabi/5.2.1/../../../../arm-none-eabi/lib/armv7e-m/libg_nano.a(lib_a-nano-svfprintf.o)
 .rodata.str1.1
                0x0000000008005631       0x22 /usr/local/gcc-arm-none-eabi-5_2-2015q4/bin/../lib/gcc/arm-none-eabi/5.2.1/../../../../arm-none-eabi/lib/armv7e-m/libg_nano.a(lib_a-nano-vfprintf_i.o)
 *(vtable)
 *(.eh_frame*)
 *(.glue_7)
 .glue_7        0x0000000008005653        0x0 linker stubs
 *(.glue_7t)
 .glue_7t       0x0000000008005653        0x0 linker stubs

.vfp11_veneer   0x0000000008005654        0x0
 .vfp11_veneer  0x0000000008005654        0x0 linker stubs

.v4_bx          0x0000000008005654        0x0
 .v4_bx         0x0000000008005654        0x0 linker stubs

.iplt           0x0000000008005654        0x0
 .iplt          0x0000000008005654        0x0 ./system/src/stm32f4-hal/stm32f4xx_hal.o

.rel.dyn        0x0000000008005654        0x0
 .rel.iplt      0x0000000008005654        0x0 ./system/src/stm32f4-hal/stm32f4xx_hal.o

.ARM.extab
 *(.ARM.extab* .gnu.linkonce.armextab.*)
                0x0000000008005654                . = ALIGN (0x4)
                0x0000000008005654                __exidx_start = .

.ARM.exidx
 *(.ARM.exidx* .gnu.linkonce.armexidx.*)
                0x0000000008005654                __exidx_end = .
                0x0000000008005654                . = ALIGN (0x4)
                0x0000000008005654                _etext = .
                0x0000000008005654                __etext = .

.data_CCMRAM    0x0000000010000000        0x0 load address 0x0000000008005654
 FILL mask 0xff
 *(.data.CCMRAM .data.CCMRAM.*)
                0x0000000010000000                . = ALIGN (0x4)
                0x0000000008005654                _sidata = LOADADDR (.data)

.data           0x0000000020000000       0x74 load address 0x0000000008005654
 FILL mask 0xff
                0x0000000020000000                _sdata = .
                0x0000000020000000                __data_start__ = .
 *(.data_begin .data_begin.*)
 .data_begin    0x0000000020000000        0x4 ./system/src/newlib/_startup.o
 *(.data .data.*)
 .data.SystemCoreClock
                0x0000000020000004        0x4 ./system/src/cmsis/system_stm32f4xx.o
                0x0000000020000004                SystemCoreClock
 .data.__ctype_ptr__
                0x0000000020000008        0x4 /usr/local/gcc-arm-none-eabi-5_2-2015q4/bin/../lib/gcc/arm-none-eabi/5.2.1/../../../../arm-none-eabi/lib/armv7e-m/libg_nano.a(lib_a-ctype_.o)
                0x0000000020000008                __ctype_ptr__
 .data.impure_data
                0x000000002000000c       0x60 /usr/local/gcc-arm-none-eabi-5_2-2015q4/bin/../lib/gcc/arm-none-eabi/5.2.1/../../../../arm-none-eabi/lib/armv7e-m/libg_nano.a(lib_a-impure.o)
 .data._impure_ptr
                0x000000002000006c        0x4 /usr/local/gcc-arm-none-eabi-5_2-2015q4/bin/../lib/gcc/arm-none-eabi/5.2.1/../../../../arm-none-eabi/lib/armv7e-m/libg_nano.a(lib_a-impure.o)
                0x000000002000006c                _impure_ptr
 *(.data_end .data_end.*)
 .data_end      0x0000000020000070        0x4 ./system/src/newlib/_startup.o
                0x0000000020000074                . = ALIGN (0x4)
                0x0000000020000074                _edata = .
                0x0000000020000074                __data_end__ = .

.igot.plt       0x0000000020000074        0x0 load address 0x00000000080056c8
 .igot.plt      0x0000000020000074        0x0 ./system/src/stm32f4-hal/stm32f4xx_hal.o

.bss_CCMRAM     0x0000000010000000        0x0
 *(.bss.CCMRAM .bss.CCMRAM.*)

.bss            0x0000000020000074      0xb10
                0x0000000020000074                __bss_start__ = .
                0x0000000020000074                _sbss = .
 *(.bss_begin .bss_begin.*)
 .bss_begin     0x0000000020000074        0x4 ./system/src/newlib/_startup.o
 *(.bss .bss.*)
 .bss.current_heap_end.4422
                0x0000000020000078        0x4 ./system/src/newlib/_sbrk.o
 .bss.monitor_stdout
                0x000000002000007c        0x4 ./system/src/newlib/_syscalls.o
 .bss.monitor_stdin
                0x0000000020000080        0x4 ./system/src/newlib/_syscalls.o
 .bss.argv_buf.6129
                0x0000000020000084       0x28 ./system/src/newlib/_syscalls.o
 .bss.args_buf.6128
                0x00000000200000ac       0x50 ./system/src/newlib/_syscalls.o
 .bss.monitor_stderr
                0x00000000200000fc        0x4 ./system/src/newlib/_syscalls.o
 .bss.openfiles
                0x0000000020000100       0xa0 ./system/src/newlib/_syscalls.o
 .bss.buf.5558  0x00000000200001a0       0x80 ./system/src/diag/Trace.o
 .bss._ZN5Timer13ms_delayCountE
                0x0000000020000220        0x4 ./src/Timer.o
                0x0000000020000220                Timer::ms_delayCount
 .bss.hdac      0x0000000020000224       0x14 ./src/main.o
                0x0000000020000224                hdac
 .bss.hadc1     0x0000000020000238       0x48 ./src/main.o
                0x0000000020000238                hadc1
 .bss.hdma_spi2_rx
                0x0000000020000280       0x58 ./src/main.o
                0x0000000020000280                hdma_spi2_rx
 .bss.dmabuffer
                0x00000000200002d8      0x800 ./src/main.o
                0x00000000200002d8                dmabuffer
 .bss.huart2    0x0000000020000ad8       0x40 ./src/main.o
                0x0000000020000ad8                huart2
 .bss.hi2s2     0x0000000020000b18       0x44 ./src/main.o
                0x0000000020000b18                hi2s2
 .bss.blinkLed  0x0000000020000b5c       0x10 ./src/main.o
                0x0000000020000b5c                blinkLed
 .bss.Buffer0_rdy
                0x0000000020000b6c        0x1 ./src/main.o
                0x0000000020000b6c                Buffer0_rdy
 .bss.Buffer1_rdy
                0x0000000020000b6d        0x1 ./src/main.o
                0x0000000020000b6d                Buffer1_rdy
 *fill*         0x0000000020000b6e        0x2 
 .bss.__malloc_sbrk_start
                0x0000000020000b70        0x4 /usr/local/gcc-arm-none-eabi-5_2-2015q4/bin/../lib/gcc/arm-none-eabi/5.2.1/../../../../arm-none-eabi/lib/armv7e-m/libg_nano.a(lib_a-nano-mallocr.o)
                0x0000000020000b70                __malloc_sbrk_start
 .bss.__malloc_free_list
                0x0000000020000b74        0x4 /usr/local/gcc-arm-none-eabi-5_2-2015q4/bin/../lib/gcc/arm-none-eabi/5.2.1/../../../../arm-none-eabi/lib/armv7e-m/libg_nano.a(lib_a-nano-mallocr.o)
                0x0000000020000b74                __malloc_free_list
 *(COMMON)
 COMMON         0x0000000020000b78        0x4 ./system/src/stm32f4-hal/stm32f4xx_hal.o
                0x0000000020000b78                uwTick
 COMMON         0x0000000020000b7c        0x4 ./system/src/newlib/_syscalls.o
                0x0000000020000b7c                errno
 *(.bss_end .bss_end.*)
 .bss_end       0x0000000020000b80        0x4 ./system/src/newlib/_startup.o
                0x0000000020000b84                . = ALIGN (0x4)
                0x0000000020000b84                __bss_end__ = .
                0x0000000020000b84                _ebss = .

.noinit_CCMRAM
 *(.noinit.CCMRAM .noinit.CCMRAM.*)

.noinit         0x0000000020000b84        0x0
                0x0000000020000b84                _noinit = .
 *(.noinit .noinit.*)
                0x0000000020000b84                . = ALIGN (0x4)
                0x0000000020000b84                _end_noinit = .
                [!provide]                        PROVIDE (end, _end_noinit)
                [!provide]                        PROVIDE (_end, _end_noinit)
                [!provide]                        PROVIDE (__end, _end_noinit)
                [!provide]                        PROVIDE (__end__, _end_noinit)

._check_stack   0x0000000020000b84      0x100
                0x0000000020000c84                . = (. + _Minimum_Stack_Size)
 *fill*         0x0000000020000b84      0x100 

.b1text
 *(.b1text)
 *(.b1rodata)
 *(.b1rodata.*)

.eb0text
 *(.eb0text)
 *(.eb0rodata)
 *(.eb0rodata.*)

.eb1text
 *(.eb1text)
 *(.eb1rodata)
 *(.eb1rodata.*)

.eb2text
 *(.eb2text)
 *(.eb2rodata)
 *(.eb2rodata.*)

.eb3text
 *(.eb3text)
 *(.eb3rodata)
 *(.eb3rodata.*)

.stab
 *(.stab)

.stabstr
 *(.stabstr)

.stab.excl
 *(.stab.excl)

.stab.exclstr
 *(.stab.exclstr)

.stab.index
 *(.stab.index)

.stab.indexstr
 *(.stab.indexstr)

.comment        0x0000000000000000       0x6e
 *(.comment)
 .comment       0x0000000000000000       0x6e ./system/src/stm32f4-hal/stm32f4xx_hal.o
                                         0x6f (size before relaxing)
 .comment       0x000000000000006e       0x6f ./system/src/stm32f4-hal/stm32f4xx_hal_adc.o
 .comment       0x000000000000006e       0x6f ./system/src/stm32f4-hal/stm32f4xx_hal_cortex.o
 .comment       0x000000000000006e       0x6f ./system/src/stm32f4-hal/stm32f4xx_hal_dac.o
 .comment       0x000000000000006e       0x6f ./system/src/stm32f4-hal/stm32f4xx_hal_dma.o
 .comment       0x000000000000006e       0x6f ./system/src/stm32f4-hal/stm32f4xx_hal_dma_ex.o
 .comment       0x000000000000006e       0x6f ./system/src/stm32f4-hal/stm32f4xx_hal_gpio.o
 .comment       0x000000000000006e       0x6f ./system/src/stm32f4-hal/stm32f4xx_hal_i2s.o
 .comment       0x000000000000006e       0x6f ./system/src/stm32f4-hal/stm32f4xx_hal_i2s_ex.o
 .comment       0x000000000000006e       0x6f ./system/src/stm32f4-hal/stm32f4xx_hal_pwr_ex.o
 .comment       0x000000000000006e       0x6f ./system/src/stm32f4-hal/stm32f4xx_hal_rcc.o
 .comment       0x000000000000006e       0x6f ./system/src/stm32f4-hal/stm32f4xx_hal_rcc_ex.o
 .comment       0x000000000000006e       0x6f ./system/src/stm32f4-hal/stm32f4xx_hal_uart.o
 .comment       0x000000000000006e       0x6f ./system/src/newlib/_sbrk.o
 .comment       0x000000000000006e       0x6f ./system/src/newlib/_startup.o
 .comment       0x000000000000006e       0x6f ./system/src/newlib/_syscalls.o
 .comment       0x000000000000006e       0x6f ./system/src/diag/Trace.o
 .comment       0x000000000000006e       0x6f ./system/src/diag/trace_impl.o
 .comment       0x000000000000006e       0x6f ./system/src/cortexm/_initialize_hardware.o
 .comment       0x000000000000006e       0x6f ./system/src/cortexm/exception_handlers.o
 .comment       0x000000000000006e       0x6f ./system/src/cmsis/system_stm32f4xx.o
 .comment       0x000000000000006e       0x6f ./system/src/cmsis/vectors_stm32f446xx.o
 .comment       0x000000000000006e       0x6f ./src/BlinkLed.o
 .comment       0x000000000000006e       0x6f ./src/Timer.o
 .comment       0x000000000000006e       0x6f ./src/main.o
 .comment       0x000000000000006e       0x6f ./src/stm32f4xx_hal_msp.o
 .comment       0x000000000000006e       0x6f ./src/stm32f4xx_it.o

.ARM.attributes
                0x0000000000000000       0x31
 .ARM.attributes
                0x0000000000000000       0x33 ./system/src/stm32f4-hal/stm32f4xx_hal.o
 .ARM.attributes
                0x0000000000000033       0x33 ./system/src/stm32f4-hal/stm32f4xx_hal_adc.o
 .ARM.attributes
                0x0000000000000066       0x33 ./system/src/stm32f4-hal/stm32f4xx_hal_cortex.o
 .ARM.attributes
                0x0000000000000099       0x33 ./system/src/stm32f4-hal/stm32f4xx_hal_dac.o
 .ARM.attributes
                0x00000000000000cc       0x33 ./system/src/stm32f4-hal/stm32f4xx_hal_dma.o
 .ARM.attributes
                0x00000000000000ff       0x33 ./system/src/stm32f4-hal/stm32f4xx_hal_dma_ex.o
 .ARM.attributes
                0x0000000000000132       0x33 ./system/src/stm32f4-hal/stm32f4xx_hal_gpio.o
 .ARM.attributes
                0x0000000000000165       0x33 ./system/src/stm32f4-hal/stm32f4xx_hal_i2s.o
 .ARM.attributes
                0x0000000000000198       0x33 ./system/src/stm32f4-hal/stm32f4xx_hal_i2s_ex.o
 .ARM.attributes
                0x00000000000001cb       0x33 ./system/src/stm32f4-hal/stm32f4xx_hal_pwr_ex.o
 .ARM.attributes
                0x00000000000001fe       0x33 ./system/src/stm32f4-hal/stm32f4xx_hal_rcc.o
 .ARM.attributes
                0x0000000000000231       0x33 ./system/src/stm32f4-hal/stm32f4xx_hal_rcc_ex.o
 .ARM.attributes
                0x0000000000000264       0x33 ./system/src/stm32f4-hal/stm32f4xx_hal_uart.o
 .ARM.attributes
                0x0000000000000297       0x33 ./system/src/newlib/_sbrk.o
 .ARM.attributes
                0x00000000000002ca       0x33 ./system/src/newlib/_startup.o
 .ARM.attributes
                0x00000000000002fd       0x33 ./system/src/newlib/_syscalls.o
 .ARM.attributes
                0x0000000000000330       0x33 ./system/src/diag/Trace.o
 .ARM.attributes
                0x0000000000000363       0x33 ./system/src/diag/trace_impl.o
 .ARM.attributes
                0x0000000000000396       0x33 ./system/src/cortexm/_initialize_hardware.o
 .ARM.attributes
                0x00000000000003c9       0x33 ./system/src/cortexm/exception_handlers.o
 .ARM.attributes
                0x00000000000003fc       0x33 ./system/src/cmsis/system_stm32f4xx.o
 .ARM.attributes
                0x000000000000042f       0x33 ./system/src/cmsis/vectors_stm32f446xx.o
 .ARM.attributes
                0x0000000000000462       0x33 ./src/BlinkLed.o
 .ARM.attributes
                0x0000000000000495       0x33 ./src/Timer.o
 .ARM.attributes
                0x00000000000004c8       0x33 ./src/main.o
 .ARM.attributes
                0x00000000000004fb       0x33 ./src/stm32f4xx_hal_msp.o
 .ARM.attributes
                0x000000000000052e       0x33 ./src/stm32f4xx_it.o
 .ARM.attributes
                0x0000000000000561       0x2e /usr/local/gcc-arm-none-eabi-5_2-2015q4/bin/../lib/gcc/arm-none-eabi/5.2.1/../../../../arm-none-eabi/lib/armv7e-m/libg_nano.a(lib_a-ctype_.o)
 .ARM.attributes
                0x000000000000058f       0x2e /usr/local/gcc-arm-none-eabi-5_2-2015q4/bin/../lib/gcc/arm-none-eabi/5.2.1/../../../../arm-none-eabi/lib/armv7e-m/libg_nano.a(lib_a-errno.o)
 .ARM.attributes
                0x00000000000005bd       0x2e /usr/local/gcc-arm-none-eabi-5_2-2015q4/bin/../lib/gcc/arm-none-eabi/5.2.1/../../../../arm-none-eabi/lib/armv7e-m/libg_nano.a(lib_a-findfp.o)
 .ARM.attributes
                0x00000000000005eb       0x2e /usr/local/gcc-arm-none-eabi-5_2-2015q4/bin/../lib/gcc/arm-none-eabi/5.2.1/../../../../arm-none-eabi/lib/armv7e-m/libg_nano.a(lib_a-fwalk.o)
 .ARM.attributes
                0x0000000000000619       0x2e /usr/local/gcc-arm-none-eabi-5_2-2015q4/bin/../lib/gcc/arm-none-eabi/5.2.1/../../../../arm-none-eabi/lib/armv7e-m/libg_nano.a(lib_a-fwrite.o)
 .ARM.attributes
                0x0000000000000647       0x2e /usr/local/gcc-arm-none-eabi-5_2-2015q4/bin/../lib/gcc/arm-none-eabi/5.2.1/../../../../arm-none-eabi/lib/armv7e-m/libg_nano.a(lib_a-impure.o)
 .ARM.attributes
                0x0000000000000675       0x2e /usr/local/gcc-arm-none-eabi-5_2-2015q4/bin/../lib/gcc/arm-none-eabi/5.2.1/../../../../arm-none-eabi/lib/armv7e-m/libg_nano.a(lib_a-memset.o)
 .ARM.attributes
                0x00000000000006a3       0x2e /usr/local/gcc-arm-none-eabi-5_2-2015q4/bin/../lib/gcc/arm-none-eabi/5.2.1/../../../../arm-none-eabi/lib/armv7e-m/libg_nano.a(lib_a-nano-mallocr.o)
 .ARM.attributes
                0x00000000000006d1       0x2e /usr/local/gcc-arm-none-eabi-5_2-2015q4/bin/../lib/gcc/arm-none-eabi/5.2.1/../../../../arm-none-eabi/lib/armv7e-m/libg_nano.a(lib_a-puts.o)
 .ARM.attributes
                0x00000000000006ff       0x2e /usr/local/gcc-arm-none-eabi-5_2-2015q4/bin/../lib/gcc/arm-none-eabi/5.2.1/../../../../arm-none-eabi/lib/armv7e-m/libg_nano.a(lib_a-sbrkr.o)
 .ARM.attributes
                0x000000000000072d       0x2e /usr/local/gcc-arm-none-eabi-5_2-2015q4/bin/../lib/gcc/arm-none-eabi/5.2.1/../../../../arm-none-eabi/lib/armv7e-m/libg_nano.a(lib_a-stdio.o)
 .ARM.attributes
                0x000000000000075b       0x1c /usr/local/gcc-arm-none-eabi-5_2-2015q4/bin/../lib/gcc/arm-none-eabi/5.2.1/../../../../arm-none-eabi/lib/armv7e-m/libg_nano.a(lib_a-strcmp.o)
 .ARM.attributes
                0x0000000000000777       0x17 /usr/local/gcc-arm-none-eabi-5_2-2015q4/bin/../lib/gcc/arm-none-eabi/5.2.1/../../../../arm-none-eabi/lib/armv7e-m/libg_nano.a(lib_a-strlen.o)
 .ARM.attributes
                0x000000000000078e       0x2e /usr/local/gcc-arm-none-eabi-5_2-2015q4/bin/../lib/gcc/arm-none-eabi/5.2.1/../../../../arm-none-eabi/lib/armv7e-m/libg_nano.a(lib_a-vsnprintf.o)
 .ARM.attributes
                0x00000000000007bc       0x2e /usr/local/gcc-arm-none-eabi-5_2-2015q4/bin/../lib/gcc/arm-none-eabi/5.2.1/../../../../arm-none-eabi/lib/armv7e-m/libg_nano.a(lib_a-wbuf.o)
 .ARM.attributes
                0x00000000000007ea       0x2e /usr/local/gcc-arm-none-eabi-5_2-2015q4/bin/../lib/gcc/arm-none-eabi/5.2.1/../../../../arm-none-eabi/lib/armv7e-m/libg_nano.a(lib_a-writer.o)
 .ARM.attributes
                0x0000000000000818       0x2e /usr/local/gcc-arm-none-eabi-5_2-2015q4/bin/../lib/gcc/arm-none-eabi/5.2.1/../../../../arm-none-eabi/lib/armv7e-m/libg_nano.a(lib_a-wsetup.o)
 .ARM.attributes
                0x0000000000000846       0x2e /usr/local/gcc-arm-none-eabi-5_2-2015q4/bin/../lib/gcc/arm-none-eabi/5.2.1/../../../../arm-none-eabi/lib/armv7e-m/libg_nano.a(lib_a-closer.o)
 .ARM.attributes
                0x0000000000000874       0x2e /usr/local/gcc-arm-none-eabi-5_2-2015q4/bin/../lib/gcc/arm-none-eabi/5.2.1/../../../../arm-none-eabi/lib/armv7e-m/libg_nano.a(lib_a-fflush.o)
 .ARM.attributes
                0x00000000000008a2       0x2e /usr/local/gcc-arm-none-eabi-5_2-2015q4/bin/../lib/gcc/arm-none-eabi/5.2.1/../../../../arm-none-eabi/lib/armv7e-m/libg_nano.a(lib_a-lseekr.o)
 .ARM.attributes
                0x00000000000008d0       0x2e /usr/local/gcc-arm-none-eabi-5_2-2015q4/bin/../lib/gcc/arm-none-eabi/5.2.1/../../../../arm-none-eabi/lib/armv7e-m/libg_nano.a(lib_a-makebuf.o)
 .ARM.attributes
                0x00000000000008fe       0x2e /usr/local/gcc-arm-none-eabi-5_2-2015q4/bin/../lib/gcc/arm-none-eabi/5.2.1/../../../../arm-none-eabi/lib/armv7e-m/libg_nano.a(lib_a-nano-freer.o)
 .ARM.attributes
                0x000000000000092c       0x2e /usr/local/gcc-arm-none-eabi-5_2-2015q4/bin/../lib/gcc/arm-none-eabi/5.2.1/../../../../arm-none-eabi/lib/armv7e-m/libg_nano.a(lib_a-nano-svfprintf.o)
 .ARM.attributes
                0x000000000000095a       0x2e /usr/local/gcc-arm-none-eabi-5_2-2015q4/bin/../lib/gcc/arm-none-eabi/5.2.1/../../../../arm-none-eabi/lib/armv7e-m/libg_nano.a(lib_a-nano-vfprintf_i.o)
 .ARM.attributes
                0x0000000000000988       0x2e /usr/local/gcc-arm-none-eabi-5_2-2015q4/bin/../lib/gcc/arm-none-eabi/5.2.1/../../../../arm-none-eabi/lib/armv7e-m/libg_nano.a(lib_a-readr.o)
 .ARM.attributes
                0x00000000000009b6       0x2e /usr/local/gcc-arm-none-eabi-5_2-2015q4/bin/../lib/gcc/arm-none-eabi/5.2.1/../../../../arm-none-eabi/lib/armv7e-m/libg_nano.a(lib_a-fstatr.o)
 .ARM.attributes
                0x00000000000009e4       0x2e /usr/local/gcc-arm-none-eabi-5_2-2015q4/bin/../lib/gcc/arm-none-eabi/5.2.1/../../../../arm-none-eabi/lib/armv7e-m/libg_nano.a(lib_a-isattyr.o)
 .ARM.attributes
                0x0000000000000a12       0x1c /usr/local/gcc-arm-none-eabi-5_2-2015q4/bin/../lib/gcc/arm-none-eabi/5.2.1/../../../../arm-none-eabi/lib/armv7e-m/libg_nano.a(lib_a-memchr.o)
 .ARM.attributes
                0x0000000000000a2e       0x2e /usr/local/gcc-arm-none-eabi-5_2-2015q4/bin/../lib/gcc/arm-none-eabi/5.2.1/../../../../arm-none-eabi/lib/armv7e-m/libg_nano.a(lib_a-memcpy-stub.o)
 .ARM.attributes
                0x0000000000000a5c       0x2e /usr/local/gcc-arm-none-eabi-5_2-2015q4/bin/../lib/gcc/arm-none-eabi/5.2.1/../../../../arm-none-eabi/lib/armv7e-m/libg_nano.a(lib_a-memmove.o)
 .ARM.attributes
                0x0000000000000a8a       0x2e /usr/local/gcc-arm-none-eabi-5_2-2015q4/bin/../lib/gcc/arm-none-eabi/5.2.1/../../../../arm-none-eabi/lib/armv7e-m/libg_nano.a(lib_a-nano-reallocr.o)
 .ARM.attributes
                0x0000000000000ab8       0x2e /usr/local/gcc-arm-none-eabi-5_2-2015q4/bin/../lib/gcc/arm-none-eabi/5.2.1/../../../../arm-none-eabi/lib/armv7e-m/libg_nano.a(lib_a-nano-msizer.o)

.debug
 *(.debug)

.line
 *(.line)

.debug_srcinfo
 *(.debug_srcinfo)

.debug_sfnames
 *(.debug_sfnames)

.debug_aranges  0x0000000000000000      0xc28
 *(.debug_aranges)
 .debug_aranges
                0x0000000000000000       0xc0 ./system/src/stm32f4-hal/stm32f4xx_hal.o
 .debug_aranges
                0x00000000000000c0       0xe8 ./system/src/stm32f4-hal/stm32f4xx_hal_adc.o
 .debug_aranges
                0x00000000000001a8       0x98 ./system/src/stm32f4-hal/stm32f4xx_hal_cortex.o
 .debug_aranges
                0x0000000000000240       0xc0 ./system/src/stm32f4-hal/stm32f4xx_hal_dac.o
 .debug_aranges
                0x0000000000000300       0x70 ./system/src/stm32f4-hal/stm32f4xx_hal_dma.o
 .debug_aranges
                0x0000000000000370       0x38 ./system/src/stm32f4-hal/stm32f4xx_hal_dma_ex.o
 .debug_aranges
                0x00000000000003a8       0x58 ./system/src/stm32f4-hal/stm32f4xx_hal_gpio.o
 .debug_aranges
                0x0000000000000400       0xf0 ./system/src/stm32f4-hal/stm32f4xx_hal_i2s.o
 .debug_aranges
                0x00000000000004f0       0x30 ./system/src/stm32f4-hal/stm32f4xx_hal_i2s_ex.o
 .debug_aranges
                0x0000000000000520       0x60 ./system/src/stm32f4-hal/stm32f4xx_hal_pwr_ex.o
 .debug_aranges
                0x0000000000000580       0x88 ./system/src/stm32f4-hal/stm32f4xx_hal_rcc.o
 .debug_aranges
                0x0000000000000608       0x58 ./system/src/stm32f4-hal/stm32f4xx_hal_rcc_ex.o
 .debug_aranges
                0x0000000000000660      0x150 ./system/src/stm32f4-hal/stm32f4xx_hal_uart.o
 .debug_aranges
                0x00000000000007b0       0x20 ./system/src/newlib/_sbrk.o
 .debug_aranges
                0x00000000000007d0       0x40 ./system/src/newlib/_startup.o
 .debug_aranges
                0x0000000000000810      0x120 ./system/src/newlib/_syscalls.o
 .debug_aranges
                0x0000000000000930       0x38 ./system/src/diag/Trace.o
 .debug_aranges
                0x0000000000000968       0x30 ./system/src/diag/trace_impl.o
 .debug_aranges
                0x0000000000000998       0x28 ./system/src/cortexm/_initialize_hardware.o
 .debug_aranges
                0x00000000000009c0       0x90 ./system/src/cortexm/exception_handlers.o
 .debug_aranges
                0x0000000000000a50       0x28 ./system/src/cmsis/system_stm32f4xx.o
 .debug_aranges
                0x0000000000000a78       0x20 ./system/src/cmsis/vectors_stm32f446xx.o
 .debug_aranges
                0x0000000000000a98       0x48 ./src/BlinkLed.o
 .debug_aranges
                0x0000000000000ae0       0x28 ./src/Timer.o
 .debug_aranges
                0x0000000000000b08       0xa0 ./src/main.o
 .debug_aranges
                0x0000000000000ba8       0x60 ./src/stm32f4xx_hal_msp.o
 .debug_aranges
                0x0000000000000c08       0x20 ./src/stm32f4xx_it.o

.debug_pubnames
 *(.debug_pubnames)

.debug_info     0x0000000000000000    0x136ed
 *(.debug_info .gnu.linkonce.wi.*)
 .debug_info    0x0000000000000000      0x94b ./system/src/stm32f4-hal/stm32f4xx_hal.o
 .debug_info    0x000000000000094b     0x11c6 ./system/src/stm32f4-hal/stm32f4xx_hal_adc.o
 .debug_info    0x0000000000001b11     0x1129 ./system/src/stm32f4-hal/stm32f4xx_hal_cortex.o
 .debug_info    0x0000000000002c3a      0xc32 ./system/src/stm32f4-hal/stm32f4xx_hal_dac.o
 .debug_info    0x000000000000386c      0x9e1 ./system/src/stm32f4-hal/stm32f4xx_hal_dma.o
 .debug_info    0x000000000000424d      0x572 ./system/src/stm32f4-hal/stm32f4xx_hal_dma_ex.o
 .debug_info    0x00000000000047bf      0x8d4 ./system/src/stm32f4-hal/stm32f4xx_hal_gpio.o
 .debug_info    0x0000000000005093      0xf52 ./system/src/stm32f4-hal/stm32f4xx_hal_i2s.o
 .debug_info    0x0000000000005fe5      0x81c ./system/src/stm32f4-hal/stm32f4xx_hal_i2s_ex.o
 .debug_info    0x0000000000006801      0x9b9 ./system/src/stm32f4-hal/stm32f4xx_hal_pwr_ex.o
 .debug_info    0x00000000000071ba      0xf99 ./system/src/stm32f4-hal/stm32f4xx_hal_rcc.o
 .debug_info    0x0000000000008153     0x1839 ./system/src/stm32f4-hal/stm32f4xx_hal_rcc_ex.o
 .debug_info    0x000000000000998c     0x14f4 ./system/src/stm32f4-hal/stm32f4xx_hal_uart.o
 .debug_info    0x000000000000ae80      0x11f ./system/src/newlib/_sbrk.o
 .debug_info    0x000000000000af9f      0x4fa ./system/src/newlib/_startup.o
 .debug_info    0x000000000000b499     0x1ebd ./system/src/newlib/_syscalls.o
 .debug_info    0x000000000000d356      0x2e7 ./system/src/diag/Trace.o
 .debug_info    0x000000000000d63d      0x315 ./system/src/diag/trace_impl.o
 .debug_info    0x000000000000d952      0x2cb ./system/src/cortexm/_initialize_hardware.o
 .debug_info    0x000000000000dc1d      0x9a9 ./system/src/cortexm/exception_handlers.o
 .debug_info    0x000000000000e5c6      0x4e4 ./system/src/cmsis/system_stm32f4xx.o
 .debug_info    0x000000000000eaaa       0xd1 ./system/src/cmsis/vectors_stm32f446xx.o
 .debug_info    0x000000000000eb7b      0x605 ./src/BlinkLed.o
 .debug_info    0x000000000000f180      0x1e1 ./src/Timer.o
 .debug_info    0x000000000000f361     0x29ee ./src/main.o
 .debug_info    0x0000000000011d4f     0x13f0 ./src/stm32f4xx_hal_msp.o
 .debug_info    0x000000000001313f      0x5ae ./src/stm32f4xx_it.o

.debug_abbrev   0x0000000000000000     0x3774
 *(.debug_abbrev)
 .debug_abbrev  0x0000000000000000      0x224 ./system/src/stm32f4-hal/stm32f4xx_hal.o
 .debug_abbrev  0x0000000000000224      0x27e ./system/src/stm32f4-hal/stm32f4xx_hal_adc.o
 .debug_abbrev  0x00000000000004a2      0x324 ./system/src/stm32f4-hal/stm32f4xx_hal_cortex.o
 .debug_abbrev  0x00000000000007c6      0x202 ./system/src/stm32f4-hal/stm32f4xx_hal_dac.o
 .debug_abbrev  0x00000000000009c8      0x270 ./system/src/stm32f4-hal/stm32f4xx_hal_dma.o
 .debug_abbrev  0x0000000000000c38      0x192 ./system/src/stm32f4-hal/stm32f4xx_hal_dma_ex.o
 .debug_abbrev  0x0000000000000dca      0x204 ./system/src/stm32f4-hal/stm32f4xx_hal_gpio.o
 .debug_abbrev  0x0000000000000fce      0x21c ./system/src/stm32f4-hal/stm32f4xx_hal_i2s.o
 .debug_abbrev  0x00000000000011ea      0x16f ./system/src/stm32f4-hal/stm32f4xx_hal_i2s_ex.o
 .debug_abbrev  0x0000000000001359      0x252 ./system/src/stm32f4-hal/stm32f4xx_hal_pwr_ex.o
 .debug_abbrev  0x00000000000015ab      0x2b8 ./system/src/stm32f4-hal/stm32f4xx_hal_rcc.o
 .debug_abbrev  0x0000000000001863      0x277 ./system/src/stm32f4-hal/stm32f4xx_hal_rcc_ex.o
 .debug_abbrev  0x0000000000001ada      0x239 ./system/src/stm32f4-hal/stm32f4xx_hal_uart.o
 .debug_abbrev  0x0000000000001d13       0xb9 ./system/src/newlib/_sbrk.o
 .debug_abbrev  0x0000000000001dcc      0x1d4 ./system/src/newlib/_startup.o
 .debug_abbrev  0x0000000000001fa0      0x41e ./system/src/newlib/_syscalls.o
 .debug_abbrev  0x00000000000023be      0x156 ./system/src/diag/Trace.o
 .debug_abbrev  0x0000000000002514      0x1c8 ./system/src/diag/trace_impl.o
 .debug_abbrev  0x00000000000026dc       0xea ./system/src/cortexm/_initialize_hardware.o
 .debug_abbrev  0x00000000000027c6      0x286 ./system/src/cortexm/exception_handlers.o
 .debug_abbrev  0x0000000000002a4c      0x104 ./system/src/cmsis/system_stm32f4xx.o
 .debug_abbrev  0x0000000000002b50       0x9d ./system/src/cmsis/vectors_stm32f446xx.o
 .debug_abbrev  0x0000000000002bed      0x21a ./src/BlinkLed.o
 .debug_abbrev  0x0000000000002e07      0x1a6 ./src/Timer.o
 .debug_abbrev  0x0000000000002fad      0x47d ./src/main.o
 .debug_abbrev  0x000000000000342a      0x1f4 ./src/stm32f4xx_hal_msp.o
 .debug_abbrev  0x000000000000361e      0x156 ./src/stm32f4xx_it.o

.debug_line     0x0000000000000000     0xcb06
 *(.debug_line)
 .debug_line    0x0000000000000000      0x769 ./system/src/stm32f4-hal/stm32f4xx_hal.o
 .debug_line    0x0000000000000769      0xc8a ./system/src/stm32f4-hal/stm32f4xx_hal_adc.o
 .debug_line    0x00000000000013f3      0x84c ./system/src/stm32f4-hal/stm32f4xx_hal_cortex.o
 .debug_line    0x0000000000001c3f      0x8fc ./system/src/stm32f4-hal/stm32f4xx_hal_dac.o
 .debug_line    0x000000000000253b      0x8fa ./system/src/stm32f4-hal/stm32f4xx_hal_dma.o
 .debug_line    0x0000000000002e35      0x675 ./system/src/stm32f4-hal/stm32f4xx_hal_dma_ex.o
 .debug_line    0x00000000000034aa      0x92e ./system/src/stm32f4-hal/stm32f4xx_hal_gpio.o
 .debug_line    0x0000000000003dd8      0xb60 ./system/src/stm32f4-hal/stm32f4xx_hal_i2s.o
 .debug_line    0x0000000000004938      0x643 ./system/src/stm32f4-hal/stm32f4xx_hal_i2s_ex.o
 .debug_line    0x0000000000004f7b      0x76b ./system/src/stm32f4-hal/stm32f4xx_hal_pwr_ex.o
 .debug_line    0x00000000000056e6      0xa1b ./system/src/stm32f4-hal/stm32f4xx_hal_rcc.o
 .debug_line    0x0000000000006101      0xd1d ./system/src/stm32f4-hal/stm32f4xx_hal_rcc_ex.o
 .debug_line    0x0000000000006e1e      0xe70 ./system/src/stm32f4-hal/stm32f4xx_hal_uart.o
 .debug_line    0x0000000000007c8e      0x27c ./system/src/newlib/_sbrk.o
 .debug_line    0x0000000000007f0a      0x34d ./system/src/newlib/_startup.o
 .debug_line    0x0000000000008257      0x806 ./system/src/newlib/_syscalls.o
 .debug_line    0x0000000000008a5d      0x329 ./system/src/diag/Trace.o
 .debug_line    0x0000000000008d86      0x6a4 ./system/src/diag/trace_impl.o
 .debug_line    0x000000000000942a      0x60d ./system/src/cortexm/_initialize_hardware.o
 .debug_line    0x0000000000009a37      0x776 ./system/src/cortexm/exception_handlers.o
 .debug_line    0x000000000000a1ad      0x60d ./system/src/cmsis/system_stm32f4xx.o
 .debug_line    0x000000000000a7ba      0x1f2 ./system/src/cmsis/vectors_stm32f446xx.o
 .debug_line    0x000000000000a9ac      0x644 ./src/BlinkLed.o
 .debug_line    0x000000000000aff0      0x631 ./src/Timer.o
 .debug_line    0x000000000000b621      0x856 ./src/main.o
 .debug_line    0x000000000000be77      0x6a9 ./src/stm32f4xx_hal_msp.o
 .debug_line    0x000000000000c520      0x5e6 ./src/stm32f4xx_it.o

.debug_frame    0x0000000000000000     0x269c
 *(.debug_frame)
 .debug_frame   0x0000000000000000      0x188 ./system/src/stm32f4-hal/stm32f4xx_hal.o
 .debug_frame   0x0000000000000188      0x27c ./system/src/stm32f4-hal/stm32f4xx_hal_adc.o
 .debug_frame   0x0000000000000404      0x17c ./system/src/stm32f4-hal/stm32f4xx_hal_cortex.o
 .debug_frame   0x0000000000000580      0x1fc ./system/src/stm32f4-hal/stm32f4xx_hal_dac.o
 .debug_frame   0x000000000000077c      0x148 ./system/src/stm32f4-hal/stm32f4xx_hal_dma.o
 .debug_frame   0x00000000000008c4       0x7c ./system/src/stm32f4-hal/stm32f4xx_hal_dma_ex.o
 .debug_frame   0x0000000000000940       0xf8 ./system/src/stm32f4-hal/stm32f4xx_hal_gpio.o
 .debug_frame   0x0000000000000a38      0x2c0 ./system/src/stm32f4-hal/stm32f4xx_hal_i2s.o
 .debug_frame   0x0000000000000cf8       0x50 ./system/src/stm32f4-hal/stm32f4xx_hal_i2s_ex.o
 .debug_frame   0x0000000000000d48       0xf4 ./system/src/stm32f4-hal/stm32f4xx_hal_pwr_ex.o
 .debug_frame   0x0000000000000e3c      0x158 ./system/src/stm32f4-hal/stm32f4xx_hal_rcc.o
 .debug_frame   0x0000000000000f94       0xe4 ./system/src/stm32f4-hal/stm32f4xx_hal_rcc_ex.o
 .debug_frame   0x0000000000001078      0x39c ./system/src/stm32f4-hal/stm32f4xx_hal_uart.o
 .debug_frame   0x0000000000001414       0x28 ./system/src/newlib/_sbrk.o
 .debug_frame   0x000000000000143c       0x7c ./system/src/newlib/_startup.o
 .debug_frame   0x00000000000014b8      0x3d0 ./system/src/newlib/_syscalls.o
 .debug_frame   0x0000000000001888       0x94 ./system/src/diag/Trace.o
 .debug_frame   0x000000000000191c       0x60 ./system/src/diag/trace_impl.o
 .debug_frame   0x000000000000197c       0x40 ./system/src/cortexm/_initialize_hardware.o
 .debug_frame   0x00000000000019bc      0x164 ./system/src/cortexm/exception_handlers.o
 .debug_frame   0x0000000000001b20       0x30 ./system/src/cmsis/system_stm32f4xx.o
 .debug_frame   0x0000000000001b50       0x20 ./system/src/cmsis/vectors_stm32f446xx.o
 .debug_frame   0x0000000000001b70       0x8c ./src/BlinkLed.o
 .debug_frame   0x0000000000001bfc       0x38 ./src/Timer.o
 .debug_frame   0x0000000000001c34      0x1cc ./src/main.o
 .debug_frame   0x0000000000001e00      0x11c ./src/stm32f4xx_hal_msp.o
 .debug_frame   0x0000000000001f1c       0x28 ./src/stm32f4xx_it.o
 .debug_frame   0x0000000000001f44       0x20 /usr/local/gcc-arm-none-eabi-5_2-2015q4/bin/../lib/gcc/arm-none-eabi/5.2.1/../../../../arm-none-eabi/lib/armv7e-m/libg_nano.a(lib_a-errno.o)
 .debug_frame   0x0000000000001f64      0x11c /usr/local/gcc-arm-none-eabi-5_2-2015q4/bin/../lib/gcc/arm-none-eabi/5.2.1/../../../../arm-none-eabi/lib/armv7e-m/libg_nano.a(lib_a-findfp.o)
 .debug_frame   0x0000000000002080       0x54 /usr/local/gcc-arm-none-eabi-5_2-2015q4/bin/../lib/gcc/arm-none-eabi/5.2.1/../../../../arm-none-eabi/lib/armv7e-m/libg_nano.a(lib_a-fwalk.o)
 .debug_frame   0x00000000000020d4       0x4c /usr/local/gcc-arm-none-eabi-5_2-2015q4/bin/../lib/gcc/arm-none-eabi/5.2.1/../../../../arm-none-eabi/lib/armv7e-m/libg_nano.a(lib_a-fwrite.o)
 .debug_frame   0x0000000000002120       0x20 /usr/local/gcc-arm-none-eabi-5_2-2015q4/bin/../lib/gcc/arm-none-eabi/5.2.1/../../../../arm-none-eabi/lib/armv7e-m/libg_nano.a(lib_a-memset.o)
 .debug_frame   0x0000000000002140       0x2c /usr/local/gcc-arm-none-eabi-5_2-2015q4/bin/../lib/gcc/arm-none-eabi/5.2.1/../../../../arm-none-eabi/lib/armv7e-m/libg_nano.a(lib_a-nano-mallocr.o)
 .debug_frame   0x000000000000216c       0x3c /usr/local/gcc-arm-none-eabi-5_2-2015q4/bin/../lib/gcc/arm-none-eabi/5.2.1/../../../../arm-none-eabi/lib/armv7e-m/libg_nano.a(lib_a-puts.o)
 .debug_frame   0x00000000000021a8       0x2c /usr/local/gcc-arm-none-eabi-5_2-2015q4/bin/../lib/gcc/arm-none-eabi/5.2.1/../../../../arm-none-eabi/lib/armv7e-m/libg_nano.a(lib_a-sbrkr.o)
 .debug_frame   0x00000000000021d4       0x88 /usr/local/gcc-arm-none-eabi-5_2-2015q4/bin/../lib/gcc/arm-none-eabi/5.2.1/../../../../arm-none-eabi/lib/armv7e-m/libg_nano.a(lib_a-stdio.o)
 .debug_frame   0x000000000000225c       0x20 /usr/local/gcc-arm-none-eabi-5_2-2015q4/bin/../lib/gcc/arm-none-eabi/5.2.1/../../../../arm-none-eabi/lib/armv7e-m/libg_nano.a(lib_a-strcmp.o)
 .debug_frame   0x000000000000227c       0x48 /usr/local/gcc-arm-none-eabi-5_2-2015q4/bin/../lib/gcc/arm-none-eabi/5.2.1/../../../../arm-none-eabi/lib/armv7e-m/libg_nano.a(lib_a-vsnprintf.o)
 .debug_frame   0x00000000000022c4       0x40 /usr/local/gcc-arm-none-eabi-5_2-2015q4/bin/../lib/gcc/arm-none-eabi/5.2.1/../../../../arm-none-eabi/lib/armv7e-m/libg_nano.a(lib_a-wbuf.o)
 .debug_frame   0x0000000000002304       0x2c /usr/local/gcc-arm-none-eabi-5_2-2015q4/bin/../lib/gcc/arm-none-eabi/5.2.1/../../../../arm-none-eabi/lib/armv7e-m/libg_nano.a(lib_a-writer.o)
 .debug_frame   0x0000000000002330       0x2c /usr/local/gcc-arm-none-eabi-5_2-2015q4/bin/../lib/gcc/arm-none-eabi/5.2.1/../../../../arm-none-eabi/lib/armv7e-m/libg_nano.a(lib_a-wsetup.o)
 .debug_frame   0x000000000000235c       0x2c /usr/local/gcc-arm-none-eabi-5_2-2015q4/bin/../lib/gcc/arm-none-eabi/5.2.1/../../../../arm-none-eabi/lib/armv7e-m/libg_nano.a(lib_a-closer.o)
 .debug_frame   0x0000000000002388       0x68 /usr/local/gcc-arm-none-eabi-5_2-2015q4/bin/../lib/gcc/arm-none-eabi/5.2.1/../../../../arm-none-eabi/lib/armv7e-m/libg_nano.a(lib_a-fflush.o)
 .debug_frame   0x00000000000023f0       0x2c /usr/local/gcc-arm-none-eabi-5_2-2015q4/bin/../lib/gcc/arm-none-eabi/5.2.1/../../../../arm-none-eabi/lib/armv7e-m/libg_nano.a(lib_a-lseekr.o)
 .debug_frame   0x000000000000241c       0x34 /usr/local/gcc-arm-none-eabi-5_2-2015q4/bin/../lib/gcc/arm-none-eabi/5.2.1/../../../../arm-none-eabi/lib/armv7e-m/libg_nano.a(lib_a-makebuf.o)
 .debug_frame   0x0000000000002450       0x2c /usr/local/gcc-arm-none-eabi-5_2-2015q4/bin/../lib/gcc/arm-none-eabi/5.2.1/../../../../arm-none-eabi/lib/armv7e-m/libg_nano.a(lib_a-nano-freer.o)
 .debug_frame   0x000000000000247c       0x90 /usr/local/gcc-arm-none-eabi-5_2-2015q4/bin/../lib/gcc/arm-none-eabi/5.2.1/../../../../arm-none-eabi/lib/armv7e-m/libg_nano.a(lib_a-nano-svfprintf.o)
 .debug_frame   0x000000000000250c       0x60 /usr/local/gcc-arm-none-eabi-5_2-2015q4/bin/../lib/gcc/arm-none-eabi/5.2.1/../../../../arm-none-eabi/lib/armv7e-m/libg_nano.a(lib_a-nano-vfprintf_i.o)
 .debug_frame   0x000000000000256c       0x2c /usr/local/gcc-arm-none-eabi-5_2-2015q4/bin/../lib/gcc/arm-none-eabi/5.2.1/../../../../arm-none-eabi/lib/armv7e-m/libg_nano.a(lib_a-readr.o)
 .debug_frame   0x0000000000002598       0x2c /usr/local/gcc-arm-none-eabi-5_2-2015q4/bin/../lib/gcc/arm-none-eabi/5.2.1/../../../../arm-none-eabi/lib/armv7e-m/libg_nano.a(lib_a-fstatr.o)
 .debug_frame   0x00000000000025c4       0x2c /usr/local/gcc-arm-none-eabi-5_2-2015q4/bin/../lib/gcc/arm-none-eabi/5.2.1/../../../../arm-none-eabi/lib/armv7e-m/libg_nano.a(lib_a-isattyr.o)
 .debug_frame   0x00000000000025f0       0x28 /usr/local/gcc-arm-none-eabi-5_2-2015q4/bin/../lib/gcc/arm-none-eabi/5.2.1/../../../../arm-none-eabi/lib/armv7e-m/libg_nano.a(lib_a-memcpy-stub.o)
 .debug_frame   0x0000000000002618       0x28 /usr/local/gcc-arm-none-eabi-5_2-2015q4/bin/../lib/gcc/arm-none-eabi/5.2.1/../../../../arm-none-eabi/lib/armv7e-m/libg_nano.a(lib_a-memmove.o)
 .debug_frame   0x0000000000002640       0x3c /usr/local/gcc-arm-none-eabi-5_2-2015q4/bin/../lib/gcc/arm-none-eabi/5.2.1/../../../../arm-none-eabi/lib/armv7e-m/libg_nano.a(lib_a-nano-reallocr.o)
 .debug_frame   0x000000000000267c       0x20 /usr/local/gcc-arm-none-eabi-5_2-2015q4/bin/../lib/gcc/arm-none-eabi/5.2.1/../../../../arm-none-eabi/lib/armv7e-m/libg_nano.a(lib_a-nano-msizer.o)

.debug_str      0x0000000000000000    0x85a70
 *(.debug_str)
 .debug_str     0x0000000000000000    0x7ed6e ./system/src/stm32f4-hal/stm32f4xx_hal.o
                                      0x7f154 (size before relaxing)
 .debug_str     0x000000000007ed6e      0x66a ./system/src/stm32f4-hal/stm32f4xx_hal_adc.o
                                      0x7ed2e (size before relaxing)
 .debug_str     0x000000000007f3d8      0x35a ./system/src/stm32f4-hal/stm32f4xx_hal_cortex.o
                                      0x7efac (size before relaxing)
 .debug_str     0x000000000007f732      0x2f3 ./system/src/stm32f4-hal/stm32f4xx_hal_dac.o
                                      0x7eba7 (size before relaxing)
 .debug_str     0x000000000007fa25      0x196 ./system/src/stm32f4-hal/stm32f4xx_hal_dma.o
                                      0x7e9fe (size before relaxing)
 .debug_str     0x000000000007fbbb       0xd8 ./system/src/stm32f4-hal/stm32f4xx_hal_dma_ex.o
                                      0x7e917 (size before relaxing)
 .debug_str     0x000000000007fc93      0x2a5 ./system/src/stm32f4-hal/stm32f4xx_hal_gpio.o
                                      0x7e9a6 (size before relaxing)
 .debug_str     0x000000000007ff38      0x3ab ./system/src/stm32f4-hal/stm32f4xx_hal_i2s.o
                                      0x7eca5 (size before relaxing)
 .debug_str     0x00000000000802e3       0x6f ./system/src/stm32f4-hal/stm32f4xx_hal_i2s_ex.o
                                      0x7eb51 (size before relaxing)
 .debug_str     0x0000000000080352      0x12f ./system/src/stm32f4-hal/stm32f4xx_hal_pwr_ex.o
                                      0x7e916 (size before relaxing)
 .debug_str     0x0000000000080481      0x344 ./system/src/stm32f4-hal/stm32f4xx_hal_rcc.o
                                      0x7eb49 (size before relaxing)
 .debug_str     0x00000000000807c5      0x25d ./system/src/stm32f4-hal/stm32f4xx_hal_rcc_ex.o
                                      0x7eab9 (size before relaxing)
 .debug_str     0x0000000000080a22      0x479 ./system/src/stm32f4-hal/stm32f4xx_hal_uart.o
                                      0x7edfb (size before relaxing)
 .debug_str     0x0000000000080e9b      0x4de ./system/src/newlib/_sbrk.o
                                       0x5e11 (size before relaxing)
 .debug_str     0x0000000000081379      0x2cc ./system/src/newlib/_startup.o
                                       0x59db (size before relaxing)
 .debug_str     0x0000000000081645     0x2d7a ./system/src/newlib/_syscalls.o
                                       0x9ea0 (size before relaxing)
 .debug_str     0x00000000000843bf      0x18f ./system/src/diag/Trace.o
                                       0x7310 (size before relaxing)
 .debug_str     0x000000000008454e       0xa2 ./system/src/diag/trace_impl.o
                                      0x7f809 (size before relaxing)
 .debug_str     0x00000000000845f0       0x5e ./system/src/cortexm/_initialize_hardware.o
                                      0x7e625 (size before relaxing)
 .debug_str     0x000000000008464e      0x1dc ./system/src/cortexm/exception_handlers.o
                                      0x7f9ff (size before relaxing)
 .debug_str     0x000000000008482a       0x46 ./system/src/cmsis/system_stm32f4xx.o
                                      0x7e729 (size before relaxing)
 .debug_str     0x0000000000084870       0x59 ./system/src/cmsis/vectors_stm32f446xx.o
                                       0x326c (size before relaxing)
 .debug_str     0x00000000000848c9      0x87e ./src/BlinkLed.o
                                      0x7ec9e (size before relaxing)
 .debug_str     0x0000000000085147       0xac ./src/Timer.o
                                      0x7ea4c (size before relaxing)
 .debug_str     0x00000000000851f3      0x834 ./src/main.o
                                      0x81ae4 (size before relaxing)
 .debug_str     0x0000000000085a27       0x1b ./src/stm32f4xx_hal_msp.o
                                      0x7f544 (size before relaxing)
 .debug_str     0x0000000000085a42       0x2e ./src/stm32f4xx_it.o
                                      0x7ed61 (size before relaxing)

.debug_loc      0x0000000000000000     0x7392
 *(.debug_loc)
 .debug_loc     0x0000000000000000       0x92 ./system/src/stm32f4-hal/stm32f4xx_hal.o
 .debug_loc     0x0000000000000092      0x6c3 ./system/src/stm32f4-hal/stm32f4xx_hal_adc.o
 .debug_loc     0x0000000000000755      0x580 ./system/src/stm32f4-hal/stm32f4xx_hal_cortex.o
 .debug_loc     0x0000000000000cd5      0x6f3 ./system/src/stm32f4-hal/stm32f4xx_hal_dac.o
 .debug_loc     0x00000000000013c8      0x4d2 ./system/src/stm32f4-hal/stm32f4xx_hal_dma.o
 .debug_loc     0x000000000000189a      0x240 ./system/src/stm32f4-hal/stm32f4xx_hal_dma_ex.o
 .debug_loc     0x0000000000001ada      0x4b0 ./system/src/stm32f4-hal/stm32f4xx_hal_gpio.o
 .debug_loc     0x0000000000001f8a      0xde9 ./system/src/stm32f4-hal/stm32f4xx_hal_i2s.o
 .debug_loc     0x0000000000002d73      0x237 ./system/src/stm32f4-hal/stm32f4xx_hal_i2s_ex.o
 .debug_loc     0x0000000000002faa      0x307 ./system/src/stm32f4-hal/stm32f4xx_hal_pwr_ex.o
 .debug_loc     0x00000000000032b1      0x57a ./system/src/stm32f4-hal/stm32f4xx_hal_rcc.o
 .debug_loc     0x000000000000382b      0xd9b ./system/src/stm32f4-hal/stm32f4xx_hal_rcc_ex.o
 .debug_loc     0x00000000000045c6      0xf70 ./system/src/stm32f4-hal/stm32f4xx_hal_uart.o
 .debug_loc     0x0000000000005536       0x82 ./system/src/newlib/_sbrk.o
 .debug_loc     0x00000000000055b8      0x36e ./system/src/newlib/_startup.o
 .debug_loc     0x0000000000005926      0xf15 ./system/src/newlib/_syscalls.o
 .debug_loc     0x000000000000683b      0x102 ./system/src/diag/Trace.o
 .debug_loc     0x000000000000693d      0x17c ./system/src/diag/trace_impl.o
 .debug_loc     0x0000000000006ab9      0x43a ./system/src/cortexm/exception_handlers.o
 .debug_loc     0x0000000000006ef3      0x132 ./system/src/cmsis/system_stm32f4xx.o
 .debug_loc     0x0000000000007025       0xa4 ./src/BlinkLed.o
 .debug_loc     0x00000000000070c9      0x190 ./src/main.o
 .debug_loc     0x0000000000007259      0x139 ./src/stm32f4xx_hal_msp.o

.debug_macinfo
 *(.debug_macinfo)

.debug_weaknames
 *(.debug_weaknames)

.debug_funcnames
 *(.debug_funcnames)

.debug_typenames
 *(.debug_typenames)

.debug_varnames
 *(.debug_varnames)
OUTPUT(pdm_mic5.elf elf32-littlearm)

.debug_ranges   0x0000000000000000      0xae0
 .debug_ranges  0x0000000000000000       0xb0 ./system/src/stm32f4-hal/stm32f4xx_hal.o
 .debug_ranges  0x00000000000000b0       0xd8 ./system/src/stm32f4-hal/stm32f4xx_hal_adc.o
 .debug_ranges  0x0000000000000188       0x88 ./system/src/stm32f4-hal/stm32f4xx_hal_cortex.o
 .debug_ranges  0x0000000000000210       0xb0 ./system/src/stm32f4-hal/stm32f4xx_hal_dac.o
 .debug_ranges  0x00000000000002c0       0x60 ./system/src/stm32f4-hal/stm32f4xx_hal_dma.o
 .debug_ranges  0x0000000000000320       0x28 ./system/src/stm32f4-hal/stm32f4xx_hal_dma_ex.o
 .debug_ranges  0x0000000000000348       0x48 ./system/src/stm32f4-hal/stm32f4xx_hal_gpio.o
 .debug_ranges  0x0000000000000390       0xe0 ./system/src/stm32f4-hal/stm32f4xx_hal_i2s.o
 .debug_ranges  0x0000000000000470       0x20 ./system/src/stm32f4-hal/stm32f4xx_hal_i2s_ex.o
 .debug_ranges  0x0000000000000490       0x50 ./system/src/stm32f4-hal/stm32f4xx_hal_pwr_ex.o
 .debug_ranges  0x00000000000004e0       0x78 ./system/src/stm32f4-hal/stm32f4xx_hal_rcc.o
 .debug_ranges  0x0000000000000558       0x48 ./system/src/stm32f4-hal/stm32f4xx_hal_rcc_ex.o
 .debug_ranges  0x00000000000005a0      0x140 ./system/src/stm32f4-hal/stm32f4xx_hal_uart.o
 .debug_ranges  0x00000000000006e0       0x10 ./system/src/newlib/_sbrk.o
 .debug_ranges  0x00000000000006f0       0x30 ./system/src/newlib/_startup.o
 .debug_ranges  0x0000000000000720      0x148 ./system/src/newlib/_syscalls.o
 .debug_ranges  0x0000000000000868       0x28 ./system/src/diag/Trace.o
 .debug_ranges  0x0000000000000890       0x38 ./system/src/diag/trace_impl.o
 .debug_ranges  0x00000000000008c8       0x18 ./system/src/cortexm/_initialize_hardware.o
 .debug_ranges  0x00000000000008e0       0x98 ./system/src/cortexm/exception_handlers.o
 .debug_ranges  0x0000000000000978       0x18 ./system/src/cmsis/system_stm32f4xx.o
 .debug_ranges  0x0000000000000990       0x10 ./system/src/cmsis/vectors_stm32f446xx.o
 .debug_ranges  0x00000000000009a0       0x38 ./src/BlinkLed.o
 .debug_ranges  0x00000000000009d8       0x18 ./src/Timer.o
 .debug_ranges  0x00000000000009f0       0x90 ./src/main.o
 .debug_ranges  0x0000000000000a80       0x50 ./src/stm32f4xx_hal_msp.o
 .debug_ranges  0x0000000000000ad0       0x10 ./src/stm32f4xx_it.o

.debug_macro    0x0000000000000000    0x198c5
 .debug_macro   0x0000000000000000      0x35e ./system/src/stm32f4-hal/stm32f4xx_hal.o
 .debug_macro   0x000000000000035e      0x89e ./system/src/stm32f4-hal/stm32f4xx_hal.o
 .debug_macro   0x0000000000000bfc       0x58 ./system/src/stm32f4-hal/stm32f4xx_hal.o
 .debug_macro   0x0000000000000c54      0x1bd ./system/src/stm32f4-hal/stm32f4xx_hal.o
 .debug_macro   0x0000000000000e11       0x2e ./system/src/stm32f4-hal/stm32f4xx_hal.o
 .debug_macro   0x0000000000000e3f       0x28 ./system/src/stm32f4-hal/stm32f4xx_hal.o
 .debug_macro   0x0000000000000e67       0x22 ./system/src/stm32f4-hal/stm32f4xx_hal.o
 .debug_macro   0x0000000000000e89       0x44 ./system/src/stm32f4-hal/stm32f4xx_hal.o
 .debug_macro   0x0000000000000ecd       0xfd ./system/src/stm32f4-hal/stm32f4xx_hal.o
 .debug_macro   0x0000000000000fca       0x22 ./system/src/stm32f4-hal/stm32f4xx_hal.o
 .debug_macro   0x0000000000000fec      0x1df ./system/src/stm32f4-hal/stm32f4xx_hal.o
 .debug_macro   0x00000000000011cb       0x35 ./system/src/stm32f4-hal/stm32f4xx_hal.o
 .debug_macro   0x0000000000001200       0x50 ./system/src/stm32f4-hal/stm32f4xx_hal.o
 .debug_macro   0x0000000000001250      0xe66 ./system/src/stm32f4-hal/stm32f4xx_hal.o
 .debug_macro   0x00000000000020b6     0x9676 ./system/src/stm32f4-hal/stm32f4xx_hal.o
 .debug_macro   0x000000000000b72c       0x43 ./system/src/stm32f4-hal/stm32f4xx_hal.o
 .debug_macro   0x000000000000b76f     0x33a6 ./system/src/stm32f4-hal/stm32f4xx_hal.o
 .debug_macro   0x000000000000eb15       0x58 ./system/src/stm32f4-hal/stm32f4xx_hal.o
 .debug_macro   0x000000000000eb6d       0x35 ./system/src/stm32f4-hal/stm32f4xx_hal.o
 .debug_macro   0x000000000000eba2       0x9c ./system/src/stm32f4-hal/stm32f4xx_hal.o
 .debug_macro   0x000000000000ec3e       0x16 ./system/src/stm32f4-hal/stm32f4xx_hal.o
 .debug_macro   0x000000000000ec54       0x97 ./system/src/stm32f4-hal/stm32f4xx_hal.o
 .debug_macro   0x000000000000eceb      0x329 ./system/src/stm32f4-hal/stm32f4xx_hal.o
 .debug_macro   0x000000000000f014       0xfd ./system/src/stm32f4-hal/stm32f4xx_hal.o
 .debug_macro   0x000000000000f111       0x10 ./system/src/stm32f4-hal/stm32f4xx_hal.o
 .debug_macro   0x000000000000f121       0x52 ./system/src/stm32f4-hal/stm32f4xx_hal.o
 .debug_macro   0x000000000000f173       0x16 ./system/src/stm32f4-hal/stm32f4xx_hal.o
 .debug_macro   0x000000000000f189       0x43 ./system/src/stm32f4-hal/stm32f4xx_hal.o
 .debug_macro   0x000000000000f1cc      0x187 ./system/src/stm32f4-hal/stm32f4xx_hal.o
 .debug_macro   0x000000000000f353       0x10 ./system/src/stm32f4-hal/stm32f4xx_hal.o
 .debug_macro   0x000000000000f363       0x22 ./system/src/stm32f4-hal/stm32f4xx_hal.o
 .debug_macro   0x000000000000f385       0x3a ./system/src/stm32f4-hal/stm32f4xx_hal.o
 .debug_macro   0x000000000000f3bf       0x10 ./system/src/stm32f4-hal/stm32f4xx_hal.o
 .debug_macro   0x000000000000f3cf       0x40 ./system/src/stm32f4-hal/stm32f4xx_hal.o
 .debug_macro   0x000000000000f40f       0x65 ./system/src/stm32f4-hal/stm32f4xx_hal.o
 .debug_macro   0x000000000000f474       0x16 ./system/src/stm32f4-hal/stm32f4xx_hal.o
 .debug_macro   0x000000000000f48a      0x197 ./system/src/stm32f4-hal/stm32f4xx_hal.o
 .debug_macro   0x000000000000f621       0x57 ./system/src/stm32f4-hal/stm32f4xx_hal.o
 .debug_macro   0x000000000000f678      0xc9e ./system/src/stm32f4-hal/stm32f4xx_hal.o
 .debug_macro   0x0000000000010316      0x9da ./system/src/stm32f4-hal/stm32f4xx_hal.o
 .debug_macro   0x0000000000010cf0      0x11e ./system/src/stm32f4-hal/stm32f4xx_hal.o
 .debug_macro   0x0000000000010e0e      0x1a0 ./system/src/stm32f4-hal/stm32f4xx_hal.o
 .debug_macro   0x0000000000010fae       0x27 ./system/src/stm32f4-hal/stm32f4xx_hal.o
 .debug_macro   0x0000000000010fd5      0x272 ./system/src/stm32f4-hal/stm32f4xx_hal.o
 .debug_macro   0x0000000000011247       0x5f ./system/src/stm32f4-hal/stm32f4xx_hal.o